Archive member included because of file (symbol)

C:\Users\eitanme\AppData\Local\arduino15\packages\arduino\hardware\sam\1.6.11\variants\arduino_due_x/libsam_sam3x8e_gcc_rel.a(pio.o)
                              C:\Users\eitanme\AppData\Local\Temp\VMBuilds\EitajeAT\arduino_due_x\Debug\Wire\Wire.cpp.o (PIO_Configure)
C:\Users\eitanme\AppData\Local\arduino15\packages\arduino\hardware\sam\1.6.11\variants\arduino_due_x/libsam_sam3x8e_gcc_rel.a(pmc.o)
                              C:\Users\eitanme\AppData\Local\Temp\VMBuilds\EitajeAT\arduino_due_x\Debug\EitajeAT.cpp.o (pmc_enable_periph_clk)
C:\Users\eitanme\AppData\Local\arduino15\packages\arduino\hardware\sam\1.6.11\variants\arduino_due_x/libsam_sam3x8e_gcc_rel.a(tc.o)
                              C:\Users\eitanme\AppData\Local\Temp\VMBuilds\EitajeAT\arduino_due_x\Debug\EitajeAT.cpp.o (TC_Configure)
C:\Users\eitanme\AppData\Local\arduino15\packages\arduino\hardware\sam\1.6.11\variants\arduino_due_x/libsam_sam3x8e_gcc_rel.a(twi.o)
                              C:\Users\eitanme\AppData\Local\Temp\VMBuilds\EitajeAT\arduino_due_x\Debug\Wire\Wire.cpp.o (TWI_SetClock)
C:\Users\eitanme\AppData\Local\arduino15\packages\arduino\hardware\sam\1.6.11\variants\arduino_due_x/libsam_sam3x8e_gcc_rel.a(system_sam3xa.o)
                              C:\Users\eitanme\AppData\Local\Temp\VMBCore\arduino19x\4426d8be6bfd3aa94381621a40a1bc44\variant\variant.cpp.o (SystemInit)
C:\Users\eitanme\AppData\Local\arduino15\packages\arduino\hardware\sam\1.6.11\variants\arduino_due_x/libsam_sam3x8e_gcc_rel.a(startup_sam3xa.o)
                              (Reset_Handler)
C:\Users\eitanme\AppData\Local\arduino15\packages\arduino\hardware\sam\1.6.11\variants\arduino_due_x/libsam_sam3x8e_gcc_rel.a(adc.o)
                              C:\Users\eitanme\AppData\Local\Temp\VMBCore\arduino19x\4426d8be6bfd3aa94381621a40a1bc44\variant\variant.cpp.o (adc_init)
C:\Users\eitanme\AppData\Local\arduino15\packages\arduino\hardware\sam\1.6.11\variants\arduino_due_x/libsam_sam3x8e_gcc_rel.a(uotghs.o)
                              C:\Users\eitanme\AppData\Local\arduino15\packages\arduino\hardware\sam\1.6.11\variants\arduino_due_x/libsam_sam3x8e_gcc_rel.a(startup_sam3xa.o) (UOTGHS_Handler)
C:\Users\eitanme\AppData\Local\Temp\VMBuilds\EitajeAT\arduino_due_x\Debug/core.a(cortex_handlers.c.o)
                              C:\Users\eitanme\AppData\Local\arduino15\packages\arduino\hardware\sam\1.6.11\variants\arduino_due_x/libsam_sam3x8e_gcc_rel.a(startup_sam3xa.o) (NMI_Handler)
C:\Users\eitanme\AppData\Local\Temp\VMBuilds\EitajeAT\arduino_due_x\Debug/core.a(hooks.c.o)
                              C:\Users\eitanme\AppData\Local\Temp\VMBuilds\EitajeAT\arduino_due_x\Debug/core.a(cortex_handlers.c.o) (sysTickHook)
C:\Users\eitanme\AppData\Local\Temp\VMBuilds\EitajeAT\arduino_due_x\Debug/core.a(syscalls_sam3.c.o)
                              (_sbrk)
C:\Users\eitanme\AppData\Local\Temp\VMBuilds\EitajeAT\arduino_due_x\Debug/core.a(WInterrupts.c.o)
                              C:\Users\eitanme\AppData\Local\Temp\VMBuilds\EitajeAT\arduino_due_x\Debug\EitajeAT.cpp.o (attachInterrupt)
C:\Users\eitanme\AppData\Local\Temp\VMBuilds\EitajeAT\arduino_due_x\Debug/core.a(wiring.c.o)
                              C:\Users\eitanme\AppData\Local\Temp\VMBuilds\EitajeAT\arduino_due_x\Debug\EitajeAT.cpp.o (millis)
C:\Users\eitanme\AppData\Local\Temp\VMBuilds\EitajeAT\arduino_due_x\Debug/core.a(wiring_analog.c.o)
                              C:\Users\eitanme\AppData\Local\Temp\VMBuilds\EitajeAT\arduino_due_x\Debug\EitajeAT.cpp.o (analogReadResolution)
C:\Users\eitanme\AppData\Local\Temp\VMBuilds\EitajeAT\arduino_due_x\Debug/core.a(wiring_digital.c.o)
                              C:\Users\eitanme\AppData\Local\Temp\VMBuilds\EitajeAT\arduino_due_x\Debug\EitajeAT.cpp.o (pinMode)
C:\Users\eitanme\AppData\Local\Temp\VMBuilds\EitajeAT\arduino_due_x\Debug/core.a(abi.cpp.o)
                              C:\Users\eitanme\AppData\Local\Temp\VMBuilds\EitajeAT\arduino_due_x\Debug\EitajeAT.cpp.o (__cxa_pure_virtual)
C:\Users\eitanme\AppData\Local\Temp\VMBuilds\EitajeAT\arduino_due_x\Debug/core.a(main.cpp.o)
                              c:/users/eitanme/appdata/local/arduino15/packages/arduino/tools/arm-none-eabi-gcc/4.8.3-2014q1/bin/../lib/gcc/arm-none-eabi/4.8.3/../../../../arm-none-eabi/lib/armv7-m/crt0.o (main)
C:\Users\eitanme\AppData\Local\Temp\VMBuilds\EitajeAT\arduino_due_x\Debug/core.a(Print.cpp.o)
                              C:\Users\eitanme\AppData\Local\Temp\VMBuilds\EitajeAT\arduino_due_x\Debug\Wire\Wire.cpp.o (Print::write(unsigned char const*, unsigned int))
C:\Users\eitanme\AppData\Local\Temp\VMBuilds\EitajeAT\arduino_due_x\Debug/core.a(Reset.cpp.o)
                              C:\Users\eitanme\AppData\Local\Temp\VMBuilds\EitajeAT\arduino_due_x\Debug/core.a(cortex_handlers.c.o) (tickReset)
C:\Users\eitanme\AppData\Local\Temp\VMBuilds\EitajeAT\arduino_due_x\Debug/core.a(RingBuffer.cpp.o)
[...]
Memory Configuration

Name             Origin             Length             Attributes
rom              0x00080000         0x00080000         xr
sram0            0x20000000         0x00010000         xrw
sram1            0x20080000         0x00008000         xrw
ram              0x20070000         0x00018000         xrw
*default*        0x00000000         0xffffffff

Linker script and memory map

LOAD c:/users/eitanme/appdata/local/arduino15/packages/arduino/tools/arm-none-eabi-gcc/4.8.3-2014q1/bin/../lib/gcc/arm-none-eabi/4.8.3/armv7-m/crti.o
LOAD c:/users/eitanme/appdata/local/arduino15/packages/arduino/tools/arm-none-eabi-gcc/4.8.3-2014q1/bin/../lib/gcc/arm-none-eabi/4.8.3/armv7-m/crtbegin.o
LOAD c:/users/eitanme/appdata/local/arduino15/packages/arduino/tools/arm-none-eabi-gcc/4.8.3-2014q1/bin/../lib/gcc/arm-none-eabi/4.8.3/../../../../arm-none-eabi/lib/armv7-m/crt0.o
START GROUP
LOAD C:\Users\eitanme\AppData\Local\Temp\VMBuilds\EitajeAT\arduino_due_x\Debug\EitajeAT.cpp.o
LOAD C:\Users\eitanme\AppData\Local\Temp\VMBuilds\EitajeAT\arduino_due_x\Debug\ACROBOTIC_SSD1306\ACROBOTIC_SSD1306.cpp.o
LOAD C:\Users\eitanme\AppData\Local\Temp\VMBuilds\EitajeAT\arduino_due_x\Debug\Wire\Wire.cpp.o
LOAD C:\Users\eitanme\AppData\Local\Temp\VMBuilds\EitajeAT\arduino_due_x\Debug\Servo-1.1.2\sam\Servo.cpp.o
LOAD C:\Users\eitanme\AppData\Local\Temp\VMBuilds\EitajeAT\arduino_due_x\Debug\MsgParser\MsgParser.cpp.o
LOAD C:\Users\eitanme\AppData\Local\Temp\VMBuilds\EitajeAT\arduino_due_x\Debug\FastLED-FastLED3.1\colorpalettes.cpp.o
LOAD C:\Users\eitanme\AppData\Local\Temp\VMBuilds\EitajeAT\arduino_due_x\Debug\FastLED-FastLED3.1\colorutils.cpp.o
LOAD C:\Users\eitanme\AppData\Local\Temp\VMBuilds\EitajeAT\arduino_due_x\Debug\FastLED-FastLED3.1\FastLED.cpp.o
LOAD C:\Users\eitanme\AppData\Local\Temp\VMBuilds\EitajeAT\arduino_due_x\Debug\FastLED-FastLED3.1\hsv2rgb.cpp.o
LOAD C:\Users\eitanme\AppData\Local\Temp\VMBuilds\EitajeAT\arduino_due_x\Debug\FastLED-FastLED3.1\lib8tion.cpp.o
LOAD C:\Users\eitanme\AppData\Local\Temp\VMBuilds\EitajeAT\arduino_due_x\Debug\FastLED-FastLED3.1\noise.cpp.o
LOAD C:\Users\eitanme\AppData\Local\Temp\VMBuilds\EitajeAT\arduino_due_x\Debug\FastLED-FastLED3.1\power_mgt.cpp.o
LOAD C:\Users\eitanme\AppData\Local\Temp\VMBuilds\EitajeAT\arduino_due_x\Debug\FastLED-FastLED3.1\wiring.cpp.o
LOAD C:\Users\eitanme\AppData\Local\Temp\VMBuilds\EitajeAT\arduino_due_x\Debug\Encoder\Encoder.cpp.o
LOAD C:\Users\eitanme\AppData\Local\Temp\VMBuilds\EitajeAT\arduino_due_x\Debug\VM_DBG\VM_DBG.cpp.o
LOAD C:\Users\eitanme\AppData\Local\Temp\VMBuilds\EitajeAT\arduino_due_x\Debug\VM_DBG\VM_mem_check_sam.cpp.o
LOAD C:\Users\eitanme\AppData\Local\Temp\VMBCore\arduino19x\4426d8be6bfd3aa94381621a40a1bc44\variant\variant.cpp.o
LOAD C:\Users\eitanme\AppData\Local\arduino15\packages\arduino\hardware\sam\1.6.11\variants\arduino_due_x/libsam_sam3x8e_gcc_rel.a
LOAD C:\Users\eitanme\AppData\Local\Temp\VMBuilds\EitajeAT\arduino_due_x\Debug/core.a
END GROUP
LOAD c:/users/eitanme/appdata/local/arduino15/packages/arduino/tools/arm-none-eabi-gcc/4.8.3-2014q1/bin/../lib/gcc/arm-none-eabi/4.8.3/../../../../arm-none-eabi/lib/armv7-m\libm.a
START GROUP
LOAD c:/users/eitanme/appdata/local/arduino15/packages/arduino/tools/arm-none-eabi-gcc/4.8.3-2014q1/bin/../lib/gcc/arm-none-eabi/4.8.3/armv7-m\libgcc.a
LOAD c:/users/eitanme/appdata/local/arduino15/packages/arduino/tools/arm-none-eabi-gcc/4.8.3-2014q1/bin/../lib/gcc/arm-none-eabi/4.8.3/../../../../arm-none-eabi/lib/armv7-m\libg.a
LOAD c:/users/eitanme/appdata/local/arduino15/packages/arduino/tools/arm-none-eabi-gcc/4.8.3-2014q1/bin/../lib/gcc/arm-none-eabi/4.8.3/../../../../arm-none-eabi/lib/armv7-m\libc.a
END GROUP
LOAD c:/users/eitanme/appdata/local/arduino15/packages/arduino/tools/arm-none-eabi-gcc/4.8.3-2014q1/bin/../lib/gcc/arm-none-eabi/4.8.3/armv7-m/crtend.o
LOAD c:/users/eitanme/appdata/local/arduino15/packages/arduino/tools/arm-none-eabi-gcc/4.8.3-2014q1/bin/../lib/gcc/arm-none-eabi/4.8.3/armv7-m/crtn.o

.text           0x00080000    0x11220
                0x00080000                . = ALIGN (0x4)
                0x00080000                _sfixed = .
 *(.vectors .vectors.*)
 .vectors       0x00080000       0xf4 C:\Users\eitanme\AppData\Local\arduino15\packages\arduino\hardware\sam\1.6.11\variants\arduino_due_x/libsam_sam3x8e_gcc_rel.a(startup_sam3xa.o)
                0x00080000                exception_table
 *(.text .text.* .gnu.linkonce.t.*)
 .text          0x000800f4       0x54 c:/users/eitanme/appdata/local/arduino15/packages/arduino/tools/arm-none-eabi-gcc/4.8.3-2014q1/bin/../lib/gcc/arm-none-eabi/4.8.3/armv7-m/crtbegin.o
 .text.crc_accumulate
                0x00080148       0x1c C:\Users\eitanme\AppData\Local\Temp\VMBuilds\EitajeAT\arduino_due_x\Debug\EitajeAT.cpp.o
 .text._ZN19ClocklessControllerILh36ELi21ELi53ELi32EL6EOrder66ELi0ELb0ELi50EE9clearLedsEi
                0x00080164       0x2c C:\Users\eitanme\AppData\Local\Temp\VMBuilds\EitajeAT\arduino_due_x\Debug\EitajeAT.cpp.o
                0x00080164                ClocklessController<(unsigned char)36, 21, 53, 32, (EOrder)66, 0, false, 50>::clearLeds(int)
 .text._ZNK19ClocklessControllerILh36ELi21ELi53ELi32EL6EOrder66ELi0ELb0ELi50EE17getMaxRefreshRateEv
                0x00080190        0x6 C:\Users\eitanme\AppData\Local\Temp\VMBuilds\EitajeAT\arduino_due_x\Debug\EitajeAT.cpp.o
                0x00080190                ClocklessController<(unsigned char)36, 21, 53, 32, (EOrder)66, 0, false, 50>::getMaxRefreshRate() const
 *fill*         0x00080196        0x2 
 .text._ZN19ClocklessControllerILh36ELi21ELi53ELi32EL6EOrder66ELi0ELb0ELi50EE4initEv
                0x00080198       0x1c C:\Users\eitanme\AppData\Local\Temp\VMBuilds\EitajeAT\arduino_due_x\Debug\EitajeAT.cpp.o
                0x00080198                ClocklessController<(unsigned char)36, 21, 53, 32, (EOrder)66, 0, false, 50>::init()
 .text._Z27startOrientationCalibrationv
                0x000801b4       0x20 C:\Users\eitanme\AppData\Local\Temp\VMBuilds\EitajeAT\arduino_due_x\Debug\EitajeAT.cpp.o
                0x000801b4                startOrientationCalibration()
 .text._Z15commandNotFoundPht
                0x000801d4       0x30 C:\Users\eitanme\AppData\Local\Temp\VMBuilds\EitajeAT\arduino_due_x\Debug\EitajeAT.cpp.o
                0x000801d4                commandNotFound(unsigned char*, unsigned short)
 .text._Z4echov
                0x00080204       0x30 C:\Users\eitanme\AppData\Local\Temp\VMBuilds\EitajeAT\arduino_due_x\Debug\EitajeAT.cpp.o
                0x00080204                echo()
 .text._Z16pan_tilt_relatedv
                0x00080234       0xa4 C:\Users\eitanme\AppData\Local\Temp\VMBuilds\EitajeAT\arduino_due_x\Debug\EitajeAT.cpp.o
                0x00080234                pan_tilt_related()
 .text._Z6moveTov
                0x000802d8       0x94 C:\Users\eitanme\AppData\Local\Temp\VMBuilds\EitajeAT\arduino_due_x\Debug\EitajeAT.cpp.o
                0x000802d8                moveTo()
 .text.mavlink_parse_char.constprop.18
                0x0008036c      0x170 C:\Users\eitanme\AppData\Local\Temp\VMBuilds\EitajeAT\arduino_due_x\Debug\EitajeAT.cpp.o
 .text._ZN8CFastLED4showEv
                0x000804dc        0x6 C:\Users\eitanme\AppData\Local\Temp\VMBuilds\EitajeAT\arduino_due_x\Debug\EitajeAT.cpp.o
                0x000804dc                CFastLED::show()
 .text._ZN7Encoder6updateEP24Encoder_internal_state_t
                0x000804e2       0x5c C:\Users\eitanme\AppData\Local\Temp\VMBuilds\EitajeAT\arduino_due_x\Debug\EitajeAT.cpp.o
                0x000804e2                Encoder::update(Encoder_internal_state_t*)
 *fill*         0x0008053e        0x2 
 .text._ZN7Encoder5isr53Ev
                0x00080540       0x14 C:\Users\eitanme\AppData\Local\Temp\VMBuilds\EitajeAT\arduino_due_x\Debug\EitajeAT.cpp.o
                0x00080540                Encoder::isr53()
 .text._ZN7Encoder5isr52Ev
                0x00080554       0x14 C:\Users\eitanme\AppData\Local\Temp\VMBuilds\EitajeAT\arduino_due_x\Debug\EitajeAT.cpp.o
                0x00080554                Encoder::isr52()
 .text._ZN7Encoder5isr51Ev
                0x00080568       0x14 C:\Users\eitanme\AppData\Local\Temp\VMBuilds\EitajeAT\arduino_due_x\Debug\EitajeAT.cpp.o
                0x00080568                Encoder::isr51()
 .text._ZN7Encoder5isr50Ev
                0x0008057c       0x14 C:\Users\eitanme\AppData\Local\Temp\VMBuilds\EitajeAT\arduino_due_x\Debug\EitajeAT.cpp.o
                0x0008057c                Encoder::isr50()
 .text._ZN7Encoder5isr49Ev
                0x00080590       0x14 C:\Users\eitanme\AppData\Local\Temp\VMBuilds\EitajeAT\arduino_due_x\Debug\EitajeAT.cpp.o
                0x00080590                Encoder::isr49()
 .text._ZN7Encoder5isr48Ev
                0x000805a4       0x14 C:\Users\eitanme\AppData\Local\Temp\VMBuilds\EitajeAT\arduino_due_x\Debug\EitajeAT.cpp.o
                0x000805a4                Encoder::isr48()
 .text._ZN7Encoder5isr47Ev
                0x000805b8       0x14 C:\Users\eitanme\AppData\Local\Temp\VMBuilds\EitajeAT\arduino_due_x\Debug\EitajeAT.cpp.o
                0x000805b8                Encoder::isr47()
 .text._ZN7Encoder5isr46Ev
                0x000805cc       0x14 C:\Users\eitanme\AppData\Local\Temp\VMBuilds\EitajeAT\arduino_due_x\Debug\EitajeAT.cpp.o
                0x000805cc                Encoder::isr46()
 .text._ZN7Encoder5isr45Ev
                0x000805e0       0x14 C:\Users\eitanme\AppData\Local\Temp\VMBuilds\EitajeAT\arduino_due_x\Debug\EitajeAT.cpp.o
                0x000805e0                Encoder::isr45()
 .text._ZN7Encoder5isr44Ev
                0x000805f4       0x14 C:\Users\eitanme\AppData\Local\Temp\VMBuilds\EitajeAT\arduino_due_x\Debug\EitajeAT.cpp.o
                0x000805f4                Encoder::isr44()
 .text._ZN7Encoder5isr43Ev
                0x00080608       0x14 C:\Users\eitanme\AppData\Local\Temp\VMBuilds\EitajeAT\arduino_due_x\Debug\EitajeAT.cpp.o
                0x00080608                Encoder::isr43()
 .text._ZN7Encoder5isr42Ev
                0x0008061c       0x14 C:\Users\eitanme\AppData\Local\Temp\VMBuilds\EitajeAT\arduino_due_x\Debug\EitajeAT.cpp.o
                0x0008061c                Encoder::isr42()
 .text._ZN7Encoder5isr41Ev
                0x00080630       0x14 C:\Users\eitanme\AppData\Local\Temp\VMBuilds\EitajeAT\arduino_due_x\Debug\EitajeAT.cpp.o
                0x00080630                Encoder::isr41()
 .text._ZN7Encoder5isr40Ev
                0x00080644       0x14 C:\Users\eitanme\AppData\Local\Temp\VMBuilds\EitajeAT\arduino_due_x\Debug\EitajeAT.cpp.o
                0x00080644                Encoder::isr40()
 .text._ZN7Encoder5isr39Ev
                0x00080658       0x14 C:\Users\eitanme\AppData\Local\Temp\VMBuilds\EitajeAT\arduino_due_x\Debug\EitajeAT.cpp.o
                0x00080658                Encoder::isr39()
 .text._ZN7Encoder5isr38Ev
                0x0008066c       0x14 C:\Users\eitanme\AppData\Local\Temp\VMBuilds\EitajeAT\arduino_due_x\Debug\EitajeAT.cpp.o
                0x0008066c                Encoder::isr38()
 .text._ZN7Encoder5isr37Ev
                0x00080680       0x14 C:\Users\eitanme\AppData\Local\Temp\VMBuilds\EitajeAT\arduino_due_x\Debug\EitajeAT.cpp.o
                0x00080680                Encoder::isr37()
 .text._ZN7Encoder5isr36Ev
                0x00080694       0x14 C:\Users\eitanme\AppData\Local\Temp\VMBuilds\EitajeAT\arduino_due_x\Debug\EitajeAT.cpp.o
                0x00080694                Encoder::isr36()
 .text._ZN7Encoder5isr35Ev
                0x000806a8       0x14 C:\Users\eitanme\AppData\Local\Temp\VMBuilds\EitajeAT\arduino_due_x\Debug\EitajeAT.cpp.o
                0x000806a8                Encoder::isr35()
 .text._ZN7Encoder5isr34Ev
                0x000806bc       0x14 C:\Users\eitanme\AppData\Local\Temp\VMBuilds\EitajeAT\arduino_due_x\Debug\EitajeAT.cpp.o
                0x000806bc                Encoder::isr34()
 .text._ZN7Encoder5isr33Ev
                0x000806d0       0x14 C:\Users\eitanme\AppData\Local\Temp\VMBuilds\EitajeAT\arduino_due_x\Debug\EitajeAT.cpp.o
                0x000806d0                Encoder::isr33()
 .text._ZN7Encoder5isr32Ev
                0x000806e4       0x14 C:\Users\eitanme\AppData\Local\Temp\VMBuilds\EitajeAT\arduino_due_x\Debug\EitajeAT.cpp.o
                0x000806e4                Encoder::isr32()
 .text._ZN7Encoder5isr31Ev
                0x000806f8       0x10 C:\Users\eitanme\AppData\Local\Temp\VMBuilds\EitajeAT\arduino_due_x\Debug\EitajeAT.cpp.o
                0x000806f8                Encoder::isr31()
 .text._ZN7Encoder5isr30Ev
                0x00080708       0x10 C:\Users\eitanme\AppData\Local\Temp\VMBuilds\EitajeAT\arduino_due_x\Debug\EitajeAT.cpp.o
                0x00080708                Encoder::isr30()
 .text._ZN7Encoder5isr29Ev
                0x00080718       0x10 C:\Users\eitanme\AppData\Local\Temp\VMBuilds\EitajeAT\arduino_due_x\Debug\EitajeAT.cpp.o
                0x00080718                Encoder::isr29()
 .text._ZN7Encoder5isr28Ev
                0x00080728       0x10 C:\Users\eitanme\AppData\Local\Temp\VMBuilds\EitajeAT\arduino_due_x\Debug\EitajeAT.cpp.o
                0x00080728                Encoder::isr28()
 .text._ZN7Encoder5isr27Ev
                0x00080738       0x10 C:\Users\eitanme\AppData\Local\Temp\VMBuilds\EitajeAT\arduino_due_x\Debug\EitajeAT.cpp.o
                0x00080738                Encoder::isr27()
 .text._ZN7Encoder5isr26Ev
                0x00080748       0x10 C:\Users\eitanme\AppData\Local\Temp\VMBuilds\EitajeAT\arduino_due_x\Debug\EitajeAT.cpp.o
                0x00080748                Encoder::isr26()
 .text._ZN7Encoder5isr25Ev
                0x00080758       0x10 C:\Users\eitanme\AppData\Local\Temp\VMBuilds\EitajeAT\arduino_due_x\Debug\EitajeAT.cpp.o
                0x00080758                Encoder::isr25()
 .text._ZN7Encoder5isr24Ev
                0x00080768       0x10 C:\Users\eitanme\AppData\Local\Temp\VMBuilds\EitajeAT\arduino_due_x\Debug\EitajeAT.cpp.o
                0x00080768                Encoder::isr24()
 .text._ZN7Encoder5isr23Ev
                0x00080778       0x10 C:\Users\eitanme\AppData\Local\Temp\VMBuilds\EitajeAT\arduino_due_x\Debug\EitajeAT.cpp.o
                0x00080778                Encoder::isr23()
 .text._ZN7Encoder5isr22Ev
                0x00080788       0x10 C:\Users\eitanme\AppData\Local\Temp\VMBuilds\EitajeAT\arduino_due_x\Debug\EitajeAT.cpp.o
                0x00080788                Encoder::isr22()
 .text._ZN7Encoder5isr21Ev
                0x00080798       0x10 C:\Users\eitanme\AppData\Local\Temp\VMBuilds\EitajeAT\arduino_due_x\Debug\EitajeAT.cpp.o
                0x00080798                Encoder::isr21()
 .text._ZN7Encoder5isr20Ev
                0x000807a8       0x10 C:\Users\eitanme\AppData\Local\Temp\VMBuilds\EitajeAT\arduino_due_x\Debug\EitajeAT.cpp.o
                0x000807a8                Encoder::isr20()
 .text._ZN7Encoder5isr19Ev
                0x000807b8       0x10 C:\Users\eitanme\AppData\Local\Temp\VMBuilds\EitajeAT\arduino_due_x\Debug\EitajeAT.cpp.o
                0x000807b8                Encoder::isr19()
 .text._ZN7Encoder5isr18Ev
                0x000807c8       0x10 C:\Users\eitanme\AppData\Local\Temp\VMBuilds\EitajeAT\arduino_due_x\Debug\EitajeAT.cpp.o
                0x000807c8                Encoder::isr18()
 .text._ZN7Encoder5isr17Ev
                0x000807d8       0x10 C:\Users\eitanme\AppData\Local\Temp\VMBuilds\EitajeAT\arduino_due_x\Debug\EitajeAT.cpp.o
                0x000807d8                Encoder::isr17()
 .text._ZN7Encoder5isr16Ev
                0x000807e8       0x10 C:\Users\eitanme\AppData\Local\Temp\VMBuilds\EitajeAT\arduino_due_x\Debug\EitajeAT.cpp.o
                0x000807e8                Encoder::isr16()
 .text._ZN7Encoder5isr15Ev
                0x000807f8       0x10 C:\Users\eitanme\AppData\Local\Temp\VMBuilds\EitajeAT\arduino_due_x\Debug\EitajeAT.cpp.o
                0x000807f8                Encoder::isr15()
 .text._ZN7Encoder5isr14Ev
                0x00080808       0x10 C:\Users\eitanme\AppData\Local\Temp\VMBuilds\EitajeAT\arduino_due_x\Debug\EitajeAT.cpp.o
                0x00080808                Encoder::isr14()
 .text._ZN7Encoder5isr13Ev
                0x00080818       0x10 C:\Users\eitanme\AppData\Local\Temp\VMBuilds\EitajeAT\arduino_due_x\Debug\EitajeAT.cpp.o
                0x00080818                Encoder::isr13()
 .text._ZN7Encoder5isr12Ev
                0x00080828       0x10 C:\Users\eitanme\AppData\Local\Temp\VMBuilds\EitajeAT\arduino_due_x\Debug\EitajeAT.cpp.o
                0x00080828                Encoder::isr12()
 .text._ZN7Encoder5isr11Ev
                0x00080838       0x10 C:\Users\eitanme\AppData\Local\Temp\VMBuilds\EitajeAT\arduino_due_x\Debug\EitajeAT.cpp.o
                0x00080838                Encoder::isr11()
 .text._ZN7Encoder5isr10Ev
                0x00080848       0x10 C:\Users\eitanme\AppData\Local\Temp\VMBuilds\EitajeAT\arduino_due_x\Debug\EitajeAT.cpp.o
                0x00080848                Encoder::isr10()
 .text._ZN7Encoder4isr9Ev
                0x00080858       0x10 C:\Users\eitanme\AppData\Local\Temp\VMBuilds\EitajeAT\arduino_due_x\Debug\EitajeAT.cpp.o
                0x00080858                Encoder::isr9()
 .text._ZN7Encoder4isr8Ev
                0x00080868       0x10 C:\Users\eitanme\AppData\Local\Temp\VMBuilds\EitajeAT\arduino_due_x\Debug\EitajeAT.cpp.o
                0x00080868                Encoder::isr8()
 .text._ZN7Encoder4isr7Ev
                0x00080878       0x10 C:\Users\eitanme\AppData\Local\Temp\VMBuilds\EitajeAT\arduino_due_x\Debug\EitajeAT.cpp.o
                0x00080878                Encoder::isr7()
 .text._ZN7Encoder4isr6Ev
                0x00080888       0x10 C:\Users\eitanme\AppData\Local\Temp\VMBuilds\EitajeAT\arduino_due_x\Debug\EitajeAT.cpp.o
                0x00080888                Encoder::isr6()
 .text._ZN7Encoder4isr5Ev
                0x00080898       0x10 C:\Users\eitanme\AppData\Local\Temp\VMBuilds\EitajeAT\arduino_due_x\Debug\EitajeAT.cpp.o
                0x00080898                Encoder::isr5()
 .text._ZN7Encoder4isr4Ev
                0x000808a8       0x10 C:\Users\eitanme\AppData\Local\Temp\VMBuilds\EitajeAT\arduino_due_x\Debug\EitajeAT.cpp.o
                0x000808a8                Encoder::isr4()
 .text._ZN7Encoder4isr3Ev
                0x000808b8       0x10 C:\Users\eitanme\AppData\Local\Temp\VMBuilds\EitajeAT\arduino_due_x\Debug\EitajeAT.cpp.o
                0x000808b8                Encoder::isr3()
 .text._ZN7Encoder4isr2Ev
                0x000808c8       0x10 C:\Users\eitanme\AppData\Local\Temp\VMBuilds\EitajeAT\arduino_due_x\Debug\EitajeAT.cpp.o
                0x000808c8                Encoder::isr2()
 .text._ZN7Encoder4isr1Ev
                0x000808d8       0x10 C:\Users\eitanme\AppData\Local\Temp\VMBuilds\EitajeAT\arduino_due_x\Debug\EitajeAT.cpp.o
                0x000808d8                Encoder::isr1()
 .text._ZN7Encoder4isr0Ev
                0x000808e8       0x10 C:\Users\eitanme\AppData\Local\Temp\VMBuilds\EitajeAT\arduino_due_x\Debug\EitajeAT.cpp.o
                0x000808e8                Encoder::isr0()
 .text._ZN7Encoder16attach_interruptEhP24Encoder_internal_state_t
                0x000808f8      0x3ac C:\Users\eitanme\AppData\Local\Temp\VMBuilds\EitajeAT\arduino_due_x\Debug\EitajeAT.cpp.o
                0x000808f8                Encoder::attach_interrupt(unsigned char, Encoder_internal_state_t*)
 *fill*         0x00080ca4        0x4 
 .text._Z18getEncoderPositionv
                0x00080ca8       0x68 C:\Users\eitanme\AppData\Local\Temp\VMBuilds\EitajeAT\arduino_due_x\Debug\EitajeAT.cpp.o
                0x00080ca8                getEncoderPosition()
 .text._Z16Mav_Request_Datav
                0x00080d10       0xcc C:\Users\eitanme\AppData\Local\Temp\VMBuilds\EitajeAT\arduino_due_x\Debug\EitajeAT.cpp.o
                0x00080d10                Mav_Request_Data()
 .text._Z16updateSmartTimerP10SmartTimer
                0x00080ddc       0x20 C:\Users\eitanme\AppData\Local\Temp\VMBuilds\EitajeAT\arduino_due_x\Debug\EitajeAT.cpp.o
                0x00080ddc                updateSmartTimer(SmartTimer*)
 .text._Z15printStatisticsv
                0x00080dfc      0x1b8 C:\Users\eitanme\AppData\Local\Temp\VMBuilds\EitajeAT\arduino_due_x\Debug\EitajeAT.cpp.o
                0x00080dfc                printStatistics()
 .text._Z9LCD_setupv
                0x00080fb4       0x4c C:\Users\eitanme\AppData\Local\Temp\VMBuilds\EitajeAT\arduino_due_x\Debug\EitajeAT.cpp.o
                0x00080fb4                LCD_setup()
 .text._Z26led_buzz_starting_sequencev
                0x00081000       0x5c C:\Users\eitanme\AppData\Local\Temp\VMBuilds\EitajeAT\arduino_due_x\Debug\EitajeAT.cpp.o
                0x00081000                led_buzz_starting_sequence()
 .text._Z9shortBeepi
                0x0008105c       0x34 C:\Users\eitanme\AppData\Local\Temp\VMBuilds\EitajeAT\arduino_due_x\Debug\EitajeAT.cpp.o
                0x0008105c                shortBeep(int)
 .text._Z18updateSysStateLedsv
                0x00081090      0x220 C:\Users\eitanme\AppData\Local\Temp\VMBuilds\EitajeAT\arduino_due_x\Debug\EitajeAT.cpp.o
                0x00081090                updateSysStateLeds()
 .text._Z11PID_controlv
                0x000812b0      0x338 C:\Users\eitanme\AppData\Local\Temp\VMBuilds\EitajeAT\arduino_due_x\Debug\EitajeAT.cpp.o
                0x000812b0                PID_control()
 .text._Z9course_toffff
                0x000815e8      0x178 C:\Users\eitanme\AppData\Local\Temp\VMBuilds\EitajeAT\arduino_due_x\Debug\EitajeAT.cpp.o
                0x000815e8                course_to(float, float, float, float)
 .text._Z16distance_betweenffff
                0x00081760      0x160 C:\Users\eitanme\AppData\Local\Temp\VMBuilds\EitajeAT\arduino_due_x\Debug\EitajeAT.cpp.o
                0x00081760                distance_between(float, float, float, float)
 .text._Z31calc_plane_tracking_coordinatesv
                0x000818c0      0x188 C:\Users\eitanme\AppData\Local\Temp\VMBuilds\EitajeAT\arduino_due_x\Debug\EitajeAT.cpp.o
                0x000818c0                calc_plane_tracking_coordinates()
 .text._Z7getBattv
                0x00081a48       0x58 C:\Users\eitanme\AppData\Local\Temp\VMBuilds\EitajeAT\arduino_due_x\Debug\EitajeAT.cpp.o
                0x00081a48                getBatt()
 .text._Z17gotoMagneticNorthv
                0x00081aa0      0x100 C:\Users\eitanme\AppData\Local\Temp\VMBuilds\EitajeAT\arduino_due_x\Debug\EitajeAT.cpp.o
                0x00081aa0                gotoMagneticNorth()
 .text.loop     0x00081ba0      0x1c4 C:\Users\eitanme\AppData\Local\Temp\VMBuilds\EitajeAT\arduino_due_x\Debug\EitajeAT.cpp.o
                0x00081ba0                loop
 .text._ZN8CMinWaitILi50EE4waitEv
                0x00081d64       0x14 C:\Users\eitanme\AppData\Local\Temp\VMBuilds\EitajeAT\arduino_due_x\Debug\EitajeAT.cpp.o
                0x00081d64                CMinWait<50>::wait()
 .text._ZN19ClocklessControllerILh36ELi21ELi53ELi32EL6EOrder66ELi0ELb0ELi50EE15showRGBInternalER15PixelControllerILS0_66EE
                0x00081d78      0x1c4 C:\Users\eitanme\AppData\Local\Temp\VMBuilds\EitajeAT\arduino_due_x\Debug\EitajeAT.cpp.o
                0x00081d78                ClocklessController<(unsigned char)36, 21, 53, 32, (EOrder)66, 0, false, 50>::showRGBInternal(PixelController<(EOrder)66>&)
 .text._ZN15PixelControllerIL6EOrder66EE21init_binary_ditheringEv
                0x00081f3c       0x60 C:\Users\eitanme\AppData\Local\Temp\VMBuilds\EitajeAT\arduino_due_x\Debug\EitajeAT.cpp.o
                0x00081f3c                PixelController<(EOrder)66>::init_binary_dithering()
 .text._ZN19ClocklessControllerILh36ELi21ELi53ELi32EL6EOrder66ELi0ELb0ELi50EE9showColorERK4CRGBiS2_
                0x00081f9c       0x62 C:\Users\eitanme\AppData\Local\Temp\VMBuilds\EitajeAT\arduino_due_x\Debug\EitajeAT.cpp.o
                0x00081f9c                ClocklessController<(unsigned char)36, 21, 53, 32, (EOrder)66, 0, false, 50>::showColor(CRGB const&, int, CRGB)
 .text._ZN19ClocklessControllerILh36ELi21ELi53ELi32EL6EOrder66ELi0ELb0ELi50EE4showEPK4CRGBiS2_
                0x00081ffe       0x62 C:\Users\eitanme\AppData\Local\Temp\VMBuilds\EitajeAT\arduino_due_x\Debug\EitajeAT.cpp.o
                0x00081ffe                ClocklessController<(unsigned char)36, 21, 53, 32, (EOrder)66, 0, false, 50>::show(CRGB const*, int, CRGB)
 .text.startup._GLOBAL__sub_I_hdg_cal
                0x00082060       0xb0 C:\Users\eitanme\AppData\Local\Temp\VMBuilds\EitajeAT\arduino_due_x\Debug\EitajeAT.cpp.o
 .text._Z12serialEvent1v
                0x00082110      0x1f8 C:\Users\eitanme\AppData\Local\Temp\VMBuilds\EitajeAT\arduino_due_x\Debug\EitajeAT.cpp.o
                0x00082110                serialEvent1()
 .text._Z12serialEvent2v
                0x00082308      0x13c C:\Users\eitanme\AppData\Local\Temp\VMBuilds\EitajeAT\arduino_due_x\Debug\EitajeAT.cpp.o
                0x00082308                serialEvent2()
 .text._Z8sendData6Stringib
                0x00082444       0x5c C:\Users\eitanme\AppData\Local\Temp\VMBuilds\EitajeAT\arduino_due_x\Debug\EitajeAT.cpp.o
                0x00082444                sendData(String, int, bool)
 .text._Z14establish_commv
                0x000824a0      0x258 C:\Users\eitanme\AppData\Local\Temp\VMBuilds\EitajeAT\arduino_due_x\Debug\EitajeAT.cpp.o
                0x000824a0                establish_comm()
 .text.setup    0x000826f8      0x23c C:\Users\eitanme\AppData\Local\Temp\VMBuilds\EitajeAT\arduino_due_x\Debug\EitajeAT.cpp.o
                0x000826f8                setup
 .text._ZN7TwoWire5writeEi
                0x00082934        0xc C:\Users\eitanme\AppData\Local\Temp\VMBuilds\EitajeAT\arduino_due_x\Debug\ACROBOTIC_SSD1306\ACROBOTIC_SSD1306.cpp.o
                0x00082934                TwoWire::write(int)
 .text.startup._GLOBAL__sub_I__ZN17ACROBOTIC_SSD13064initEv
                0x00082940        0xc C:\Users\eitanme\AppData\Local\Temp\VMBuilds\EitajeAT\arduino_due_x\Debug\ACROBOTIC_SSD1306\ACROBOTIC_SSD1306.cpp.o
 .text._ZN17ACROBOTIC_SSD130611sendCommandEh
                0x0008294c       0x2c C:\Users\eitanme\AppData\Local\Temp\VMBuilds\EitajeAT\arduino_due_x\Debug\ACROBOTIC_SSD1306\ACROBOTIC_SSD1306.cpp.o
                0x0008294c                ACROBOTIC_SSD1306::sendCommand(unsigned char)
 .text._ZN17ACROBOTIC_SSD130617setHorizontalModeEv
                0x00082978       0x1a C:\Users\eitanme\AppData\Local\Temp\VMBuilds\EitajeAT\arduino_due_x\Debug\ACROBOTIC_SSD1306\ACROBOTIC_SSD1306.cpp.o
                0x00082978                ACROBOTIC_SSD1306::setHorizontalMode()
 .text._ZN17ACROBOTIC_SSD130611setPageModeEv
                0x00082992       0x1a C:\Users\eitanme\AppData\Local\Temp\VMBuilds\EitajeAT\arduino_due_x\Debug\ACROBOTIC_SSD1306\ACROBOTIC_SSD1306.cpp.o
                0x00082992                ACROBOTIC_SSD1306::setPageMode()
 .text._ZN17ACROBOTIC_SSD13069setTextXYEhh
                0x000829ac       0x30 C:\Users\eitanme\AppData\Local\Temp\VMBuilds\EitajeAT\arduino_due_x\Debug\ACROBOTIC_SSD1306\ACROBOTIC_SSD1306.cpp.o
                0x000829ac                ACROBOTIC_SSD1306::setTextXY(unsigned char, unsigned char)
 .text._ZN17ACROBOTIC_SSD13068sendDataEh
                0x000829dc       0x2c C:\Users\eitanme\AppData\Local\Temp\VMBuilds\EitajeAT\arduino_due_x\Debug\ACROBOTIC_SSD1306\ACROBOTIC_SSD1306.cpp.o
                0x000829dc                ACROBOTIC_SSD1306::sendData(unsigned char)
 .text._ZN17ACROBOTIC_SSD13067putCharEh
                0x00082a08       0x3e C:\Users\eitanme\AppData\Local\Temp\VMBuilds\EitajeAT\arduino_due_x\Debug\ACROBOTIC_SSD1306\ACROBOTIC_SSD1306.cpp.o
                0x00082a08                ACROBOTIC_SSD1306::putChar(unsigned char)
 .text._ZN17ACROBOTIC_SSD130612clearDisplayEv
                0x00082a46       0x44 C:\Users\eitanme\AppData\Local\Temp\VMBuilds\EitajeAT\arduino_due_x\Debug\ACROBOTIC_SSD1306\ACROBOTIC_SSD1306.cpp.o
                0x00082a46                ACROBOTIC_SSD1306::clearDisplay()
 *fill*         0x00082a8a        0x2 
 .text._ZN17ACROBOTIC_SSD13064initEv
                0x00082a8c      0x100 C:\Users\eitanme\AppData\Local\Temp\VMBuilds\EitajeAT\arduino_due_x\Debug\ACROBOTIC_SSD1306\ACROBOTIC_SSD1306.cpp.o
                0x00082a8c                ACROBOTIC_SSD1306::init()
 .text._ZN17ACROBOTIC_SSD130610drawBitmapEPhi
                0x00082b8c       0x3a C:\Users\eitanme\AppData\Local\Temp\VMBuilds\EitajeAT\arduino_due_x\Debug\ACROBOTIC_SSD1306\ACROBOTIC_SSD1306.cpp.o
                0x00082b8c                ACROBOTIC_SSD1306::drawBitmap(unsigned char*, int)
 .text._ZN7TwoWire5writeEPKhj
                0x00082bc6       0x50 C:\Users\eitanme\AppData\Local\Temp\VMBuilds\EitajeAT\arduino_due_x\Debug\Wire\Wire.cpp.o
                0x00082bc6                TwoWire::write(unsigned char const*, unsigned int)
 .text._ZN7TwoWire9availableEv
                0x00082c16        0xc C:\Users\eitanme\AppData\Local\Temp\VMBuilds\EitajeAT\arduino_due_x\Debug\Wire\Wire.cpp.o
                0x00082c16                TwoWire::available()
 .text._ZN7TwoWire4readEv
                0x00082c22       0x1e C:\Users\eitanme\AppData\Local\Temp\VMBuilds\EitajeAT\arduino_due_x\Debug\Wire\Wire.cpp.o
                0x00082c22                TwoWire::read()
 .text._ZN7TwoWire4peekEv
                0x00082c40       0x16 C:\Users\eitanme\AppData\Local\Temp\VMBuilds\EitajeAT\arduino_due_x\Debug\Wire\Wire.cpp.o
                0x00082c40                TwoWire::peek()
 .text._ZN7TwoWire5flushEv
                0x00082c56        0x2 C:\Users\eitanme\AppData\Local\Temp\VMBuilds\EitajeAT\arduino_due_x\Debug\Wire\Wire.cpp.o
                0x00082c56                TwoWire::flush()
 .text._ZN7TwoWire5writeEh
                0x00082c58       0x3a C:\Users\eitanme\AppData\Local\Temp\VMBuilds\EitajeAT\arduino_due_x\Debug\Wire\Wire.cpp.o
                0x00082c58                TwoWire::write(unsigned char)
 *fill*         0x00082c92        0x2 
 .text._ZL16TWI_WaitByteSentP3Twim.constprop.3
                0x00082c94       0x2c C:\Users\eitanme\AppData\Local\Temp\VMBuilds\EitajeAT\arduino_due_x\Debug\Wire\Wire.cpp.o
 .text._ZL24TWI_WaitTransferCompleteP3Twim.constprop.4
                0x00082cc0       0x2c C:\Users\eitanme\AppData\Local\Temp\VMBuilds\EitajeAT\arduino_due_x\Debug\Wire\Wire.cpp.o
 .text._ZL9Wire_Initv
                0x00082cec       0x54 C:\Users\eitanme\AppData\Local\Temp\VMBuilds\EitajeAT\arduino_due_x\Debug\Wire\Wire.cpp.o
 .text._ZL12Wire1_Deinitv
                0x00082d40       0x18 C:\Users\eitanme\AppData\Local\Temp\VMBuilds\EitajeAT\arduino_due_x\Debug\Wire\Wire.cpp.o
 .text._ZL11Wire_Deinitv
                0x00082d58       0x18 C:\Users\eitanme\AppData\Local\Temp\VMBuilds\EitajeAT\arduino_due_x\Debug\Wire\Wire.cpp.o
 .text._ZL10Wire1_Initv
                0x00082d70       0x54 C:\Users\eitanme\AppData\Local\Temp\VMBuilds\EitajeAT\arduino_due_x\Debug\Wire\Wire.cpp.o
 .text._ZN7TwoWireC2EP3TwiPFvvES3_
                0x00082dc4       0x48 C:\Users\eitanme\AppData\Local\Temp\VMBuilds\EitajeAT\arduino_due_x\Debug\Wire\Wire.cpp.o
                0x00082dc4                TwoWire::TwoWire(Twi*, void (*)(), void (*)())
                0x00082dc4                TwoWire::TwoWire(Twi*, void (*)(), void (*)())
 .text._ZN7TwoWire5beginEv
                0x00082e0c       0x30 C:\Users\eitanme\AppData\Local\Temp\VMBuilds\EitajeAT\arduino_due_x\Debug\Wire\Wire.cpp.o
                0x00082e0c                TwoWire::begin()
 .text._ZN7TwoWire17beginTransmissionEi
                0x00082e3c       0x12 C:\Users\eitanme\AppData\Local\Temp\VMBuilds\EitajeAT\arduino_due_x\Debug\Wire\Wire.cpp.o
                0x00082e3c                TwoWire::beginTransmission(int)
 .text._ZN7TwoWire15endTransmissionEh
                0x00082e4e       0x82 C:\Users\eitanme\AppData\Local\Temp\VMBuilds\EitajeAT\arduino_due_x\Debug\Wire\Wire.cpp.o
                0x00082e4e                TwoWire::endTransmission(unsigned char)
 .text._ZN7TwoWire15endTransmissionEv
                0x00082ed0        0x6 C:\Users\eitanme\AppData\Local\Temp\VMBuilds\EitajeAT\arduino_due_x\Debug\Wire\Wire.cpp.o
                0x00082ed0                TwoWire::endTransmission()
 .text._ZN7TwoWire9onServiceEv
                0x00082ed6      0x118 C:\Users\eitanme\AppData\Local\Temp\VMBuilds\EitajeAT\arduino_due_x\Debug\Wire\Wire.cpp.o
                0x00082ed6                TwoWire::onService()
 *fill*         0x00082fee        0x2 
 .text.TWI1_Handler
                0x00082ff0        0xc C:\Users\eitanme\AppData\Local\Temp\VMBuilds\EitajeAT\arduino_due_x\Debug\Wire\Wire.cpp.o
                0x00082ff0                TWI1_Handler
 .text.TWI0_Handler
                0x00082ffc        0xc C:\Users\eitanme\AppData\Local\Temp\VMBuilds\EitajeAT\arduino_due_x\Debug\Wire\Wire.cpp.o
                0x00082ffc                TWI0_Handler
 .text.startup._GLOBAL__sub_I__ZN7TwoWireC2EP3TwiPFvvES3_
                0x00083008       0x40 C:\Users\eitanme\AppData\Local\Temp\VMBuilds\EitajeAT\arduino_due_x\Debug\Wire\Wire.cpp.o
 .text._ZL8_initISRP2Tcmm4IRQn
                0x00083048       0x50 C:\Users\eitanme\AppData\Local\Temp\VMBuilds\EitajeAT\arduino_due_x\Debug\Servo-1.1.2\sam\Servo.cpp.o
 .text._Z13Servo_Handler18timer16_Sequence_tP2Tch
                0x00083098      0x10c C:\Users\eitanme\AppData\Local\Temp\VMBuilds\EitajeAT\arduino_due_x\Debug\Servo-1.1.2\sam\Servo.cpp.o
                0x00083098                Servo_Handler(timer16_Sequence_t, Tc*, unsigned char)
 .text.TC3_Handler
                0x000831a4       0x10 C:\Users\eitanme\AppData\Local\Temp\VMBuilds\EitajeAT\arduino_due_x\Debug\Servo-1.1.2\sam\Servo.cpp.o
                0x000831a4                TC3_Handler
 .text.TC4_Handler
                0x000831b4       0x10 C:\Users\eitanme\AppData\Local\Temp\VMBuilds\EitajeAT\arduino_due_x\Debug\Servo-1.1.2\sam\Servo.cpp.o
                0x000831b4                TC4_Handler
 .text.TC5_Handler
                0x000831c4       0x10 C:\Users\eitanme\AppData\Local\Temp\VMBuilds\EitajeAT\arduino_due_x\Debug\Servo-1.1.2\sam\Servo.cpp.o
                0x000831c4                TC5_Handler
 .text.TC2_Handler
                0x000831d4       0x10 C:\Users\eitanme\AppData\Local\Temp\VMBuilds\EitajeAT\arduino_due_x\Debug\Servo-1.1.2\sam\Servo.cpp.o
                0x000831d4                TC2_Handler
 .text.TC0_Handler
                0x000831e4       0x10 C:\Users\eitanme\AppData\Local\Temp\VMBuilds\EitajeAT\arduino_due_x\Debug\Servo-1.1.2\sam\Servo.cpp.o
                0x000831e4                TC0_Handler
 .text._ZN5ServoC2Ev
                0x000831f4       0x40 C:\Users\eitanme\AppData\Local\Temp\VMBuilds\EitajeAT\arduino_due_x\Debug\Servo-1.1.2\sam\Servo.cpp.o
                0x000831f4                Servo::Servo()
                0x000831f4                Servo::Servo()
 .text._ZN5Servo6attachEiii
                0x00083234       0xb8 C:\Users\eitanme\AppData\Local\Temp\VMBuilds\EitajeAT\arduino_due_x\Debug\Servo-1.1.2\sam\Servo.cpp.o
                0x00083234                Servo::attach(int, int, int)
 .text._ZN5Servo6attachEi
                0x000832ec        0xc C:\Users\eitanme\AppData\Local\Temp\VMBuilds\EitajeAT\arduino_due_x\Debug\Servo-1.1.2\sam\Servo.cpp.o
                0x000832ec                Servo::attach(int)
 .text._ZN5Servo17writeMicrosecondsEi
                0x000832f8       0x4c C:\Users\eitanme\AppData\Local\Temp\VMBuilds\EitajeAT\arduino_due_x\Debug\Servo-1.1.2\sam\Servo.cpp.o
                0x000832f8                Servo::writeMicroseconds(int)
 .text._ZN5Servo5writeEi
                0x00083344       0x42 C:\Users\eitanme\AppData\Local\Temp\VMBuilds\EitajeAT\arduino_due_x\Debug\Servo-1.1.2\sam\Servo.cpp.o
                0x00083344                Servo::write(int)
 .text._ZN9MsgParser8setTableEPK11FuncEntry_th
                0x00083386        0xc C:\Users\eitanme\AppData\Local\Temp\VMBuilds\EitajeAT\arduino_due_x\Debug\MsgParser\MsgParser.cpp.o
                0x00083386                MsgParser::setTable(FuncEntry_t const*, unsigned char)
 .text._ZN9MsgParser15useStartByteSetEb
                0x00083392       0x14 C:\Users\eitanme\AppData\Local\Temp\VMBuilds\EitajeAT\arduino_due_x\Debug\MsgParser\MsgParser.cpp.o
                0x00083392                MsgParser::useStartByteSet(bool)
 .text._ZN9MsgParserC2Ev
                0x000833a6       0x54 C:\Users\eitanme\AppData\Local\Temp\VMBuilds\EitajeAT\arduino_due_x\Debug\MsgParser\MsgParser.cpp.o
                0x000833a6                MsgParser::MsgParser()
                0x000833a6                MsgParser::MsgParser()
 .text._ZN9MsgParser24setHandlerForCmdNotFoundEPFvPhtE
                0x000833fa        0x6 C:\Users\eitanme\AppData\Local\Temp\VMBuilds\EitajeAT\arduino_due_x\Debug\MsgParser\MsgParser.cpp.o
                0x000833fa                MsgParser::setHandlerForCmdNotFound(void (*)(unsigned char*, unsigned short))
 .text._ZN9MsgParser10setEndByteEh
                0x00083400        0x6 C:\Users\eitanme\AppData\Local\Temp\VMBuilds\EitajeAT\arduino_due_x\Debug\MsgParser\MsgParser.cpp.o
                0x00083400                MsgParser::setEndByte(unsigned char)
 *fill*         0x00083406        0x2 
 .text._ZN9MsgParser6getIntEv
                0x00083408       0x20 C:\Users\eitanme\AppData\Local\Temp\VMBuilds\EitajeAT\arduino_due_x\Debug\MsgParser\MsgParser.cpp.o
                0x00083408                MsgParser::getInt()
 .text._ZN9MsgParser14clearTheBufferEv
                0x00083428       0x12 C:\Users\eitanme\AppData\Local\Temp\VMBuilds\EitajeAT\arduino_due_x\Debug\MsgParser\MsgParser.cpp.o
                0x00083428                MsgParser::clearTheBuffer()
 *fill*         0x0008343a        0x2 
 .text._ZN9MsgParser11processByteEh
                0x0008343c       0xdc C:\Users\eitanme\AppData\Local\Temp\VMBuilds\EitajeAT\arduino_due_x\Debug\MsgParser\MsgParser.cpp.o
                0x0008343c                MsgParser::processByte(unsigned char)
 .text._ZN14CLEDController13getAdjustmentEh
                0x00083518       0x2c C:\Users\eitanme\AppData\Local\Temp\VMBuilds\EitajeAT\arduino_due_x\Debug\FastLED-FastLED3.1\FastLED.cpp.o
                0x00083518                CLEDController::getAdjustment(unsigned char)
 .text._ZN8CFastLED9clearDataEv
                0x00083544       0x24 C:\Users\eitanme\AppData\Local\Temp\VMBuilds\EitajeAT\arduino_due_x\Debug\FastLED-FastLED3.1\FastLED.cpp.o
                0x00083544                CFastLED::clearData()
 .text._ZN8CFastLED8countFPSEi
                0x00083568       0x3c C:\Users\eitanme\AppData\Local\Temp\VMBuilds\EitajeAT\arduino_due_x\Debug\FastLED-FastLED3.1\FastLED.cpp.o
                0x00083568                CFastLED::countFPS(int)
 .text._ZN8CFastLED4showEh
                0x000835a4       0x74 C:\Users\eitanme\AppData\Local\Temp\VMBuilds\EitajeAT\arduino_due_x\Debug\FastLED-FastLED3.1\FastLED.cpp.o
                0x000835a4                CFastLED::show(unsigned char)
 .text._ZN8CFastLED17setMaxRefreshRateEtb
                0x00083618       0x28 C:\Users\eitanme\AppData\Local\Temp\VMBuilds\EitajeAT\arduino_due_x\Debug\FastLED-FastLED3.1\FastLED.cpp.o
                0x00083618                CFastLED::setMaxRefreshRate(unsigned short, bool)
 .text._ZN8CFastLED7addLedsEP14CLEDControllerP4CRGBii
                0x00083640       0x3c C:\Users\eitanme\AppData\Local\Temp\VMBuilds\EitajeAT\arduino_due_x\Debug\FastLED-FastLED3.1\FastLED.cpp.o
                0x00083640                CFastLED::addLeds(CLEDController*, CRGB*, int, int)
 .text.startup._GLOBAL__sub_I_fuckit
                0x0008367c       0x10 C:\Users\eitanme\AppData\Local\Temp\VMBuilds\EitajeAT\arduino_due_x\Debug\FastLED-FastLED3.1\FastLED.cpp.o
 .text._ZN16VisualMicroDebug16DBG_YieldAndWaitEmb
                0x0008368c       0x1a C:\Users\eitanme\AppData\Local\Temp\VMBuilds\EitajeAT\arduino_due_x\Debug\VM_DBG\VM_DBG.cpp.o
                0x0008368c                VisualMicroDebug::DBG_YieldAndWait(unsigned long, bool)
 .text._ZN16VisualMicroDebug16DBG_YieldAndWaitEm
                0x000836a6        0x6 C:\Users\eitanme\AppData\Local\Temp\VMBuilds\EitajeAT\arduino_due_x\Debug\VM_DBG\VM_DBG.cpp.o
                0x000836a6                VisualMicroDebug::DBG_YieldAndWait(unsigned long)
 .text._ZN16VisualMicroDebug10DBG_MillisEv
                0x000836ac        0x4 C:\Users\eitanme\AppData\Local\Temp\VMBuilds\EitajeAT\arduino_due_x\Debug\VM_DBG\VM_DBG.cpp.o
                0x000836ac                VisualMicroDebug::DBG_Millis()
 .text._ZN16VisualMicroDebug17OnBreakPointBeginEm
                0x000836b0       0x16 C:\Users\eitanme\AppData\Local\Temp\VMBuilds\EitajeAT\arduino_due_x\Debug\VM_DBG\VM_DBG.cpp.o
                0x000836b0                VisualMicroDebug::OnBreakPointBegin(unsigned long)
 *fill*         0x000836c6        0x2 
 .text._ZN16VisualMicroDebug22OnBreakPointPrintBeginEh
                0x000836c8       0x6c C:\Users\eitanme\AppData\Local\Temp\VMBuilds\EitajeAT\arduino_due_x\Debug\VM_DBG\VM_DBG.cpp.o
                0x000836c8                VisualMicroDebug::OnBreakPointPrintBegin(unsigned char)
 .text._ZN16VisualMicroDebug20OnBreakPointPrintEndEv
                0x00083734        0xc C:\Users\eitanme\AppData\Local\Temp\VMBuilds\EitajeAT\arduino_due_x\Debug\VM_DBG\VM_DBG.cpp.o
                0x00083734                VisualMicroDebug::OnBreakPointPrintEnd()
 .text._ZN16VisualMicroDebug15OnBreakPointEndEv
                0x00083740        0xc C:\Users\eitanme\AppData\Local\Temp\VMBuilds\EitajeAT\arduino_due_x\Debug\VM_DBG\VM_DBG.cpp.o
                0x00083740                VisualMicroDebug::OnBreakPointEnd()
 .text._ZN16VisualMicroDebug14outPacketStartEb
                0x0008374c       0x28 C:\Users\eitanme\AppData\Local\Temp\VMBuilds\EitajeAT\arduino_due_x\Debug\VM_DBG\VM_DBG.cpp.o
                0x0008374c                VisualMicroDebug::outPacketStart(bool)
 .text._ZN16VisualMicroDebug12outPacketEndEv
                0x00083774        0x2 C:\Users\eitanme\AppData\Local\Temp\VMBuilds\EitajeAT\arduino_due_x\Debug\VM_DBG\VM_DBG.cpp.o
                0x00083774                VisualMicroDebug::outPacketEnd()
 .text._ZN16VisualMicroDebug5beginEP7Serial_m
                0x00083776       0x2c C:\Users\eitanme\AppData\Local\Temp\VMBuilds\EitajeAT\arduino_due_x\Debug\VM_DBG\VM_DBG.cpp.o
                0x00083776                VisualMicroDebug::begin(Serial_*, unsigned long)
 .text._ZN16VisualMicroDebug4initEm
                0x000837a2        0xe C:\Users\eitanme\AppData\Local\Temp\VMBuilds\EitajeAT\arduino_due_x\Debug\VM_DBG\VM_DBG.cpp.o
                0x000837a2                VisualMicroDebug::init(unsigned long)
 .text._ZN16VisualMicroDebug4readEv
                0x000837b0        0xe C:\Users\eitanme\AppData\Local\Temp\VMBuilds\EitajeAT\arduino_due_x\Debug\VM_DBG\VM_DBG.cpp.o
                0x000837b0                VisualMicroDebug::read()
 .text._ZN16VisualMicroDebug9availableEv
                0x000837be        0xe C:\Users\eitanme\AppData\Local\Temp\VMBuilds\EitajeAT\arduino_due_x\Debug\VM_DBG\VM_DBG.cpp.o
                0x000837be                VisualMicroDebug::available()
 .text._ZN16VisualMicroDebug16sendContinuedACKEh
                0x000837cc       0x3c C:\Users\eitanme\AppData\Local\Temp\VMBuilds\EitajeAT\arduino_due_x\Debug\VM_DBG\VM_DBG.cpp.o
                0x000837cc                VisualMicroDebug::sendContinuedACK(unsigned char)
 .text._ZN16VisualMicroDebug9breakWaitEh
                0x00083808       0x54 C:\Users\eitanme\AppData\Local\Temp\VMBuilds\EitajeAT\arduino_due_x\Debug\VM_DBG\VM_DBG.cpp.o
                0x00083808                VisualMicroDebug::breakWait(unsigned char)
 .text._ZN16VisualMicroDebug5startEbb
                0x0008385c       0x26 C:\Users\eitanme\AppData\Local\Temp\VMBuilds\EitajeAT\arduino_due_x\Debug\VM_DBG\VM_DBG.cpp.o
                0x0008385c                VisualMicroDebug::start(bool, bool)
 *fill*         0x00083882        0x2 
 .text.startup._GLOBAL__sub_I__ZN16VisualMicroDebug16DBG_YieldAndWaitEm
                0x00083884       0x14 C:\Users\eitanme\AppData\Local\Temp\VMBuilds\EitajeAT\arduino_due_x\Debug\VM_DBG\VM_DBG.cpp.o
 .text._Z11serialEventv
                0x00083898        0x2 C:\Users\eitanme\AppData\Local\Temp\VMBCore\arduino19x\4426d8be6bfd3aa94381621a40a1bc44\variant\variant.cpp.o
                0x00083898                serialEvent()
 *fill*         0x0008389a        0x2 
 .text.UART_Handler
                0x0008389c        0xc C:\Users\eitanme\AppData\Local\Temp\VMBCore\arduino19x\4426d8be6bfd3aa94381621a40a1bc44\variant\variant.cpp.o
                0x0008389c                UART_Handler
 .text._Z12serialEvent3v
                0x000838a8        0x2 C:\Users\eitanme\AppData\Local\Temp\VMBCore\arduino19x\4426d8be6bfd3aa94381621a40a1bc44\variant\variant.cpp.o
                0x000838a8                serialEvent3()
 *fill*         0x000838aa        0x2 
 .text.USART0_Handler
                0x000838ac        0xc C:\Users\eitanme\AppData\Local\Temp\VMBCore\arduino19x\4426d8be6bfd3aa94381621a40a1bc44\variant\variant.cpp.o
                0x000838ac                USART0_Handler
 .text.USART1_Handler
                0x000838b8        0xc C:\Users\eitanme\AppData\Local\Temp\VMBCore\arduino19x\4426d8be6bfd3aa94381621a40a1bc44\variant\variant.cpp.o
                0x000838b8                USART1_Handler
 .text.USART3_Handler
                0x000838c4        0xc C:\Users\eitanme\AppData\Local\Temp\VMBCore\arduino19x\4426d8be6bfd3aa94381621a40a1bc44\variant\variant.cpp.o
                0x000838c4                USART3_Handler
 .text.init     0x000838d0      0x128 C:\Users\eitanme\AppData\Local\Temp\VMBCore\arduino19x\4426d8be6bfd3aa94381621a40a1bc44\variant\variant.cpp.o
                0x000838d0                init
 .text.startup._GLOBAL__sub_I_g_APinDescription
                0x000839f8       0xd4 C:\Users\eitanme\AppData\Local\Temp\VMBCore\arduino19x\4426d8be6bfd3aa94381621a40a1bc44\variant\variant.cpp.o
 .text._Z14serialEventRunv
                0x00083acc       0x44 C:\Users\eitanme\AppData\Local\Temp\VMBCore\arduino19x\4426d8be6bfd3aa94381621a40a1bc44\variant\variant.cpp.o
                0x00083acc                serialEventRun()
 .text.PIO_PullUp
                0x00083b10        0xa C:\Users\eitanme\AppData\Local\arduino15\packages\arduino\hardware\sam\1.6.11\variants\arduino_due_x/libsam_sam3x8e_gcc_rel.a(pio.o)
                0x00083b10                PIO_PullUp
 .text.PIO_Get  0x00083b1a       0x14 C:\Users\eitanme\AppData\Local\arduino15\packages\arduino\hardware\sam\1.6.11\variants\arduino_due_x/libsam_sam3x8e_gcc_rel.a(pio.o)
                0x00083b1a                PIO_Get
 .text.PIO_SetPeripheral
                0x00083b2e       0x26 C:\Users\eitanme\AppData\Local\arduino15\packages\arduino\hardware\sam\1.6.11\variants\arduino_due_x/libsam_sam3x8e_gcc_rel.a(pio.o)
                0x00083b2e                PIO_SetPeripheral
 .text.PIO_SetInput
                0x00083b54       0x26 C:\Users\eitanme\AppData\Local\arduino15\packages\arduino\hardware\sam\1.6.11\variants\arduino_due_x/libsam_sam3x8e_gcc_rel.a(pio.o)
                0x00083b54                PIO_SetInput
 .text.PIO_SetOutput
                0x00083b7a       0x24 C:\Users\eitanme\AppData\Local\arduino15\packages\arduino\hardware\sam\1.6.11\variants\arduino_due_x/libsam_sam3x8e_gcc_rel.a(pio.o)
                0x00083b7a                PIO_SetOutput
 *fill*         0x00083b9e        0x2 
 .text.PIO_Configure
                0x00083ba0       0x64 C:\Users\eitanme\AppData\Local\arduino15\packages\arduino\hardware\sam\1.6.11\variants\arduino_due_x/libsam_sam3x8e_gcc_rel.a(pio.o)
                0x00083ba0                PIO_Configure
 .text.PIO_GetOutputDataStatus
                0x00083c04       0x14 C:\Users\eitanme\AppData\Local\arduino15\packages\arduino\hardware\sam\1.6.11\variants\arduino_due_x/libsam_sam3x8e_gcc_rel.a(pio.o)
                0x00083c04                PIO_GetOutputDataStatus
 .text.pmc_enable_upll_clock
                0x00083c18       0x14 C:\Users\eitanme\AppData\Local\arduino15\packages\arduino\hardware\sam\1.6.11\variants\arduino_due_x/libsam_sam3x8e_gcc_rel.a(pmc.o)
                0x00083c18                pmc_enable_upll_clock
 .text.pmc_enable_periph_clk
                0x00083c2c       0x44 C:\Users\eitanme\AppData\Local\arduino15\packages\arduino\hardware\sam\1.6.11\variants\arduino_due_x/libsam_sam3x8e_gcc_rel.a(pmc.o)
                0x00083c2c                pmc_enable_periph_clk
 .text.pmc_disable_periph_clk
                0x00083c70       0x40 C:\Users\eitanme\AppData\Local\arduino15\packages\arduino\hardware\sam\1.6.11\variants\arduino_due_x/libsam_sam3x8e_gcc_rel.a(pmc.o)
                0x00083c70                pmc_disable_periph_clk
 .text.pmc_switch_udpck_to_upllck
                0x00083cb0       0x14 C:\Users\eitanme\AppData\Local\arduino15\packages\arduino\hardware\sam\1.6.11\variants\arduino_due_x/libsam_sam3x8e_gcc_rel.a(pmc.o)
                0x00083cb0                pmc_switch_udpck_to_upllck
 .text.pmc_enable_udpck
                0x00083cc4        0xc C:\Users\eitanme\AppData\Local\arduino15\packages\arduino\hardware\sam\1.6.11\variants\arduino_due_x/libsam_sam3x8e_gcc_rel.a(pmc.o)
                0x00083cc4                pmc_enable_udpck
 .text.TC_Configure
                0x00083cd0       0x38 C:\Users\eitanme\AppData\Local\arduino15\packages\arduino\hardware\sam\1.6.11\variants\arduino_due_x/libsam_sam3x8e_gcc_rel.a(tc.o)
                0x00083cd0                TC_Configure
 .text.TC_Start
                0x00083d08       0x2c C:\Users\eitanme\AppData\Local\arduino15\packages\arduino\hardware\sam\1.6.11\variants\arduino_due_x/libsam_sam3x8e_gcc_rel.a(tc.o)
                0x00083d08                TC_Start
 .text.TC_Stop  0x00083d34       0x2c C:\Users\eitanme\AppData\Local\arduino15\packages\arduino\hardware\sam\1.6.11\variants\arduino_due_x/libsam_sam3x8e_gcc_rel.a(tc.o)
                0x00083d34                TC_Stop
 .text.TC_SetRA
                0x00083d60        0x8 C:\Users\eitanme\AppData\Local\arduino15\packages\arduino\hardware\sam\1.6.11\variants\arduino_due_x/libsam_sam3x8e_gcc_rel.a(tc.o)
                0x00083d60                TC_SetRA
 .text.TWI_SetClock
                0x00083d68       0x58 C:\Users\eitanme\AppData\Local\arduino15\packages\arduino\hardware\sam\1.6.11\variants\arduino_due_x/libsam_sam3x8e_gcc_rel.a(twi.o)
                0x00083d68                TWI_SetClock
 .text.TWI_Disable
                0x00083dc0       0x2c C:\Users\eitanme\AppData\Local\arduino15\packages\arduino\hardware\sam\1.6.11\variants\arduino_due_x/libsam_sam3x8e_gcc_rel.a(twi.o)
                0x00083dc0                TWI_Disable
 .text.TWI_ConfigureMaster
                0x00083dec       0x48 C:\Users\eitanme\AppData\Local\arduino15\packages\arduino\hardware\sam\1.6.11\variants\arduino_due_x/libsam_sam3x8e_gcc_rel.a(twi.o)
                0x00083dec                TWI_ConfigureMaster
 .text.TWI_Stop
                0x00083e34       0x28 C:\Users\eitanme\AppData\Local\arduino15\packages\arduino\hardware\sam\1.6.11\variants\arduino_due_x/libsam_sam3x8e_gcc_rel.a(twi.o)
                0x00083e34                TWI_Stop
 .text.TWI_ReadByte
                0x00083e5c       0x28 C:\Users\eitanme\AppData\Local\arduino15\packages\arduino\hardware\sam\1.6.11\variants\arduino_due_x/libsam_sam3x8e_gcc_rel.a(twi.o)
                0x00083e5c                TWI_ReadByte
 .text.TWI_WriteByte
                0x00083e84       0x24 C:\Users\eitanme\AppData\Local\arduino15\packages\arduino\hardware\sam\1.6.11\variants\arduino_due_x/libsam_sam3x8e_gcc_rel.a(twi.o)
                0x00083e84                TWI_WriteByte
 .text.TWI_StartWrite
                0x00083ea8       0x7c C:\Users\eitanme\AppData\Local\arduino15\packages\arduino\hardware\sam\1.6.11\variants\arduino_due_x/libsam_sam3x8e_gcc_rel.a(twi.o)
                0x00083ea8                TWI_StartWrite
 .text.TWI_EnableIt
                0x00083f24       0x40 C:\Users\eitanme\AppData\Local\arduino15\packages\arduino\hardware\sam\1.6.11\variants\arduino_due_x/libsam_sam3x8e_gcc_rel.a(twi.o)
                0x00083f24                TWI_EnableIt
 .text.TWI_DisableIt
                0x00083f64       0x40 C:\Users\eitanme\AppData\Local\arduino15\packages\arduino\hardware\sam\1.6.11\variants\arduino_due_x/libsam_sam3x8e_gcc_rel.a(twi.o)
                0x00083f64                TWI_DisableIt
 .text.TWI_GetStatus
                0x00083fa4       0x28 C:\Users\eitanme\AppData\Local\arduino15\packages\arduino\hardware\sam\1.6.11\variants\arduino_due_x/libsam_sam3x8e_gcc_rel.a(twi.o)
                0x00083fa4                TWI_GetStatus
 .text.SystemInit
                0x00083fcc       0x88 C:\Users\eitanme\AppData\Local\arduino15\packages\arduino\hardware\sam\1.6.11\variants\arduino_due_x/libsam_sam3x8e_gcc_rel.a(system_sam3xa.o)
                0x00083fcc                SystemInit
 .text.Reset_Handler
                0x00084054       0x78 C:\Users\eitanme\AppData\Local\arduino15\packages\arduino\hardware\sam\1.6.11\variants\arduino_due_x/libsam_sam3x8e_gcc_rel.a(startup_sam3xa.o)
                0x00084054                Reset_Handler
 .text.adc_init
                0x000840cc       0x98 C:\Users\eitanme\AppData\Local\arduino15\packages\arduino\hardware\sam\1.6.11\variants\arduino_due_x/libsam_sam3x8e_gcc_rel.a(adc.o)
                0x000840cc                adc_init
 .text.adc_configure_trigger
                0x00084164        0xe C:\Users\eitanme\AppData\Local\arduino15\packages\arduino\hardware\sam\1.6.11\variants\arduino_due_x/libsam_sam3x8e_gcc_rel.a(adc.o)
                0x00084164                adc_configure_trigger
 .text.adc_configure_timing
                0x00084172       0x1a C:\Users\eitanme\AppData\Local\arduino15\packages\arduino\hardware\sam\1.6.11\variants\arduino_due_x/libsam_sam3x8e_gcc_rel.a(adc.o)
                0x00084172                adc_configure_timing
 .text.adc_start
                0x0008418c        0x6 C:\Users\eitanme\AppData\Local\arduino15\packages\arduino\hardware\sam\1.6.11\variants\arduino_due_x/libsam_sam3x8e_gcc_rel.a(adc.o)
                0x0008418c                adc_start
 .text.adc_enable_channel
                0x00084192        0xa C:\Users\eitanme\AppData\Local\arduino15\packages\arduino\hardware\sam\1.6.11\variants\arduino_due_x/libsam_sam3x8e_gcc_rel.a(adc.o)
                0x00084192                adc_enable_channel
 .text.adc_disable_channel
                0x0008419c        0xa C:\Users\eitanme\AppData\Local\arduino15\packages\arduino\hardware\sam\1.6.11\variants\arduino_due_x/libsam_sam3x8e_gcc_rel.a(adc.o)
                0x0008419c                adc_disable_channel
 .text.adc_disable_all_channel
                0x000841a6        0x8 C:\Users\eitanme\AppData\Local\arduino15\packages\arduino\hardware\sam\1.6.11\variants\arduino_due_x/libsam_sam3x8e_gcc_rel.a(adc.o)
                0x000841a6                adc_disable_all_channel
 .text.adc_get_channel_status
                0x000841ae        0xa C:\Users\eitanme\AppData\Local\arduino15\packages\arduino\hardware\sam\1.6.11\variants\arduino_due_x/libsam_sam3x8e_gcc_rel.a(adc.o)
                0x000841ae                adc_get_channel_status
 .text.adc_get_latest_value
                0x000841b8        0x4 C:\Users\eitanme\AppData\Local\arduino15\packages\arduino\hardware\sam\1.6.11\variants\arduino_due_x/libsam_sam3x8e_gcc_rel.a(adc.o)
                0x000841b8                adc_get_latest_value
 .text.adc_disable_interrupt
                0x000841bc        0x4 C:\Users\eitanme\AppData\Local\arduino15\packages\arduino\hardware\sam\1.6.11\variants\arduino_due_x/libsam_sam3x8e_gcc_rel.a(adc.o)
                0x000841bc                adc_disable_interrupt
 .text.adc_get_status
                0x000841c0        0x4 C:\Users\eitanme\AppData\Local\arduino15\packages\arduino\hardware\sam\1.6.11\variants\arduino_due_x/libsam_sam3x8e_gcc_rel.a(adc.o)
                0x000841c0                adc_get_status
 .text.UOTGHS_Handler
                0x000841c4       0x10 C:\Users\eitanme\AppData\Local\arduino15\packages\arduino\hardware\sam\1.6.11\variants\arduino_due_x/libsam_sam3x8e_gcc_rel.a(uotghs.o)
                0x000841c4                UOTGHS_Handler
 .text.__halt   0x000841d4        0x2 C:\Users\eitanme\AppData\Local\Temp\VMBuilds\EitajeAT\arduino_due_x\Debug/core.a(cortex_handlers.c.o)
                0x000841d4                DACC_Handler
                0x000841d4                DebugMon_Handler
                0x000841d4                DMAC_Handler
                0x000841d4                TRNG_Handler
                0x000841d4                HardFault_Handler
                0x000841d4                NMI_Handler
                0x000841d4                TC7_Handler
                0x000841d4                ADC_Handler
                0x000841d4                SMC_Handler
                0x000841d4                RTT_Handler
                0x000841d4                EFC1_Handler
                0x000841d4                RTC_Handler
                0x000841d4                UsageFault_Handler
                0x000841d4                TC6_Handler
                0x000841d4                WDT_Handler
                0x000841d4                CAN0_Handler
                0x000841d4                TC1_Handler
                0x000841d4                HSMCI_Handler
                0x000841d4                SSC_Handler
                0x000841d4                EFC0_Handler
                0x000841d4                PMC_Handler
                0x000841d4                PWM_Handler
                0x000841d4                CAN1_Handler
                0x000841d4                MemManage_Handler
                0x000841d4                SUPC_Handler
                0x000841d4                TC8_Handler
                0x000841d4                USART2_Handler
                0x000841d4                EMAC_Handler
                0x000841d4                BusFault_Handler
                0x000841d4                RSTC_Handler
                0x000841d4                SPI0_Handler
 .text.SVC_Handler
                0x000841d6        0x4 C:\Users\eitanme\AppData\Local\Temp\VMBuilds\EitajeAT\arduino_due_x\Debug/core.a(cortex_handlers.c.o)
                0x000841d6                SVC_Handler
 .text.PendSV_Handler
                0x000841da        0x4 C:\Users\eitanme\AppData\Local\Temp\VMBuilds\EitajeAT\arduino_due_x\Debug/core.a(cortex_handlers.c.o)
                0x000841da                PendSV_Handler
 .text.SysTick_Handler
                0x000841de       0x16 C:\Users\eitanme\AppData\Local\Temp\VMBuilds\EitajeAT\arduino_due_x\Debug/core.a(cortex_handlers.c.o)
                0x000841de                SysTick_Handler
 .text.__empty  0x000841f4        0x2 C:\Users\eitanme\AppData\Local\Temp\VMBuilds\EitajeAT\arduino_due_x\Debug/core.a(hooks.c.o)
                0x000841f4                yield
 .text.__false  0x000841f6        0x4 C:\Users\eitanme\AppData\Local\Temp\VMBuilds\EitajeAT\arduino_due_x\Debug/core.a(hooks.c.o)
                0x000841f6                sysTickHook
 .text.__halt   0x000841fa        0x2 C:\Users\eitanme\AppData\Local\Temp\VMBuilds\EitajeAT\arduino_due_x\Debug/core.a(hooks.c.o)
                0x000841fa                svcHook
                0x000841fa                pendSVHook
 .text._sbrk    0x000841fc       0x1c C:\Users\eitanme\AppData\Local\Temp\VMBuilds\EitajeAT\arduino_due_x\Debug/core.a(syscalls_sam3.c.o)
                0x000841fc                _sbrk
 .text.link     0x00084218        0x6 C:\Users\eitanme\AppData\Local\Temp\VMBuilds\EitajeAT\arduino_due_x\Debug/core.a(syscalls_sam3.c.o)
                0x00084218                link
 .text._close   0x0008421e        0x6 C:\Users\eitanme\AppData\Local\Temp\VMBuilds\EitajeAT\arduino_due_x\Debug/core.a(syscalls_sam3.c.o)
                0x0008421e                _close
 .text._fstat   0x00084224        0xa C:\Users\eitanme\AppData\Local\Temp\VMBuilds\EitajeAT\arduino_due_x\Debug/core.a(syscalls_sam3.c.o)
                0x00084224                _fstat
 .text._isatty  0x0008422e        0x4 C:\Users\eitanme\AppData\Local\Temp\VMBuilds\EitajeAT\arduino_due_x\Debug/core.a(syscalls_sam3.c.o)
                0x0008422e                _isatty
 .text._lseek   0x00084232        0x4 C:\Users\eitanme\AppData\Local\Temp\VMBuilds\EitajeAT\arduino_due_x\Debug/core.a(syscalls_sam3.c.o)
                0x00084232                _lseek
 .text._read    0x00084236        0x4 C:\Users\eitanme\AppData\Local\Temp\VMBuilds\EitajeAT\arduino_due_x\Debug/core.a(syscalls_sam3.c.o)
                0x00084236                _read
 *fill*         0x0008423a        0x2 
 .text._write   0x0008423c       0x24 C:\Users\eitanme\AppData\Local\Temp\VMBuilds\EitajeAT\arduino_due_x\Debug/core.a(syscalls_sam3.c.o)
                0x0008423c                _write
 .text._exit    0x00084260       0x10 C:\Users\eitanme\AppData\Local\Temp\VMBuilds\EitajeAT\arduino_due_x\Debug/core.a(syscalls_sam3.c.o)
                0x00084260                _exit
 .text._kill    0x00084270        0x2 C:\Users\eitanme\AppData\Local\Temp\VMBuilds\EitajeAT\arduino_due_x\Debug/core.a(syscalls_sam3.c.o)
                0x00084270                _kill
 .text._getpid  0x00084272        0x6 C:\Users\eitanme\AppData\Local\Temp\VMBuilds\EitajeAT\arduino_due_x\Debug/core.a(syscalls_sam3.c.o)
                0x00084272                _getpid
 .text.attachInterrupt
                0x00084278      0x148 C:\Users\eitanme\AppData\Local\Temp\VMBuilds\EitajeAT\arduino_due_x\Debug/core.a(WInterrupts.c.o)
                0x00084278                attachInterrupt
 .text.PIOA_Handler
                0x000843c0       0x38 C:\Users\eitanme\AppData\Local\Temp\VMBuilds\EitajeAT\arduino_due_x\Debug/core.a(WInterrupts.c.o)
                0x000843c0                PIOA_Handler
 .text.PIOB_Handler
                0x000843f8       0x38 C:\Users\eitanme\AppData\Local\Temp\VMBuilds\EitajeAT\arduino_due_x\Debug/core.a(WInterrupts.c.o)
                0x000843f8                PIOB_Handler
 .text.PIOC_Handler
                0x00084430       0x38 C:\Users\eitanme\AppData\Local\Temp\VMBuilds\EitajeAT\arduino_due_x\Debug/core.a(WInterrupts.c.o)
                0x00084430                PIOC_Handler
 .text.PIOD_Handler
                0x00084468       0x38 C:\Users\eitanme\AppData\Local\Temp\VMBuilds\EitajeAT\arduino_due_x\Debug/core.a(WInterrupts.c.o)
                0x00084468                PIOD_Handler
 .text.millis   0x000844a0        0x4 C:\Users\eitanme\AppData\Local\Temp\VMBuilds\EitajeAT\arduino_due_x\Debug/core.a(wiring.c.o)
                0x000844a0                millis
 .text.micros   0x000844a4       0x74 C:\Users\eitanme\AppData\Local\Temp\VMBuilds\EitajeAT\arduino_due_x\Debug/core.a(wiring.c.o)
                0x000844a4                micros
 .text.delay    0x00084518       0x1c C:\Users\eitanme\AppData\Local\Temp\VMBuilds\EitajeAT\arduino_due_x\Debug/core.a(wiring.c.o)
                0x00084518                delay
 .text.mapResolution
                0x00084534       0x12 C:\Users\eitanme\AppData\Local\Temp\VMBuilds\EitajeAT\arduino_due_x\Debug/core.a(wiring_analog.c.o)
 *fill*         0x00084546        0x2 
 .text.analogReadResolution
                0x00084548        0xc C:\Users\eitanme\AppData\Local\Temp\VMBuilds\EitajeAT\arduino_due_x\Debug/core.a(wiring_analog.c.o)
                0x00084548                analogReadResolution
 .text.analogRead
                0x00084554       0x9c C:\Users\eitanme\AppData\Local\Temp\VMBuilds\EitajeAT\arduino_due_x\Debug/core.a(wiring_analog.c.o)
                0x00084554                analogRead
 .text.analogOutputInit
                0x000845f0        0x2 C:\Users\eitanme\AppData\Local\Temp\VMBuilds\EitajeAT\arduino_due_x\Debug/core.a(wiring_analog.c.o)
                0x000845f0                analogOutputInit
 *fill*         0x000845f2        0x2 
 .text.pinMode  0x000845f4      0x108 C:\Users\eitanme\AppData\Local\Temp\VMBuilds\EitajeAT\arduino_due_x\Debug/core.a(wiring_digital.c.o)
                0x000845f4                pinMode
 .text.digitalWrite
                0x000846fc       0x70 C:\Users\eitanme\AppData\Local\Temp\VMBuilds\EitajeAT\arduino_due_x\Debug/core.a(wiring_digital.c.o)
                0x000846fc                digitalWrite
 .text.digitalRead
                0x0008476c       0x44 C:\Users\eitanme\AppData\Local\Temp\VMBuilds\EitajeAT\arduino_due_x\Debug/core.a(wiring_digital.c.o)
                0x0008476c                digitalRead
 .text.initVariant
                0x000847b0        0x2 C:\Users\eitanme\AppData\Local\Temp\VMBuilds\EitajeAT\arduino_due_x\Debug/core.a(main.cpp.o)
                0x000847b0                initVariant
 *fill*         0x000847b2        0x2 
 .text.startup.main
                0x000847b4       0x38 C:\Users\eitanme\AppData\Local\Temp\VMBuilds\EitajeAT\arduino_due_x\Debug/core.a(main.cpp.o)
                0x000847b4                main
 .text._ZN5Print5writeEPKhj
                0x000847ec       0x22 C:\Users\eitanme\AppData\Local\Temp\VMBuilds\EitajeAT\arduino_due_x\Debug/core.a(Print.cpp.o)
                0x000847ec                Print::write(unsigned char const*, unsigned int)
 .text._ZN5Print5printEmi.part.3
                0x0008480e        0xc C:\Users\eitanme\AppData\Local\Temp\VMBuilds\EitajeAT\arduino_due_x\Debug/core.a(Print.cpp.o)
 .text._ZN5Print5writeEPKc
                0x0008481a       0x1e C:\Users\eitanme\AppData\Local\Temp\VMBuilds\EitajeAT\arduino_due_x\Debug/core.a(Print.cpp.o)
                0x0008481a                Print::write(char const*)
 .text._ZN5Print5printERK6String
                0x00084838       0x10 C:\Users\eitanme\AppData\Local\Temp\VMBuilds\EitajeAT\arduino_due_x\Debug/core.a(Print.cpp.o)
                0x00084838                Print::print(String const&)
 .text._ZN5Print5printEPKc
                0x00084848        0x8 C:\Users\eitanme\AppData\Local\Temp\VMBuilds\EitajeAT\arduino_due_x\Debug/core.a(Print.cpp.o)
                0x00084848                Print::print(char const*)
 .text._ZN5Print5printEc
                0x00084850        0xa C:\Users\eitanme\AppData\Local\Temp\VMBuilds\EitajeAT\arduino_due_x\Debug/core.a(Print.cpp.o)
                0x00084850                Print::print(char)
 *fill*         0x0008485a        0x2 
 .text._ZN5Print7printlnEv
                0x0008485c       0x10 C:\Users\eitanme\AppData\Local\Temp\VMBuilds\EitajeAT\arduino_due_x\Debug/core.a(Print.cpp.o)
                0x0008485c                Print::println()
 .text._ZN5Print7printlnERK6String
                0x0008486c       0x14 C:\Users\eitanme\AppData\Local\Temp\VMBuilds\EitajeAT\arduino_due_x\Debug/core.a(Print.cpp.o)
                0x0008486c                Print::println(String const&)
 .text._ZN5Print7printlnEPKc
                0x00084880       0x14 C:\Users\eitanme\AppData\Local\Temp\VMBuilds\EitajeAT\arduino_due_x\Debug/core.a(Print.cpp.o)
                0x00084880                Print::println(char const*)
 .text._ZN5Print11printNumberEmh
                0x00084894       0x3e C:\Users\eitanme\AppData\Local\Temp\VMBuilds\EitajeAT\arduino_due_x\Debug/core.a(Print.cpp.o)
                0x00084894                Print::printNumber(unsigned long, unsigned char)
 .text._ZN5Print5printEli
                0x000848d2       0x3c C:\Users\eitanme\AppData\Local\Temp\VMBuilds\EitajeAT\arduino_due_x\Debug/core.a(Print.cpp.o)
                0x000848d2                Print::print(long, int)
 .text._ZN5Print7printlnEii
                0x0008490e       0x14 C:\Users\eitanme\AppData\Local\Temp\VMBuilds\EitajeAT\arduino_due_x\Debug/core.a(Print.cpp.o)
                0x0008490e                Print::println(int, int)
 .text._ZN5Print5printEmi
                0x00084922        0xc C:\Users\eitanme\AppData\Local\Temp\VMBuilds\EitajeAT\arduino_due_x\Debug/core.a(Print.cpp.o)
                0x00084922                Print::print(unsigned long, int)
 .text._ZN5Print5printEhi
                0x0008492e        0x4 C:\Users\eitanme\AppData\Local\Temp\VMBuilds\EitajeAT\arduino_due_x\Debug/core.a(Print.cpp.o)
                0x0008492e                Print::print(unsigned char, int)
 *fill*         0x00084932        0x2 
 .text.initiateReset
                0x00084934        0xc C:\Users\eitanme\AppData\Local\Temp\VMBuilds\EitajeAT\arduino_due_x\Debug/core.a(Reset.cpp.o)
                0x00084934                initiateReset
 .text.cancelReset
                0x00084940       0x10 C:\Users\eitanme\AppData\Local\Temp\VMBuilds\EitajeAT\arduino_due_x\Debug/core.a(Reset.cpp.o)
                0x00084940                cancelReset
 .text.tickReset
                0x00084950       0x20 C:\Users\eitanme\AppData\Local\Temp\VMBuilds\EitajeAT\arduino_due_x\Debug/core.a(Reset.cpp.o)
                0x00084950                tickReset
 .text._ZN10RingBufferC2Ev
                0x00084970       0x1a C:\Users\eitanme\AppData\Local\Temp\VMBuilds\EitajeAT\arduino_due_x\Debug/core.a(RingBuffer.cpp.o)
                0x00084970                RingBuffer::RingBuffer()
                0x00084970                RingBuffer::RingBuffer()
 .text._ZN10RingBuffer10store_charEh
                0x0008498a       0x1e C:\Users\eitanme\AppData\Local\Temp\VMBuilds\EitajeAT\arduino_due_x\Debug/core.a(RingBuffer.cpp.o)
                0x0008498a                RingBuffer::store_char(unsigned char)
 .text._ZN9UARTClasscvbEv
                0x000849a8        0x4 C:\Users\eitanme\AppData\Local\Temp\VMBuilds\EitajeAT\arduino_due_x\Debug/core.a(UARTClass.cpp.o)
                0x000849a8                UARTClass::operator bool()
 .text._ZN9UARTClass9availableEv
                0x000849ac       0x12 C:\Users\eitanme\AppData\Local\Temp\VMBuilds\EitajeAT\arduino_due_x\Debug/core.a(UARTClass.cpp.o)
                0x000849ac                UARTClass::available()
 .text._ZN9UARTClass4peekEv
                0x000849be       0x1c C:\Users\eitanme\AppData\Local\Temp\VMBuilds\EitajeAT\arduino_due_x\Debug/core.a(UARTClass.cpp.o)
                0x000849be                UARTClass::peek()
 .text._ZN9UARTClass4readEv
                0x000849da       0x2a C:\Users\eitanme\AppData\Local\Temp\VMBuilds\EitajeAT\arduino_due_x\Debug/core.a(UARTClass.cpp.o)
                0x000849da                UARTClass::read()
 .text._ZN9UARTClass5flushEv
                0x00084a04       0x18 C:\Users\eitanme\AppData\Local\Temp\VMBuilds\EitajeAT\arduino_due_x\Debug/core.a(UARTClass.cpp.o)
                0x00084a04                UARTClass::flush()
 .text._ZN9UARTClass5writeEh
                0x00084a1c       0x54 C:\Users\eitanme\AppData\Local\Temp\VMBuilds\EitajeAT\arduino_due_x\Debug/core.a(UARTClass.cpp.o)
                0x00084a1c                UARTClass::write(unsigned char)
 .text._ZN9UARTClass3endEv
                0x00084a70       0x3c C:\Users\eitanme\AppData\Local\Temp\VMBuilds\EitajeAT\arduino_due_x\Debug/core.a(UARTClass.cpp.o)
                0x00084a70                UARTClass::end()
 .text._ZN9UARTClassC2EP4Uart4IRQnmP10RingBufferS4_
                0x00084aac       0x24 C:\Users\eitanme\AppData\Local\Temp\VMBuilds\EitajeAT\arduino_due_x\Debug/core.a(UARTClass.cpp.o)
                0x00084aac                UARTClass::UARTClass(Uart*, IRQn, unsigned long, RingBuffer*, RingBuffer*)
                0x00084aac                UARTClass::UARTClass(Uart*, IRQn, unsigned long, RingBuffer*, RingBuffer*)
 .text._ZN9UARTClass4initEmm
                0x00084ad0       0x70 C:\Users\eitanme\AppData\Local\Temp\VMBuilds\EitajeAT\arduino_due_x\Debug/core.a(UARTClass.cpp.o)
                0x00084ad0                UARTClass::init(unsigned long, unsigned long)
 .text._ZN9UARTClass5beginEm
                0x00084b40        0x8 C:\Users\eitanme\AppData\Local\Temp\VMBuilds\EitajeAT\arduino_due_x\Debug/core.a(UARTClass.cpp.o)
                0x00084b40                UARTClass::begin(unsigned long)
 .text._ZN9UARTClass10IrqHandlerEv
                0x00084b48       0x5a C:\Users\eitanme\AppData\Local\Temp\VMBuilds\EitajeAT\arduino_due_x\Debug/core.a(UARTClass.cpp.o)
                0x00084b48                UARTClass::IrqHandler()
 .text._ZN10USARTClass5beginEm
                0x00084ba2        0x8 C:\Users\eitanme\AppData\Local\Temp\VMBuilds\EitajeAT\arduino_due_x\Debug/core.a(USARTClass.cpp.o)
                0x00084ba2                USARTClass::begin(unsigned long)
 *fill*         0x00084baa        0x2 
 .text._ZN10USARTClassC2EP5Usart4IRQnmP10RingBufferS4_
                0x00084bac       0x24 C:\Users\eitanme\AppData\Local\Temp\VMBuilds\EitajeAT\arduino_due_x\Debug/core.a(USARTClass.cpp.o)
                0x00084bac                USARTClass::USARTClass(Usart*, IRQn, unsigned long, RingBuffer*, RingBuffer*)
                0x00084bac                USARTClass::USARTClass(Usart*, IRQn, unsigned long, RingBuffer*, RingBuffer*)
 .text._watchdogDefaultSetup
                0x00084bd0        0xc C:\Users\eitanme\AppData\Local\Temp\VMBuilds\EitajeAT\arduino_due_x\Debug/core.a(watchdog.cpp.o)
                0x00084bd0                _watchdogDefaultSetup
                0x00084bd0                watchdogSetup()
 .text._Z3maplllll
                0x00084bdc       0x14 C:\Users\eitanme\AppData\Local\Temp\VMBuilds\EitajeAT\arduino_due_x\Debug/core.a(WMath.cpp.o)
                0x00084bdc                map(long, long, long, long, long)
 .text._ZN6StringD2Ev
                0x00084bf0        0xe C:\Users\eitanme\AppData\Local\Temp\VMBuilds\EitajeAT\arduino_due_x\Debug/core.a(WString.cpp.o)
                0x00084bf0                String::~String()
                0x00084bf0                String::~String()
 .text._ZN6String10invalidateEv
                0x00084bfe       0x16 C:\Users\eitanme\AppData\Local\Temp\VMBuilds\EitajeAT\arduino_due_x\Debug/core.a(WString.cpp.o)
                0x00084bfe                String::invalidate()
 .text._ZN6String12changeBufferEj
                0x00084c14       0x18 C:\Users\eitanme\AppData\Local\Temp\VMBuilds\EitajeAT\arduino_due_x\Debug/core.a(WString.cpp.o)
                0x00084c14                String::changeBuffer(unsigned int)
 .text._ZN6String7reserveEj
                0x00084c2c       0x22 C:\Users\eitanme\AppData\Local\Temp\VMBuilds\EitajeAT\arduino_due_x\Debug/core.a(WString.cpp.o)
                0x00084c2c                String::reserve(unsigned int)
 .text._ZN6String4copyEPKcj
                0x00084c4e       0x26 C:\Users\eitanme\AppData\Local\Temp\VMBuilds\EitajeAT\arduino_due_x\Debug/core.a(WString.cpp.o)
                0x00084c4e                String::copy(char const*, unsigned int)
 .text._ZN6StringC2EPKc
                0x00084c74       0x24 C:\Users\eitanme\AppData\Local\Temp\VMBuilds\EitajeAT\arduino_due_x\Debug/core.a(WString.cpp.o)
                0x00084c74                String::String(char const*)
                0x00084c74                String::String(char const*)
 .text._ZN6StringaSERKS_
                0x00084c98       0x1e C:\Users\eitanme\AppData\Local\Temp\VMBuilds\EitajeAT\arduino_due_x\Debug/core.a(WString.cpp.o)
                0x00084c98                String::operator=(String const&)
 .text._ZN6StringC2ERKS_
                0x00084cb6       0x14 C:\Users\eitanme\AppData\Local\Temp\VMBuilds\EitajeAT\arduino_due_x\Debug/core.a(WString.cpp.o)
                0x00084cb6                String::String(String const&)
                0x00084cb6                String::String(String const&)
 .text._ZN6StringaSEPKc
                0x00084cca       0x22 C:\Users\eitanme\AppData\Local\Temp\VMBuilds\EitajeAT\arduino_due_x\Debug/core.a(WString.cpp.o)
                0x00084cca                String::operator=(char const*)
 .text._ZN6StringC2Eih
                0x00084cec       0x24 C:\Users\eitanme\AppData\Local\Temp\VMBuilds\EitajeAT\arduino_due_x\Debug/core.a(WString.cpp.o)
                0x00084cec                String::String(int, unsigned char)
                0x00084cec                String::String(int, unsigned char)
 .text._ZN6StringC2Efh
                0x00084d10       0x32 C:\Users\eitanme\AppData\Local\Temp\VMBuilds\EitajeAT\arduino_due_x\Debug/core.a(WString.cpp.o)
                0x00084d10                String::String(float, unsigned char)
                0x00084d10                String::String(float, unsigned char)
 .text._ZN6String6concatEPKcj
                0x00084d42       0x2e C:\Users\eitanme\AppData\Local\Temp\VMBuilds\EitajeAT\arduino_due_x\Debug/core.a(WString.cpp.o)
                0x00084d42                String::concat(char const*, unsigned int)
 .text._ZN6String6concatERKS_
                0x00084d70        0xa C:\Users\eitanme\AppData\Local\Temp\VMBuilds\EitajeAT\arduino_due_x\Debug/core.a(WString.cpp.o)
                0x00084d70                String::concat(String const&)
 .text._ZN6String6concatEPKc
                0x00084d7a       0x1e C:\Users\eitanme\AppData\Local\Temp\VMBuilds\EitajeAT\arduino_due_x\Debug/core.a(WString.cpp.o)
                0x00084d7a                String::concat(char const*)
 .text._ZN6String6concatEc
                0x00084d98       0x1a C:\Users\eitanme\AppData\Local\Temp\VMBuilds\EitajeAT\arduino_due_x\Debug/core.a(WString.cpp.o)
                0x00084d98                String::concat(char)
 .text._ZplRK15StringSumHelperRK6String
                0x00084db2       0x1a C:\Users\eitanme\AppData\Local\Temp\VMBuilds\EitajeAT\arduino_due_x\Debug/core.a(WString.cpp.o)
                0x00084db2                operator+(StringSumHelper const&, String const&)
 .text._ZplRK15StringSumHelperPKc
                0x00084dcc       0x24 C:\Users\eitanme\AppData\Local\Temp\VMBuilds\EitajeAT\arduino_due_x\Debug/core.a(WString.cpp.o)
                0x00084dcc                operator+(StringSumHelper const&, char const*)
 .text._ZN7Serial_9availableEv
                0x00084df0       0x18 C:\Users\eitanme\AppData\Local\Temp\VMBuilds\EitajeAT\arduino_due_x\Debug/core.a(CDC.cpp.o)
                0x00084df0                Serial_::available()
 .text._ZN7Serial_17availableForWriteEv
                0x00084e08        0x6 C:\Users\eitanme\AppData\Local\Temp\VMBuilds\EitajeAT\arduino_due_x\Debug/core.a(CDC.cpp.o)
                0x00084e08                Serial_::availableForWrite()
 *fill*         0x00084e0e        0x2 
 .text._ZN7Serial_4peekEv
                0x00084e10       0x20 C:\Users\eitanme\AppData\Local\Temp\VMBuilds\EitajeAT\arduino_due_x\Debug/core.a(CDC.cpp.o)
                0x00084e10                Serial_::peek()
 .text._ZN7Serial_5writeEh
                0x00084e30       0x16 C:\Users\eitanme\AppData\Local\Temp\VMBuilds\EitajeAT\arduino_due_x\Debug/core.a(CDC.cpp.o)
                0x00084e30                Serial_::write(unsigned char)
 *fill*         0x00084e46        0x2 
 .text._ZN7Serial_4readEv
                0x00084e48       0x44 C:\Users\eitanme\AppData\Local\Temp\VMBuilds\EitajeAT\arduino_due_x\Debug/core.a(CDC.cpp.o)
                0x00084e48                Serial_::read()
 .text._ZN7Serial_5flushEv
                0x00084e8c        0x6 C:\Users\eitanme\AppData\Local\Temp\VMBuilds\EitajeAT\arduino_due_x\Debug/core.a(CDC.cpp.o)
                0x00084e8c                Serial_::flush()
 *fill*         0x00084e92        0x2 
 .text._ZN7Serial_6acceptEv
                0x00084e94       0x70 C:\Users\eitanme\AppData\Local\Temp\VMBuilds\EitajeAT\arduino_due_x\Debug/core.a(CDC.cpp.o)
                0x00084e94                Serial_::accept()
 .text._ZN7Serial_5writeEPKhj
                0x00084f04       0x2c C:\Users\eitanme\AppData\Local\Temp\VMBuilds\EitajeAT\arduino_due_x\Debug/core.a(CDC.cpp.o)
                0x00084f04                Serial_::write(unsigned char const*, unsigned int)
 .text._Z16CDC_GetInterfacePh
                0x00084f30       0x14 C:\Users\eitanme\AppData\Local\Temp\VMBuilds\EitajeAT\arduino_due_x\Debug/core.a(CDC.cpp.o)
                0x00084f30                CDC_GetInterface(unsigned char*)
 .text._Z21CDC_GetOtherInterfacePh
                0x00084f44       0x14 C:\Users\eitanme\AppData\Local\Temp\VMBuilds\EitajeAT\arduino_due_x\Debug/core.a(CDC.cpp.o)
                0x00084f44                CDC_GetOtherInterface(unsigned char*)
 .text._Z9CDC_SetupR8USBSetup
                0x00084f58       0x78 C:\Users\eitanme\AppData\Local\Temp\VMBuilds\EitajeAT\arduino_due_x\Debug/core.a(CDC.cpp.o)
                0x00084f58                CDC_Setup(USBSetup&)
 .text._ZN7Serial_5beginEm
                0x00084fd0        0x2 C:\Users\eitanme\AppData\Local\Temp\VMBuilds\EitajeAT\arduino_due_x\Debug/core.a(CDC.cpp.o)
                0x00084fd0                Serial_::begin(unsigned long)
 *fill*         0x00084fd2        0x2 
 .text._ZN7Serial_cvbEv
                0x00084fd4       0x28 C:\Users\eitanme\AppData\Local\Temp\VMBuilds\EitajeAT\arduino_due_x\Debug/core.a(CDC.cpp.o)
                0x00084fd4                Serial_::operator bool()
 .text.startup._GLOBAL__sub_I_cdc_rx_buffer
                0x00084ffc       0x1c C:\Users\eitanme\AppData\Local\Temp\VMBuilds\EitajeAT\arduino_due_x\Debug/core.a(CDC.cpp.o)
 .text.unlikely._ZL11USB_SendZlpv
                0x00085018       0x20 C:\Users\eitanme\AppData\Local\Temp\VMBuilds\EitajeAT\arduino_due_x\Debug/core.a(USBCore.cpp.o)
 .text._Z14USBD_Availablem
                0x00085038       0x2c C:\Users\eitanme\AppData\Local\Temp\VMBuilds\EitajeAT\arduino_due_x\Debug/core.a(USBCore.cpp.o)
                0x00085038                USBD_Available(unsigned long)
 .text._Z9USBD_RecvmPvm
                0x00085064       0x7c C:\Users\eitanme\AppData\Local\Temp\VMBuilds\EitajeAT\arduino_due_x\Debug/core.a(USBCore.cpp.o)
                0x00085064                USBD_Recv(unsigned long, void*, unsigned long)
 .text._Z9USBD_Recvm
                0x000850e0       0x22 C:\Users\eitanme\AppData\Local\Temp\VMBuilds\EitajeAT\arduino_due_x\Debug/core.a(USBCore.cpp.o)
                0x000850e0                USBD_Recv(unsigned long)
 *fill*         0x00085102        0x2 
 .text._Z9USBD_SendmPKvm
                0x00085104       0x4c C:\Users\eitanme\AppData\Local\Temp\VMBuilds\EitajeAT\arduino_due_x\Debug/core.a(USBCore.cpp.o)
                0x00085104                USBD_Send(unsigned long, void const*, unsigned long)
 .text._Z16USBD_SendControlhPKvm
                0x00085150       0x40 C:\Users\eitanme\AppData\Local\Temp\VMBuilds\EitajeAT\arduino_due_x\Debug/core.a(USBCore.cpp.o)
                0x00085150                USBD_SendControl(unsigned char, void const*, unsigned long)
 .text.unlikely._ZL24USB_SendStringDescriptorPKhi
                0x00085190       0x64 C:\Users\eitanme\AppData\Local\Temp\VMBuilds\EitajeAT\arduino_due_x\Debug/core.a(USBCore.cpp.o)
 .text._Z16USBD_RecvControlPvm
                0x000851f4       0x1c C:\Users\eitanme\AppData\Local\Temp\VMBuilds\EitajeAT\arduino_due_x\Debug/core.a(USBCore.cpp.o)
                0x000851f4                USBD_RecvControl(void*, unsigned long)
 .text._Z26USBD_ClassInterfaceRequestR8USBSetup
                0x00085210       0x1e C:\Users\eitanme\AppData\Local\Temp\VMBuilds\EitajeAT\arduino_due_x\Debug/core.a(USBCore.cpp.o)
                0x00085210                USBD_ClassInterfaceRequest(USBSetup&)
 .text._Z19USBD_SendInterfacesv
                0x0008522e       0x22 C:\Users\eitanme\AppData\Local\Temp\VMBuilds\EitajeAT\arduino_due_x\Debug/core.a(USBCore.cpp.o)
                0x0008522e                USBD_SendInterfaces()
 .text._Z24USBD_SendOtherInterfacesv
                0x00085250       0x22 C:\Users\eitanme\AppData\Local\Temp\VMBuilds\EitajeAT\arduino_due_x\Debug/core.a(USBCore.cpp.o)
                0x00085250                USBD_SendOtherInterfaces()
 .text._Z10USBD_Flushm
                0x00085272       0x16 C:\Users\eitanme\AppData\Local\Temp\VMBuilds\EitajeAT\arduino_due_x\Debug/core.a(USBCore.cpp.o)
                0x00085272                USBD_Flush(unsigned long)
 .text._ZN10USBDevice_C2Ev
                0x00085288       0x24 C:\Users\eitanme\AppData\Local\Temp\VMBuilds\EitajeAT\arduino_due_x\Debug/core.a(USBCore.cpp.o)
                0x00085288                USBDevice_::USBDevice_()
                0x00085288                USBDevice_::USBDevice_()
 .text._ZN10USBDevice_6attachEv
                0x000852ac       0x20 C:\Users\eitanme\AppData\Local\Temp\VMBuilds\EitajeAT\arduino_due_x\Debug/core.a(USBCore.cpp.o)
                0x000852ac                USBDevice_::attach()
 .text.startup._GLOBAL__sub_I_EndPoints
                0x000852cc        0xc C:\Users\eitanme\AppData\Local\Temp\VMBuilds\EitajeAT\arduino_due_x\Debug/core.a(USBCore.cpp.o)
 .text._ZL7USB_ISRv
                0x000852d8      0x454 C:\Users\eitanme\AppData\Local\Temp\VMBuilds\EitajeAT\arduino_due_x\Debug/core.a(USBCore.cpp.o)
 .text.ltoa     0x0008572c       0x6e C:\Users\eitanme\AppData\Local\Temp\VMBuilds\EitajeAT\arduino_due_x\Debug/core.a(itoa.c.o)
                0x0008572c                ltoa
 .text.itoa     0x0008579a        0x4 C:\Users\eitanme\AppData\Local\Temp\VMBuilds\EitajeAT\arduino_due_x\Debug/core.a(itoa.c.o)
                0x0008579a                itoa
 *fill*         0x0008579e        0x2 
 .text.dtostrf  0x000857a0       0x28 C:\Users\eitanme\AppData\Local\Temp\VMBuilds\EitajeAT\arduino_due_x\Debug/core.a(dtostrf.c.o)
                0x000857a0                dtostrf
 .text._ZN13PluggableUSB_12getInterfaceEPh
                0x000857c8       0x28 C:\Users\eitanme\AppData\Local\Temp\VMBuilds\EitajeAT\arduino_due_x\Debug/core.a(PluggableUSB.cpp.o)
                0x000857c8                PluggableUSB_::getInterface(unsigned char*)
 .text._ZN13PluggableUSB_13getDescriptorER8USBSetup
                0x000857f0       0x1c C:\Users\eitanme\AppData\Local\Temp\VMBuilds\EitajeAT\arduino_due_x\Debug/core.a(PluggableUSB.cpp.o)
                0x000857f0                PluggableUSB_::getDescriptor(USBSetup&)
 .text._ZN13PluggableUSB_12getShortNameEPc
                0x0008580c       0x1c C:\Users\eitanme\AppData\Local\Temp\VMBuilds\EitajeAT\arduino_due_x\Debug/core.a(PluggableUSB.cpp.o)
                0x0008580c                PluggableUSB_::getShortName(char*)
 .text._ZN13PluggableUSB_5setupER8USBSetup
                0x00085828       0x20 C:\Users\eitanme\AppData\Local\Temp\VMBuilds\EitajeAT\arduino_due_x\Debug/core.a(PluggableUSB.cpp.o)
                0x00085828                PluggableUSB_::setup(USBSetup&)
 .text._Z12PluggableUSBv
                0x00085848       0x28 C:\Users\eitanme\AppData\Local\Temp\VMBuilds\EitajeAT\arduino_due_x\Debug/core.a(PluggableUSB.cpp.o)
                0x00085848                PluggableUSB()
 .text.TimeTick_Increment
                0x00085870       0x10 C:\Users\eitanme\AppData\Local\arduino15\packages\arduino\hardware\sam\1.6.11\variants\arduino_due_x/libsam_sam3x8e_gcc_rel.a(timetick.o)
                0x00085870                TimeTick_Increment
 .text.GetTickCount
                0x00085880        0xc C:\Users\eitanme\AppData\Local\arduino15\packages\arduino\hardware\sam\1.6.11\variants\arduino_due_x/libsam_sam3x8e_gcc_rel.a(timetick.o)
                0x00085880                GetTickCount
 .text.WDT_Disable
                0x0008588c        0x8 C:\Users\eitanme\AppData\Local\arduino15\packages\arduino\hardware\sam\1.6.11\variants\arduino_due_x/libsam_sam3x8e_gcc_rel.a(wdt.o)
                0x0008588c                WDT_Disable
 .text.UDD_SetStack
                0x00085894        0xc C:\Users\eitanme\AppData\Local\arduino15\packages\arduino\hardware\sam\1.6.11\variants\arduino_due_x/libsam_sam3x8e_gcc_rel.a(uotghs_device.o)
                0x00085894                UDD_SetStack
 .text.UDD_Init
                0x000858a0       0xd0 C:\Users\eitanme\AppData\Local\arduino15\packages\arduino\hardware\sam\1.6.11\variants\arduino_due_x/libsam_sam3x8e_gcc_rel.a(uotghs_device.o)
                0x000858a0                UDD_Init
 .text.UDD_Attach
                0x00085970       0x50 C:\Users\eitanme\AppData\Local\arduino15\packages\arduino\hardware\sam\1.6.11\variants\arduino_due_x/libsam_sam3x8e_gcc_rel.a(uotghs_device.o)
                0x00085970                UDD_Attach
 .text.UDD_InitEP
                0x000859c0       0x2c C:\Users\eitanme\AppData\Local\arduino15\packages\arduino\hardware\sam\1.6.11\variants\arduino_due_x/libsam_sam3x8e_gcc_rel.a(uotghs_device.o)
                0x000859c0                UDD_InitEP
 .text.UDD_InitEndpoints
                0x000859ec       0x3c C:\Users\eitanme\AppData\Local\arduino15\packages\arduino\hardware\sam\1.6.11\variants\arduino_due_x/libsam_sam3x8e_gcc_rel.a(uotghs_device.o)
                0x000859ec                UDD_InitEndpoints
 .text.UDD_WaitIN
                0x00085a28       0x10 C:\Users\eitanme\AppData\Local\arduino15\packages\arduino\hardware\sam\1.6.11\variants\arduino_due_x/libsam_sam3x8e_gcc_rel.a(uotghs_device.o)
                0x00085a28                UDD_WaitIN
 .text.UDD_WaitOUT
                0x00085a38       0x10 C:\Users\eitanme\AppData\Local\arduino15\packages\arduino\hardware\sam\1.6.11\variants\arduino_due_x/libsam_sam3x8e_gcc_rel.a(uotghs_device.o)
                0x00085a38                UDD_WaitOUT
 .text.UDD_ClearIN
                0x00085a48       0x18 C:\Users\eitanme\AppData\Local\arduino15\packages\arduino\hardware\sam\1.6.11\variants\arduino_due_x/libsam_sam3x8e_gcc_rel.a(uotghs_device.o)
                0x00085a48                UDD_ClearIN
 .text.UDD_ClearOUT
                0x00085a60       0x18 C:\Users\eitanme\AppData\Local\arduino15\packages\arduino\hardware\sam\1.6.11\variants\arduino_due_x/libsam_sam3x8e_gcc_rel.a(uotghs_device.o)
                0x00085a60                UDD_ClearOUT
 .text.UDD_ReceivedSetupInt
                0x00085a78       0x10 C:\Users\eitanme\AppData\Local\arduino15\packages\arduino\hardware\sam\1.6.11\variants\arduino_due_x/libsam_sam3x8e_gcc_rel.a(uotghs_device.o)
                0x00085a78                UDD_ReceivedSetupInt
 .text.UDD_ClearSetupInt
                0x00085a88       0x10 C:\Users\eitanme\AppData\Local\arduino15\packages\arduino\hardware\sam\1.6.11\variants\arduino_due_x/libsam_sam3x8e_gcc_rel.a(uotghs_device.o)
                0x00085a88                UDD_ClearSetupInt
 .text.UDD_Send
                0x00085a98       0x88 C:\Users\eitanme\AppData\Local\arduino15\packages\arduino\hardware\sam\1.6.11\variants\arduino_due_x/libsam_sam3x8e_gcc_rel.a(uotghs_device.o)
                0x00085a98                UDD_Send
 .text.UDD_Send8
                0x00085b20       0x24 C:\Users\eitanme\AppData\Local\arduino15\packages\arduino\hardware\sam\1.6.11\variants\arduino_due_x/libsam_sam3x8e_gcc_rel.a(uotghs_device.o)
                0x00085b20                UDD_Send8
 .text.UDD_Recv8
                0x00085b44       0x28 C:\Users\eitanme\AppData\Local\arduino15\packages\arduino\hardware\sam\1.6.11\variants\arduino_due_x/libsam_sam3x8e_gcc_rel.a(uotghs_device.o)
                0x00085b44                UDD_Recv8
 .text.UDD_Recv
                0x00085b6c       0x34 C:\Users\eitanme\AppData\Local\arduino15\packages\arduino\hardware\sam\1.6.11\variants\arduino_due_x/libsam_sam3x8e_gcc_rel.a(uotghs_device.o)
                0x00085b6c                UDD_Recv
 .text.UDD_Stall
                0x00085ba0       0x14 C:\Users\eitanme\AppData\Local\arduino15\packages\arduino\hardware\sam\1.6.11\variants\arduino_due_x/libsam_sam3x8e_gcc_rel.a(uotghs_device.o)
                0x00085ba0                UDD_Stall
 .text.UDD_FifoByteCount
                0x00085bb4       0x14 C:\Users\eitanme\AppData\Local\arduino15\packages\arduino\hardware\sam\1.6.11\variants\arduino_due_x/libsam_sam3x8e_gcc_rel.a(uotghs_device.o)
                0x00085bb4                UDD_FifoByteCount
 .text.UDD_ReleaseRX
                0x00085bc8       0x28 C:\Users\eitanme\AppData\Local\arduino15\packages\arduino\hardware\sam\1.6.11\variants\arduino_due_x/libsam_sam3x8e_gcc_rel.a(uotghs_device.o)
                0x00085bc8                UDD_ReleaseRX
 .text.UDD_ReleaseTX
                0x00085bf0       0x28 C:\Users\eitanme\AppData\Local\arduino15\packages\arduino\hardware\sam\1.6.11\variants\arduino_due_x/libsam_sam3x8e_gcc_rel.a(uotghs_device.o)
                0x00085bf0                UDD_ReleaseTX
 .text.UDD_SetAddress
                0x00085c18       0x20 C:\Users\eitanme\AppData\Local\arduino15\packages\arduino\hardware\sam\1.6.11\variants\arduino_due_x/libsam_sam3x8e_gcc_rel.a(uotghs_device.o)
                0x00085c18                UDD_SetAddress
 .text.cos      0x00085c38       0x8c c:/users/eitanme/appdata/local/arduino15/packages/arduino/tools/arm-none-eabi-gcc/4.8.3-2014q1/bin/../lib/gcc/arm-none-eabi/4.8.3/../../../../arm-none-eabi/lib/armv7-m\libm.a(lib_a-s_cos.o)
                0x00085c38                cos
 .text.__fpclassifyd
                0x00085cc4       0x50 c:/users/eitanme/appdata/local/arduino15/packages/arduino/tools/arm-none-eabi-gcc/4.8.3-2014q1/bin/../lib/gcc/arm-none-eabi/4.8.3/../../../../arm-none-eabi/lib/armv7-m\libm.a(lib_a-s_fpclassify.o)
                0x00085cc4                __fpclassifyd
 .text.sin      0x00085d14       0x94 c:/users/eitanme/appdata/local/arduino15/packages/arduino/tools/arm-none-eabi-gcc/4.8.3-2014q1/bin/../lib/gcc/arm-none-eabi/4.8.3/../../../../arm-none-eabi/lib/armv7-m\libm.a(lib_a-s_sin.o)
                0x00085d14                sin
 .text.atan2    0x00085da8        0x4 c:/users/eitanme/appdata/local/arduino15/packages/arduino/tools/arm-none-eabi-gcc/4.8.3-2014q1/bin/../lib/gcc/arm-none-eabi/4.8.3/../../../../arm-none-eabi/lib/armv7-m\libm.a(lib_a-w_atan2.o)
                0x00085da8                atan2
 .text.pow      0x00085dac      0x2f8 c:/users/eitanme/appdata/local/arduino15/packages/arduino/tools/arm-none-eabi-gcc/4.8.3-2014q1/bin/../lib/gcc/arm-none-eabi/4.8.3/../../../../arm-none-eabi/lib/armv7-m\libm.a(lib_a-w_pow.o)
                0x00085dac                pow
 .text.sqrt     0x000860a4       0xac c:/users/eitanme/appdata/local/arduino15/packages/arduino/tools/arm-none-eabi-gcc/4.8.3-2014q1/bin/../lib/gcc/arm-none-eabi/4.8.3/../../../../arm-none-eabi/lib/armv7-m\libm.a(lib_a-w_sqrt.o)
                0x000860a4                sqrt
 .text.__ieee754_atan2
                0x00086150      0x1f0 c:/users/eitanme/appdata/local/arduino15/packages/arduino/tools/arm-none-eabi-gcc/4.8.3-2014q1/bin/../lib/gcc/arm-none-eabi/4.8.3/../../../../arm-none-eabi/lib/armv7-m\libm.a(lib_a-e_atan2.o)
                0x00086150                __ieee754_atan2
 .text.__ieee754_pow
                0x00086340      0xab8 c:/users/eitanme/appdata/local/arduino15/packages/arduino/tools/arm-none-eabi-gcc/4.8.3-2014q1/bin/../lib/gcc/arm-none-eabi/4.8.3/../../../../arm-none-eabi/lib/armv7-m\libm.a(lib_a-e_pow.o)
                0x00086340                __ieee754_pow