Archive member included because of file (symbol)

C:\Users\eitanme\AppData\Local\arduino15\packages\arduino\hardware\sam\1.6.11\variants\arduino_due_x/libsam_sam3x8e_gcc_rel.a(pio.o)
                              C:\Users\eitanme\AppData\Local\Temp\VMBuilds\EitajeAT\arduino_due_x\Debug\Wire\Wire.cpp.o (PIO_Configure)
C:\Users\eitanme\AppData\Local\arduino15\packages\arduino\hardware\sam\1.6.11\variants\arduino_due_x/libsam_sam3x8e_gcc_rel.a(pmc.o)
                              C:\Users\eitanme\AppData\Local\Temp\VMBuilds\EitajeAT\arduino_due_x\Debug\EitajeAT.cpp.o (pmc_enable_periph_clk)
C:\Users\eitanme\AppData\Local\arduino15\packages\arduino\hardware\sam\1.6.11\variants\arduino_due_x/libsam_sam3x8e_gcc_rel.a(tc.o)
                              C:\Users\eitanme\AppData\Local\Temp\VMBuilds\EitajeAT\arduino_due_x\Debug\EitajeAT.cpp.o (TC_Configure)
C:\Users\eitanme\AppData\Local\arduino15\packages\arduino\hardware\sam\1.6.11\variants\arduino_due_x/libsam_sam3x8e_gcc_rel.a(twi.o)
                              C:\Users\eitanme\AppData\Local\Temp\VMBuilds\EitajeAT\arduino_due_x\Debug\Wire\Wire.cpp.o (TWI_SetClock)
C:\Users\eitanme\AppData\Local\arduino15\packages\arduino\hardware\sam\1.6.11\variants\arduino_due_x/libsam_sam3x8e_gcc_rel.a(system_sam3xa.o)
                              C:\Users\eitanme\AppData\Local\Temp\VMBCore\arduino19x\4426d8be6bfd3aa94381621a40a1bc44\variant\variant.cpp.o (SystemInit)
C:\Users\eitanme\AppData\Local\arduino15\packages\arduino\hardware\sam\1.6.11\variants\arduino_due_x/libsam_sam3x8e_gcc_rel.a(startup_sam3xa.o)
                              (Reset_Handler)
C:\Users\eitanme\AppData\Local\arduino15\packages\arduino\hardware\sam\1.6.11\variants\arduino_due_x/libsam_sam3x8e_gcc_rel.a(adc.o)
                              C:\Users\eitanme\AppData\Local\Temp\VMBCore\arduino19x\4426d8be6bfd3aa94381621a40a1bc44\variant\variant.cpp.o (adc_init)
C:\Users\eitanme\AppData\Local\arduino15\packages\arduino\hardware\sam\1.6.11\variants\arduino_due_x/libsam_sam3x8e_gcc_rel.a(uotghs.o)
                              C:\Users\eitanme\AppData\Local\arduino15\packages\arduino\hardware\sam\1.6.11\variants\arduino_due_x/libsam_sam3x8e_gcc_rel.a(startup_sam3xa.o) (UOTGHS_Handler)
C:\Users\eitanme\AppData\Local\Temp\VMBuilds\EitajeAT\arduino_due_x\Debug/core.a(cortex_handlers.c.o)
                              C:\Users\eitanme\AppData\Local\arduino15\packages\arduino\hardware\sam\1.6.11\variants\arduino_due_x/libsam_sam3x8e_gcc_rel.a(startup_sam3xa.o) (NMI_Handler)
C:\Users\eitanme\AppData\Local\Temp\VMBuilds\EitajeAT\arduino_due_x\Debug/core.a(hooks.c.o)
                              C:\Users\eitanme\AppData\Local\Temp\VMBuilds\EitajeAT\arduino_due_x\Debug/core.a(cortex_handlers.c.o) (sysTickHook)
C:\Users\eitanme\AppData\Local\Temp\VMBuilds\EitajeAT\arduino_due_x\Debug/core.a(syscalls_sam3.c.o)
                              (_sbrk)
C:\Users\eitanme\AppData\Local\Temp\VMBuilds\EitajeAT\arduino_due_x\Debug/core.a(WInterrupts.c.o)
                              C:\Users\eitanme\AppData\Local\Temp\VMBuilds\EitajeAT\arduino_due_x\Debug\EitajeAT.cpp.o (attachInterrupt)
C:\Users\eitanme\AppData\Local\Temp\VMBuilds\EitajeAT\arduino_due_x\Debug/core.a(wiring.c.o)
                              C:\Users\eitanme\AppData\Local\Temp\VMBuilds\EitajeAT\arduino_due_x\Debug\EitajeAT.cpp.o (millis)
C:\Users\eitanme\AppData\Local\Temp\VMBuilds\EitajeAT\arduino_due_x\Debug/core.a(wiring_analog.c.o)
                              C:\Users\eitanme\AppData\Local\Temp\VMBuilds\EitajeAT\arduino_due_x\Debug\EitajeAT.cpp.o (analogReadResolution)
C:\Users\eitanme\AppData\Local\Temp\VMBuilds\EitajeAT\arduino_due_x\Debug/core.a(wiring_digital.c.o)
                              C:\Users\eitanme\AppData\Local\Temp\VMBuilds\EitajeAT\arduino_due_x\Debug\EitajeAT.cpp.o (pinMode)
C:\Users\eitanme\AppData\Local\Temp\VMBuilds\EitajeAT\arduino_due_x\Debug/core.a(abi.cpp.o)
                              C:\Users\eitanme\AppData\Local\Temp\VMBuilds\EitajeAT\arduino_due_x\Debug\EitajeAT.cpp.o (__cxa_pure_virtual)
C:\Users\eitanme\AppData\Local\Temp\VMBuilds\EitajeAT\arduino_due_x\Debug/core.a(main.cpp.o)
                              c:/users/eitanme/appdata/local/arduino15/packages/arduino/tools/arm-none-eabi-gcc/4.8.3-2014q1/bin/../lib/gcc/arm-none-eabi/4.8.3/../../../../arm-none-eabi/lib/armv7-m/crt0.o (main)
C:\Users\eitanme\AppData\Local\Temp\VMBuilds\EitajeAT\arduino_due_x\Debug/core.a(Print.cpp.o)
                              C:\Users\eitanme\AppData\Local\Temp\VMBuilds\EitajeAT\arduino_due_x\Debug\Wire\Wire.cpp.o (Print::write(unsigned char const*, unsigned int))
C:\Users\eitanme\AppData\Local\Temp\VMBuilds\EitajeAT\arduino_due_x\Debug/core.a(Reset.cpp.o)
                              C:\Users\eitanme\AppData\Local\Temp\VMBuilds\EitajeAT\arduino_due_x\Debug/core.a(cortex_handlers.c.o) (tickReset)
C:\Users\eitanme\AppData\Local\Temp\VMBuilds\EitajeAT\arduino_due_x\Debug/core.a(RingBuffer.cpp.o)
[...]
Memory Configuration

Name             Origin             Length             Attributes
rom              0x00080000         0x00080000         xr
sram0            0x20000000         0x00010000         xrw
sram1            0x20080000         0x00008000         xrw
ram              0x20070000         0x00018000         xrw
*default*        0x00000000         0xffffffff

Linker script and memory map

LOAD c:/users/eitanme/appdata/local/arduino15/packages/arduino/tools/arm-none-eabi-gcc/4.8.3-2014q1/bin/../lib/gcc/arm-none-eabi/4.8.3/armv7-m/crti.o
LOAD c:/users/eitanme/appdata/local/arduino15/packages/arduino/tools/arm-none-eabi-gcc/4.8.3-2014q1/bin/../lib/gcc/arm-none-eabi/4.8.3/armv7-m/crtbegin.o
LOAD c:/users/eitanme/appdata/local/arduino15/packages/arduino/tools/arm-none-eabi-gcc/4.8.3-2014q1/bin/../lib/gcc/arm-none-eabi/4.8.3/../../../../arm-none-eabi/lib/armv7-m/crt0.o
START GROUP
LOAD C:\Users\eitanme\AppData\Local\Temp\VMBuilds\EitajeAT\arduino_due_x\Debug\EitajeAT.cpp.o
LOAD C:\Users\eitanme\AppData\Local\Temp\VMBuilds\EitajeAT\arduino_due_x\Debug\ACROBOTIC_SSD1306\ACROBOTIC_SSD1306.cpp.o
LOAD C:\Users\eitanme\AppData\Local\Temp\VMBuilds\EitajeAT\arduino_due_x\Debug\Wire\Wire.cpp.o
LOAD C:\Users\eitanme\AppData\Local\Temp\VMBuilds\EitajeAT\arduino_due_x\Debug\Servo-1.1.2\sam\Servo.cpp.o
LOAD C:\Users\eitanme\AppData\Local\Temp\VMBuilds\EitajeAT\arduino_due_x\Debug\MsgParser\MsgParser.cpp.o
LOAD C:\Users\eitanme\AppData\Local\Temp\VMBuilds\EitajeAT\arduino_due_x\Debug\FastLED-FastLED3.1\colorpalettes.cpp.o
LOAD C:\Users\eitanme\AppData\Local\Temp\VMBuilds\EitajeAT\arduino_due_x\Debug\FastLED-FastLED3.1\colorutils.cpp.o
LOAD C:\Users\eitanme\AppData\Local\Temp\VMBuilds\EitajeAT\arduino_due_x\Debug\FastLED-FastLED3.1\FastLED.cpp.o
LOAD C:\Users\eitanme\AppData\Local\Temp\VMBuilds\EitajeAT\arduino_due_x\Debug\FastLED-FastLED3.1\hsv2rgb.cpp.o
LOAD C:\Users\eitanme\AppData\Local\Temp\VMBuilds\EitajeAT\arduino_due_x\Debug\FastLED-FastLED3.1\lib8tion.cpp.o
LOAD C:\Users\eitanme\AppData\Local\Temp\VMBuilds\EitajeAT\arduino_due_x\Debug\FastLED-FastLED3.1\noise.cpp.o
LOAD C:\Users\eitanme\AppData\Local\Temp\VMBuilds\EitajeAT\arduino_due_x\Debug\FastLED-FastLED3.1\power_mgt.cpp.o
LOAD C:\Users\eitanme\AppData\Local\Temp\VMBuilds\EitajeAT\arduino_due_x\Debug\FastLED-FastLED3.1\wiring.cpp.o
LOAD C:\Users\eitanme\AppData\Local\Temp\VMBuilds\EitajeAT\arduino_due_x\Debug\Encoder\Encoder.cpp.o
LOAD C:\Users\eitanme\AppData\Local\Temp\VMBuilds\EitajeAT\arduino_due_x\Debug\VM_DBG\VM_DBG.cpp.o
LOAD C:\Users\eitanme\AppData\Local\Temp\VMBuilds\EitajeAT\arduino_due_x\Debug\VM_DBG\VM_mem_check_sam.cpp.o
LOAD C:\Users\eitanme\AppData\Local\Temp\VMBCore\arduino19x\4426d8be6bfd3aa94381621a40a1bc44\variant\variant.cpp.o
LOAD C:\Users\eitanme\AppData\Local\arduino15\packages\arduino\hardware\sam\1.6.11\variants\arduino_due_x/libsam_sam3x8e_gcc_rel.a
LOAD C:\Users\eitanme\AppData\Local\Temp\VMBuilds\EitajeAT\arduino_due_x\Debug/core.a
END GROUP
LOAD c:/users/eitanme/appdata/local/arduino15/packages/arduino/tools/arm-none-eabi-gcc/4.8.3-2014q1/bin/../lib/gcc/arm-none-eabi/4.8.3/../../../../arm-none-eabi/lib/armv7-m\libm.a
START GROUP
LOAD c:/users/eitanme/appdata/local/arduino15/packages/arduino/tools/arm-none-eabi-gcc/4.8.3-2014q1/bin/../lib/gcc/arm-none-eabi/4.8.3/armv7-m\libgcc.a
LOAD c:/users/eitanme/appdata/local/arduino15/packages/arduino/tools/arm-none-eabi-gcc/4.8.3-2014q1/bin/../lib/gcc/arm-none-eabi/4.8.3/../../../../arm-none-eabi/lib/armv7-m\libg.a
LOAD c:/users/eitanme/appdata/local/arduino15/packages/arduino/tools/arm-none-eabi-gcc/4.8.3-2014q1/bin/../lib/gcc/arm-none-eabi/4.8.3/../../../../arm-none-eabi/lib/armv7-m\libc.a
END GROUP
LOAD c:/users/eitanme/appdata/local/arduino15/packages/arduino/tools/arm-none-eabi-gcc/4.8.3-2014q1/bin/../lib/gcc/arm-none-eabi/4.8.3/armv7-m/crtend.o
LOAD c:/users/eitanme/appdata/local/arduino15/packages/arduino/tools/arm-none-eabi-gcc/4.8.3-2014q1/bin/../lib/gcc/arm-none-eabi/4.8.3/armv7-m/crtn.o

.text           0x00080000    0x11120
                0x00080000                . = ALIGN (0x4)
                0x00080000                _sfixed = .
 *(.vectors .vectors.*)
 .vectors       0x00080000       0xf4 C:\Users\eitanme\AppData\Local\arduino15\packages\arduino\hardware\sam\1.6.11\variants\arduino_due_x/libsam_sam3x8e_gcc_rel.a(startup_sam3xa.o)
                0x00080000                exception_table
 *(.text .text.* .gnu.linkonce.t.*)
 .text          0x000800f4       0x54 c:/users/eitanme/appdata/local/arduino15/packages/arduino/tools/arm-none-eabi-gcc/4.8.3-2014q1/bin/../lib/gcc/arm-none-eabi/4.8.3/armv7-m/crtbegin.o
 .text.crc_accumulate
                0x00080148       0x1c C:\Users\eitanme\AppData\Local\Temp\VMBuilds\EitajeAT\arduino_due_x\Debug\EitajeAT.cpp.o
 .text._ZN19ClocklessControllerILh36ELi21ELi53ELi32EL6EOrder66ELi0ELb0ELi50EE9clearLedsEi
                0x00080164       0x2c C:\Users\eitanme\AppData\Local\Temp\VMBuilds\EitajeAT\arduino_due_x\Debug\EitajeAT.cpp.o
                0x00080164                ClocklessController<(unsigned char)36, 21, 53, 32, (EOrder)66, 0, false, 50>::clearLeds(int)
 .text._ZNK19ClocklessControllerILh36ELi21ELi53ELi32EL6EOrder66ELi0ELb0ELi50EE17getMaxRefreshRateEv
                0x00080190        0x6 C:\Users\eitanme\AppData\Local\Temp\VMBuilds\EitajeAT\arduino_due_x\Debug\EitajeAT.cpp.o
                0x00080190                ClocklessController<(unsigned char)36, 21, 53, 32, (EOrder)66, 0, false, 50>::getMaxRefreshRate() const
 *fill*         0x00080196        0x2 
 .text._ZN19ClocklessControllerILh36ELi21ELi53ELi32EL6EOrder66ELi0ELb0ELi50EE4initEv
                0x00080198       0x1c C:\Users\eitanme\AppData\Local\Temp\VMBuilds\EitajeAT\arduino_due_x\Debug\EitajeAT.cpp.o
                0x00080198                ClocklessController<(unsigned char)36, 21, 53, 32, (EOrder)66, 0, false, 50>::init()
 .text._Z27startOrientationCalibrationv
                0x000801b4       0x20 C:\Users\eitanme\AppData\Local\Temp\VMBuilds\EitajeAT\arduino_due_x\Debug\EitajeAT.cpp.o
                0x000801b4                startOrientationCalibration()
 .text._Z15commandNotFoundPht
                0x000801d4       0x30 C:\Users\eitanme\AppData\Local\Temp\VMBuilds\EitajeAT\arduino_due_x\Debug\EitajeAT.cpp.o
                0x000801d4                commandNotFound(unsigned char*, unsigned short)
 .text._Z4echov
                0x00080204       0x30 C:\Users\eitanme\AppData\Local\Temp\VMBuilds\EitajeAT\arduino_due_x\Debug\EitajeAT.cpp.o
                0x00080204                echo()
 .text._Z16pan_tilt_relatedv
                0x00080234       0xa4 C:\Users\eitanme\AppData\Local\Temp\VMBuilds\EitajeAT\arduino_due_x\Debug\EitajeAT.cpp.o
                0x00080234                pan_tilt_related()
 .text._Z6moveTov
                0x000802d8       0x94 C:\Users\eitanme\AppData\Local\Temp\VMBuilds\EitajeAT\arduino_due_x\Debug\EitajeAT.cpp.o
                0x000802d8                moveTo()
 .text.mavlink_parse_char.constprop.18
                0x0008036c      0x170 C:\Users\eitanme\AppData\Local\Temp\VMBuilds\EitajeAT\arduino_due_x\Debug\EitajeAT.cpp.o
 .text._ZN8CFastLED4showEv
                0x000804dc        0x6 C:\Users\eitanme\AppData\Local\Temp\VMBuilds\EitajeAT\arduino_due_x\Debug\EitajeAT.cpp.o
                0x000804dc                CFastLED::show()
 .text._ZN7Encoder6updateEP24Encoder_internal_state_t
                0x000804e2       0x5c C:\Users\eitanme\AppData\Local\Temp\VMBuilds\EitajeAT\arduino_due_x\Debug\EitajeAT.cpp.o
                0x000804e2                Encoder::update(Encoder_internal_state_t*)
 *fill*         0x0008053e        0x2 
 .text._ZN7Encoder5isr53Ev
                0x00080540       0x14 C:\Users\eitanme\AppData\Local\Temp\VMBuilds\EitajeAT\arduino_due_x\Debug\EitajeAT.cpp.o
                0x00080540                Encoder::isr53()
 .text._ZN7Encoder5isr52Ev
                0x00080554       0x14 C:\Users\eitanme\AppData\Local\Temp\VMBuilds\EitajeAT\arduino_due_x\Debug\EitajeAT.cpp.o
                0x00080554                Encoder::isr52()
 .text._ZN7Encoder5isr51Ev
                0x00080568       0x14 C:\Users\eitanme\AppData\Local\Temp\VMBuilds\EitajeAT\arduino_due_x\Debug\EitajeAT.cpp.o
                0x00080568                Encoder::isr51()
 .text._ZN7Encoder5isr50Ev
                0x0008057c       0x14 C:\Users\eitanme\AppData\Local\Temp\VMBuilds\EitajeAT\arduino_due_x\Debug\EitajeAT.cpp.o
                0x0008057c                Encoder::isr50()
 .text._ZN7Encoder5isr49Ev
                0x00080590       0x14 C:\Users\eitanme\AppData\Local\Temp\VMBuilds\EitajeAT\arduino_due_x\Debug\EitajeAT.cpp.o
                0x00080590                Encoder::isr49()
 .text._ZN7Encoder5isr48Ev
                0x000805a4       0x14 C:\Users\eitanme\AppData\Local\Temp\VMBuilds\EitajeAT\arduino_due_x\Debug\EitajeAT.cpp.o
                0x000805a4                Encoder::isr48()
 .text._ZN7Encoder5isr47Ev
                0x000805b8       0x14 C:\Users\eitanme\AppData\Local\Temp\VMBuilds\EitajeAT\arduino_due_x\Debug\EitajeAT.cpp.o
                0x000805b8                Encoder::isr47()
 .text._ZN7Encoder5isr46Ev
                0x000805cc       0x14 C:\Users\eitanme\AppData\Local\Temp\VMBuilds\EitajeAT\arduino_due_x\Debug\EitajeAT.cpp.o
                0x000805cc                Encoder::isr46()
 .text._ZN7Encoder5isr45Ev
                0x000805e0       0x14 C:\Users\eitanme\AppData\Local\Temp\VMBuilds\EitajeAT\arduino_due_x\Debug\EitajeAT.cpp.o
                0x000805e0                Encoder::isr45()
 .text._ZN7Encoder5isr44Ev
                0x000805f4       0x14 C:\Users\eitanme\AppData\Local\Temp\VMBuilds\EitajeAT\arduino_due_x\Debug\EitajeAT.cpp.o
                0x000805f4                Encoder::isr44()
 .text._ZN7Encoder5isr43Ev
                0x00080608       0x14 C:\Users\eitanme\AppData\Local\Temp\VMBuilds\EitajeAT\arduino_due_x\Debug\EitajeAT.cpp.o
                0x00080608                Encoder::isr43()
 .text._ZN7Encoder5isr42Ev
                0x0008061c       0x14 C:\Users\eitanme\AppData\Local\Temp\VMBuilds\EitajeAT\arduino_due_x\Debug\EitajeAT.cpp.o
                0x0008061c                Encoder::isr42()
 .text._ZN7Encoder5isr41Ev
                0x00080630       0x14 C:\Users\eitanme\AppData\Local\Temp\VMBuilds\EitajeAT\arduino_due_x\Debug\EitajeAT.cpp.o
                0x00080630                Encoder::isr41()
 .text._ZN7Encoder5isr40Ev
                0x00080644       0x14 C:\Users\eitanme\AppData\Local\Temp\VMBuilds\EitajeAT\arduino_due_x\Debug\EitajeAT.cpp.o
                0x00080644                Encoder::isr40()
 .text._ZN7Encoder5isr39Ev
                0x00080658       0x14 C:\Users\eitanme\AppData\Local\Temp\VMBuilds\EitajeAT\arduino_due_x\Debug\EitajeAT.cpp.o
                0x00080658                Encoder::isr39()
 .text._ZN7Encoder5isr38Ev
                0x0008066c       0x14 C:\Users\eitanme\AppData\Local\Temp\VMBuilds\EitajeAT\arduino_due_x\Debug\EitajeAT.cpp.o
                0x0008066c                Encoder::isr38()
 .text._ZN7Encoder5isr37Ev
                0x00080680       0x14 C:\Users\eitanme\AppData\Local\Temp\VMBuilds\EitajeAT\arduino_due_x\Debug\EitajeAT.cpp.o
                0x00080680                Encoder::isr37()
 .text._ZN7Encoder5isr36Ev
                0x00080694       0x14 C:\Users\eitanme\AppData\Local\Temp\VMBuilds\EitajeAT\arduino_due_x\Debug\EitajeAT.cpp.o
                0x00080694                Encoder::isr36()
 .text._ZN7Encoder5isr35Ev
                0x000806a8       0x14 C:\Users\eitanme\AppData\Local\Temp\VMBuilds\EitajeAT\arduino_due_x\Debug\EitajeAT.cpp.o
                0x000806a8                Encoder::isr35()
 .text._ZN7Encoder5isr34Ev
                0x000806bc       0x14 C:\Users\eitanme\AppData\Local\Temp\VMBuilds\EitajeAT\arduino_due_x\Debug\EitajeAT.cpp.o
                0x000806bc                Encoder::isr34()
 .text._ZN7Encoder5isr33Ev
                0x000806d0       0x14 C:\Users\eitanme\AppData\Local\Temp\VMBuilds\EitajeAT\arduino_due_x\Debug\EitajeAT.cpp.o
                0x000806d0                Encoder::isr33()
 .text._ZN7Encoder5isr32Ev
                0x000806e4       0x14 C:\Users\eitanme\AppData\Local\Temp\VMBuilds\EitajeAT\arduino_due_x\Debug\EitajeAT.cpp.o
                0x000806e4                Encoder::isr32()
 .text._ZN7Encoder5isr31Ev
                0x000806f8       0x10 C:\Users\eitanme\AppData\Local\Temp\VMBuilds\EitajeAT\arduino_due_x\Debug\EitajeAT.cpp.o
                0x000806f8                Encoder::isr31()
 .text._ZN7Encoder5isr30Ev
                0x00080708       0x10 C:\Users\eitanme\AppData\Local\Temp\VMBuilds\EitajeAT\arduino_due_x\Debug\EitajeAT.cpp.o
                0x00080708                Encoder::isr30()
 .text._ZN7Encoder5isr29Ev
                0x00080718       0x10 C:\Users\eitanme\AppData\Local\Temp\VMBuilds\EitajeAT\arduino_due_x\Debug\EitajeAT.cpp.o
                0x00080718                Encoder::isr29()
 .text._ZN7Encoder5isr28Ev
                0x00080728       0x10 C:\Users\eitanme\AppData\Local\Temp\VMBuilds\EitajeAT\arduino_due_x\Debug\EitajeAT.cpp.o
                0x00080728                Encoder::isr28()
 .text._ZN7Encoder5isr27Ev
                0x00080738       0x10 C:\Users\eitanme\AppData\Local\Temp\VMBuilds\EitajeAT\arduino_due_x\Debug\EitajeAT.cpp.o
                0x00080738                Encoder::isr27()
 .text._ZN7Encoder5isr26Ev
                0x00080748       0x10 C:\Users\eitanme\AppData\Local\Temp\VMBuilds\EitajeAT\arduino_due_x\Debug\EitajeAT.cpp.o
                0x00080748                Encoder::isr26()
 .text._ZN7Encoder5isr25Ev
                0x00080758       0x10 C:\Users\eitanme\AppData\Local\Temp\VMBuilds\EitajeAT\arduino_due_x\Debug\EitajeAT.cpp.o
                0x00080758                Encoder::isr25()
 .text._ZN7Encoder5isr24Ev
                0x00080768       0x10 C:\Users\eitanme\AppData\Local\Temp\VMBuilds\EitajeAT\arduino_due_x\Debug\EitajeAT.cpp.o
                0x00080768                Encoder::isr24()
 .text._ZN7Encoder5isr23Ev
                0x00080778       0x10 C:\Users\eitanme\AppData\Local\Temp\VMBuilds\EitajeAT\arduino_due_x\Debug\EitajeAT.cpp.o
                0x00080778                Encoder::isr23()
 .text._ZN7Encoder5isr22Ev
                0x00080788       0x10 C:\Users\eitanme\AppData\Local\Temp\VMBuilds\EitajeAT\arduino_due_x\Debug\EitajeAT.cpp.o
                0x00080788                Encoder::isr22()
 .text._ZN7Encoder5isr21Ev
                0x00080798       0x10 C:\Users\eitanme\AppData\Local\Temp\VMBuilds\EitajeAT\arduino_due_x\Debug\EitajeAT.cpp.o
                0x00080798                Encoder::isr21()
 .text._ZN7Encoder5isr20Ev
                0x000807a8       0x10 C:\Users\eitanme\AppData\Local\Temp\VMBuilds\EitajeAT\arduino_due_x\Debug\EitajeAT.cpp.o
                0x000807a8                Encoder::isr20()
 .text._ZN7Encoder5isr19Ev
                0x000807b8       0x10 C:\Users\eitanme\AppData\Local\Temp\VMBuilds\EitajeAT\arduino_due_x\Debug\EitajeAT.cpp.o
                0x000807b8                Encoder::isr19()
 .text._ZN7Encoder5isr18Ev
                0x000807c8       0x10 C:\Users\eitanme\AppData\Local\Temp\VMBuilds\EitajeAT\arduino_due_x\Debug\EitajeAT.cpp.o
                0x000807c8                Encoder::isr18()
 .text._ZN7Encoder5isr17Ev
                0x000807d8       0x10 C:\Users\eitanme\AppData\Local\Temp\VMBuilds\EitajeAT\arduino_due_x\Debug\EitajeAT.cpp.o
                0x000807d8                Encoder::isr17()
 .text._ZN7Encoder5isr16Ev
                0x000807e8       0x10 C:\Users\eitanme\AppData\Local\Temp\VMBuilds\EitajeAT\arduino_due_x\Debug\EitajeAT.cpp.o
                0x000807e8                Encoder::isr16()
 .text._ZN7Encoder5isr15Ev
                0x000807f8       0x10 C:\Users\eitanme\AppData\Local\Temp\VMBuilds\EitajeAT\arduino_due_x\Debug\EitajeAT.cpp.o
                0x000807f8                Encoder::isr15()
 .text._ZN7Encoder5isr14Ev
                0x00080808       0x10 C:\Users\eitanme\AppData\Local\Temp\VMBuilds\EitajeAT\arduino_due_x\Debug\EitajeAT.cpp.o
                0x00080808                Encoder::isr14()
 .text._ZN7Encoder5isr13Ev
                0x00080818       0x10 C:\Users\eitanme\AppData\Local\Temp\VMBuilds\EitajeAT\arduino_due_x\Debug\EitajeAT.cpp.o
                0x00080818                Encoder::isr13()
 .text._ZN7Encoder5isr12Ev
                0x00080828       0x10 C:\Users\eitanme\AppData\Local\Temp\VMBuilds\EitajeAT\arduino_due_x\Debug\EitajeAT.cpp.o
                0x00080828                Encoder::isr12()
 .text._ZN7Encoder5isr11Ev
                0x00080838       0x10 C:\Users\eitanme\AppData\Local\Temp\VMBuilds\EitajeAT\arduino_due_x\Debug\EitajeAT.cpp.o
                0x00080838                Encoder::isr11()
 .text._ZN7Encoder5isr10Ev
                0x00080848       0x10 C:\Users\eitanme\AppData\Local\Temp\VMBuilds\EitajeAT\arduino_due_x\Debug\EitajeAT.cpp.o
                0x00080848                Encoder::isr10()
 .text._ZN7Encoder4isr9Ev
                0x00080858       0x10 C:\Users\eitanme\AppData\Local\Temp\VMBuilds\EitajeAT\arduino_due_x\Debug\EitajeAT.cpp.o
                0x00080858                Encoder::isr9()
 .text._ZN7Encoder4isr8Ev
                0x00080868       0x10 C:\Users\eitanme\AppData\Local\Temp\VMBuilds\EitajeAT\arduino_due_x\Debug\EitajeAT.cpp.o
                0x00080868                Encoder::isr8()
 .text._ZN7Encoder4isr7Ev
                0x00080878       0x10 C:\Users\eitanme\AppData\Local\Temp\VMBuilds\EitajeAT\arduino_due_x\Debug\EitajeAT.cpp.o
                0x00080878                Encoder::isr7()
 .text._ZN7Encoder4isr6Ev
                0x00080888       0x10 C:\Users\eitanme\AppData\Local\Temp\VMBuilds\EitajeAT\arduino_due_x\Debug\EitajeAT.cpp.o
                0x00080888                Encoder::isr6()
 .text._ZN7Encoder4isr5Ev
                0x00080898       0x10 C:\Users\eitanme\AppData\Local\Temp\VMBuilds\EitajeAT\arduino_due_x\Debug\EitajeAT.cpp.o
                0x00080898                Encoder::isr5()
 .text._ZN7Encoder4isr4Ev
                0x000808a8       0x10 C:\Users\eitanme\AppData\Local\Temp\VMBuilds\EitajeAT\arduino_due_x\Debug\EitajeAT.cpp.o
                0x000808a8                Encoder::isr4()
 .text._ZN7Encoder4isr3Ev
                0x000808b8       0x10 C:\Users\eitanme\AppData\Local\Temp\VMBuilds\EitajeAT\arduino_due_x\Debug\EitajeAT.cpp.o
                0x000808b8                Encoder::isr3()
 .text._ZN7Encoder4isr2Ev
                0x000808c8       0x10 C:\Users\eitanme\AppData\Local\Temp\VMBuilds\EitajeAT\arduino_due_x\Debug\EitajeAT.cpp.o
                0x000808c8                Encoder::isr2()
 .text._ZN7Encoder4isr1Ev
                0x000808d8       0x10 C:\Users\eitanme\AppData\Local\Temp\VMBuilds\EitajeAT\arduino_due_x\Debug\EitajeAT.cpp.o
                0x000808d8                Encoder::isr1()
 .text._ZN7Encoder4isr0Ev
                0x000808e8       0x10 C:\Users\eitanme\AppData\Local\Temp\VMBuilds\EitajeAT\arduino_due_x\Debug\EitajeAT.cpp.o
                0x000808e8                Encoder::isr0()
 .text._ZN7Encoder16attach_interruptEhP24Encoder_internal_state_t
                0x000808f8      0x3ac C:\Users\eitanme\AppData\Local\Temp\VMBuilds\EitajeAT\arduino_due_x\Debug\EitajeAT.cpp.o
                0x000808f8                Encoder::attach_interrupt(unsigned char, Encoder_internal_state_t*)
 *fill*         0x00080ca4        0x4 
 .text._Z18getEncoderPositionv
                0x00080ca8       0x68 C:\Users\eitanme\AppData\Local\Temp\VMBuilds\EitajeAT\arduino_due_x\Debug\EitajeAT.cpp.o
                0x00080ca8                getEncoderPosition()
 .text._Z16Mav_Request_Datav
                0x00080d10       0xcc C:\Users\eitanme\AppData\Local\Temp\VMBuilds\EitajeAT\arduino_due_x\Debug\EitajeAT.cpp.o
                0x00080d10                Mav_Request_Data()
 .text._Z16updateSmartTimerP10SmartTimer
                0x00080ddc       0x20 C:\Users\eitanme\AppData\Local\Temp\VMBuilds\EitajeAT\arduino_due_x\Debug\EitajeAT.cpp.o
                0x00080ddc                updateSmartTimer(SmartTimer*)
 .text._Z9LCD_setupv
                0x00080dfc       0x4c C:\Users\eitanme\AppData\Local\Temp\VMBuilds\EitajeAT\arduino_due_x\Debug\EitajeAT.cpp.o
                0x00080dfc                LCD_setup()
 .text._Z26led_buzz_starting_sequencev
                0x00080e48       0x5c C:\Users\eitanme\AppData\Local\Temp\VMBuilds\EitajeAT\arduino_due_x\Debug\EitajeAT.cpp.o
                0x00080e48                led_buzz_starting_sequence()
 .text._Z9shortBeepi
                0x00080ea4       0x34 C:\Users\eitanme\AppData\Local\Temp\VMBuilds\EitajeAT\arduino_due_x\Debug\EitajeAT.cpp.o
                0x00080ea4                shortBeep(int)
 .text._Z18updateSysStateLedsv
                0x00080ed8      0x220 C:\Users\eitanme\AppData\Local\Temp\VMBuilds\EitajeAT\arduino_due_x\Debug\EitajeAT.cpp.o
                0x00080ed8                updateSysStateLeds()
 .text._Z11PID_controlv
                0x000810f8      0x338 C:\Users\eitanme\AppData\Local\Temp\VMBuilds\EitajeAT\arduino_due_x\Debug\EitajeAT.cpp.o
                0x000810f8                PID_control()
 .text._Z9course_toffff
                0x00081430      0x178 C:\Users\eitanme\AppData\Local\Temp\VMBuilds\EitajeAT\arduino_due_x\Debug\EitajeAT.cpp.o
                0x00081430                course_to(float, float, float, float)
 .text._Z16distance_betweenffff
                0x000815a8      0x160 C:\Users\eitanme\AppData\Local\Temp\VMBuilds\EitajeAT\arduino_due_x\Debug\EitajeAT.cpp.o
                0x000815a8                distance_between(float, float, float, float)
 .text._Z31calc_plane_tracking_coordinatesv
                0x00081708      0x188 C:\Users\eitanme\AppData\Local\Temp\VMBuilds\EitajeAT\arduino_due_x\Debug\EitajeAT.cpp.o
                0x00081708                calc_plane_tracking_coordinates()
 .text._Z7getBattv
                0x00081890       0xc8 C:\Users\eitanme\AppData\Local\Temp\VMBuilds\EitajeAT\arduino_due_x\Debug\EitajeAT.cpp.o
                0x00081890                getBatt()
 .text._Z17gotoMagneticNorthv
                0x00081958      0x100 C:\Users\eitanme\AppData\Local\Temp\VMBuilds\EitajeAT\arduino_due_x\Debug\EitajeAT.cpp.o
                0x00081958                gotoMagneticNorth()
 .text.loop     0x00081a58      0x1a0 C:\Users\eitanme\AppData\Local\Temp\VMBuilds\EitajeAT\arduino_due_x\Debug\EitajeAT.cpp.o
                0x00081a58                loop
 .text._ZN8CMinWaitILi50EE4waitEv
                0x00081bf8       0x14 C:\Users\eitanme\AppData\Local\Temp\VMBuilds\EitajeAT\arduino_due_x\Debug\EitajeAT.cpp.o
                0x00081bf8                CMinWait<50>::wait()
 .text._ZN19ClocklessControllerILh36ELi21ELi53ELi32EL6EOrder66ELi0ELb0ELi50EE15showRGBInternalER15PixelControllerILS0_66EE
                0x00081c0c      0x1c4 C:\Users\eitanme\AppData\Local\Temp\VMBuilds\EitajeAT\arduino_due_x\Debug\EitajeAT.cpp.o
                0x00081c0c                ClocklessController<(unsigned char)36, 21, 53, 32, (EOrder)66, 0, false, 50>::showRGBInternal(PixelController<(EOrder)66>&)
 .text._ZN15PixelControllerIL6EOrder66EE21init_binary_ditheringEv
                0x00081dd0       0x60 C:\Users\eitanme\AppData\Local\Temp\VMBuilds\EitajeAT\arduino_due_x\Debug\EitajeAT.cpp.o
                0x00081dd0                PixelController<(EOrder)66>::init_binary_dithering()
 .text._ZN19ClocklessControllerILh36ELi21ELi53ELi32EL6EOrder66ELi0ELb0ELi50EE4showEPK4CRGBiS2_
                0x00081e30       0x62 C:\Users\eitanme\AppData\Local\Temp\VMBuilds\EitajeAT\arduino_due_x\Debug\EitajeAT.cpp.o
                0x00081e30                ClocklessController<(unsigned char)36, 21, 53, 32, (EOrder)66, 0, false, 50>::show(CRGB const*, int, CRGB)
 .text._ZN19ClocklessControllerILh36ELi21ELi53ELi32EL6EOrder66ELi0ELb0ELi50EE9showColorERK4CRGBiS2_
                0x00081e92       0x62 C:\Users\eitanme\AppData\Local\Temp\VMBuilds\EitajeAT\arduino_due_x\Debug\EitajeAT.cpp.o
                0x00081e92                ClocklessController<(unsigned char)36, 21, 53, 32, (EOrder)66, 0, false, 50>::showColor(CRGB const&, int, CRGB)
 .text.startup._GLOBAL__sub_I_hdg_cal
                0x00081ef4       0xb0 C:\Users\eitanme\AppData\Local\Temp\VMBuilds\EitajeAT\arduino_due_x\Debug\EitajeAT.cpp.o
 *fill*         0x00081fa4        0x4 
 .text._Z12serialEvent1v
                0x00081fa8      0x1f8 C:\Users\eitanme\AppData\Local\Temp\VMBuilds\EitajeAT\arduino_due_x\Debug\EitajeAT.cpp.o
                0x00081fa8                serialEvent1()
 .text._Z12serialEvent2v
                0x000821a0      0x18c C:\Users\eitanme\AppData\Local\Temp\VMBuilds\EitajeAT\arduino_due_x\Debug\EitajeAT.cpp.o
                0x000821a0                serialEvent2()
 .text._Z8sendData6Stringib
                0x0008232c       0x5c C:\Users\eitanme\AppData\Local\Temp\VMBuilds\EitajeAT\arduino_due_x\Debug\EitajeAT.cpp.o
                0x0008232c                sendData(String, int, bool)
 .text._Z14establish_commv
                0x00082388      0x258 C:\Users\eitanme\AppData\Local\Temp\VMBuilds\EitajeAT\arduino_due_x\Debug\EitajeAT.cpp.o
                0x00082388                establish_comm()
 .text.setup    0x000825e0      0x23c C:\Users\eitanme\AppData\Local\Temp\VMBuilds\EitajeAT\arduino_due_x\Debug\EitajeAT.cpp.o
                0x000825e0                setup
 .text._ZN7TwoWire5writeEi
                0x0008281c        0xc C:\Users\eitanme\AppData\Local\Temp\VMBuilds\EitajeAT\arduino_due_x\Debug\ACROBOTIC_SSD1306\ACROBOTIC_SSD1306.cpp.o
                0x0008281c                TwoWire::write(int)
 .text.startup._GLOBAL__sub_I__ZN17ACROBOTIC_SSD13064initEv
                0x00082828        0xc C:\Users\eitanme\AppData\Local\Temp\VMBuilds\EitajeAT\arduino_due_x\Debug\ACROBOTIC_SSD1306\ACROBOTIC_SSD1306.cpp.o
 .text._ZN17ACROBOTIC_SSD130611sendCommandEh
                0x00082834       0x2c C:\Users\eitanme\AppData\Local\Temp\VMBuilds\EitajeAT\arduino_due_x\Debug\ACROBOTIC_SSD1306\ACROBOTIC_SSD1306.cpp.o
                0x00082834                ACROBOTIC_SSD1306::sendCommand(unsigned char)
 .text._ZN17ACROBOTIC_SSD130617setHorizontalModeEv
                0x00082860       0x1a C:\Users\eitanme\AppData\Local\Temp\VMBuilds\EitajeAT\arduino_due_x\Debug\ACROBOTIC_SSD1306\ACROBOTIC_SSD1306.cpp.o
                0x00082860                ACROBOTIC_SSD1306::setHorizontalMode()
 .text._ZN17ACROBOTIC_SSD130611setPageModeEv
                0x0008287a       0x1a C:\Users\eitanme\AppData\Local\Temp\VMBuilds\EitajeAT\arduino_due_x\Debug\ACROBOTIC_SSD1306\ACROBOTIC_SSD1306.cpp.o
                0x0008287a                ACROBOTIC_SSD1306::setPageMode()
 .text._ZN17ACROBOTIC_SSD13069setTextXYEhh
                0x00082894       0x30 C:\Users\eitanme\AppData\Local\Temp\VMBuilds\EitajeAT\arduino_due_x\Debug\ACROBOTIC_SSD1306\ACROBOTIC_SSD1306.cpp.o
                0x00082894                ACROBOTIC_SSD1306::setTextXY(unsigned char, unsigned char)
 .text._ZN17ACROBOTIC_SSD13068sendDataEh
                0x000828c4       0x2c C:\Users\eitanme\AppData\Local\Temp\VMBuilds\EitajeAT\arduino_due_x\Debug\ACROBOTIC_SSD1306\ACROBOTIC_SSD1306.cpp.o
                0x000828c4                ACROBOTIC_SSD1306::sendData(unsigned char)
 .text._ZN17ACROBOTIC_SSD13067putCharEh
                0x000828f0       0x3e C:\Users\eitanme\AppData\Local\Temp\VMBuilds\EitajeAT\arduino_due_x\Debug\ACROBOTIC_SSD1306\ACROBOTIC_SSD1306.cpp.o
                0x000828f0                ACROBOTIC_SSD1306::putChar(unsigned char)
 .text._ZN17ACROBOTIC_SSD130612clearDisplayEv
                0x0008292e       0x44 C:\Users\eitanme\AppData\Local\Temp\VMBuilds\EitajeAT\arduino_due_x\Debug\ACROBOTIC_SSD1306\ACROBOTIC_SSD1306.cpp.o
                0x0008292e                ACROBOTIC_SSD1306::clearDisplay()
 *fill*         0x00082972        0x2 
 .text._ZN17ACROBOTIC_SSD13064initEv
                0x00082974      0x100 C:\Users\eitanme\AppData\Local\Temp\VMBuilds\EitajeAT\arduino_due_x\Debug\ACROBOTIC_SSD1306\ACROBOTIC_SSD1306.cpp.o
                0x00082974                ACROBOTIC_SSD1306::init()
 .text._ZN17ACROBOTIC_SSD130610drawBitmapEPhi
                0x00082a74       0x3a C:\Users\eitanme\AppData\Local\Temp\VMBuilds\EitajeAT\arduino_due_x\Debug\ACROBOTIC_SSD1306\ACROBOTIC_SSD1306.cpp.o
                0x00082a74                ACROBOTIC_SSD1306::drawBitmap(unsigned char*, int)
 .text._ZN7TwoWire5writeEPKhj
                0x00082aae       0x50 C:\Users\eitanme\AppData\Local\Temp\VMBuilds\EitajeAT\arduino_due_x\Debug\Wire\Wire.cpp.o
                0x00082aae                TwoWire::write(unsigned char const*, unsigned int)
 .text._ZN7TwoWire9availableEv
                0x00082afe        0xc C:\Users\eitanme\AppData\Local\Temp\VMBuilds\EitajeAT\arduino_due_x\Debug\Wire\Wire.cpp.o
                0x00082afe                TwoWire::available()
 .text._ZN7TwoWire4readEv
                0x00082b0a       0x1e C:\Users\eitanme\AppData\Local\Temp\VMBuilds\EitajeAT\arduino_due_x\Debug\Wire\Wire.cpp.o
                0x00082b0a                TwoWire::read()
 .text._ZN7TwoWire4peekEv
                0x00082b28       0x16 C:\Users\eitanme\AppData\Local\Temp\VMBuilds\EitajeAT\arduino_due_x\Debug\Wire\Wire.cpp.o
                0x00082b28                TwoWire::peek()
 .text._ZN7TwoWire5flushEv
                0x00082b3e        0x2 C:\Users\eitanme\AppData\Local\Temp\VMBuilds\EitajeAT\arduino_due_x\Debug\Wire\Wire.cpp.o
                0x00082b3e                TwoWire::flush()
 .text._ZN7TwoWire5writeEh
                0x00082b40       0x3a C:\Users\eitanme\AppData\Local\Temp\VMBuilds\EitajeAT\arduino_due_x\Debug\Wire\Wire.cpp.o
                0x00082b40                TwoWire::write(unsigned char)
 *fill*         0x00082b7a        0x2 
 .text._ZL16TWI_WaitByteSentP3Twim.constprop.3
                0x00082b7c       0x2c C:\Users\eitanme\AppData\Local\Temp\VMBuilds\EitajeAT\arduino_due_x\Debug\Wire\Wire.cpp.o
 .text._ZL24TWI_WaitTransferCompleteP3Twim.constprop.4
                0x00082ba8       0x2c C:\Users\eitanme\AppData\Local\Temp\VMBuilds\EitajeAT\arduino_due_x\Debug\Wire\Wire.cpp.o
 .text._ZL9Wire_Initv
                0x00082bd4       0x54 C:\Users\eitanme\AppData\Local\Temp\VMBuilds\EitajeAT\arduino_due_x\Debug\Wire\Wire.cpp.o
 .text._ZL12Wire1_Deinitv
                0x00082c28       0x18 C:\Users\eitanme\AppData\Local\Temp\VMBuilds\EitajeAT\arduino_due_x\Debug\Wire\Wire.cpp.o
 .text._ZL11Wire_Deinitv
                0x00082c40       0x18 C:\Users\eitanme\AppData\Local\Temp\VMBuilds\EitajeAT\arduino_due_x\Debug\Wire\Wire.cpp.o
 .text._ZL10Wire1_Initv
                0x00082c58       0x54 C:\Users\eitanme\AppData\Local\Temp\VMBuilds\EitajeAT\arduino_due_x\Debug\Wire\Wire.cpp.o
 .text._ZN7TwoWireC2EP3TwiPFvvES3_
                0x00082cac       0x48 C:\Users\eitanme\AppData\Local\Temp\VMBuilds\EitajeAT\arduino_due_x\Debug\Wire\Wire.cpp.o
                0x00082cac                TwoWire::TwoWire(Twi*, void (*)(), void (*)())
                0x00082cac                TwoWire::TwoWire(Twi*, void (*)(), void (*)())
 .text._ZN7TwoWire5beginEv
                0x00082cf4       0x30 C:\Users\eitanme\AppData\Local\Temp\VMBuilds\EitajeAT\arduino_due_x\Debug\Wire\Wire.cpp.o
                0x00082cf4                TwoWire::begin()
 .text._ZN7TwoWire17beginTransmissionEi
                0x00082d24       0x12 C:\Users\eitanme\AppData\Local\Temp\VMBuilds\EitajeAT\arduino_due_x\Debug\Wire\Wire.cpp.o
                0x00082d24                TwoWire::beginTransmission(int)
 .text._ZN7TwoWire15endTransmissionEh
                0x00082d36       0x82 C:\Users\eitanme\AppData\Local\Temp\VMBuilds\EitajeAT\arduino_due_x\Debug\Wire\Wire.cpp.o
                0x00082d36                TwoWire::endTransmission(unsigned char)
 .text._ZN7TwoWire15endTransmissionEv
                0x00082db8        0x6 C:\Users\eitanme\AppData\Local\Temp\VMBuilds\EitajeAT\arduino_due_x\Debug\Wire\Wire.cpp.o
                0x00082db8                TwoWire::endTransmission()
 .text._ZN7TwoWire9onServiceEv
                0x00082dbe      0x118 C:\Users\eitanme\AppData\Local\Temp\VMBuilds\EitajeAT\arduino_due_x\Debug\Wire\Wire.cpp.o
                0x00082dbe                TwoWire::onService()
 *fill*         0x00082ed6        0x2 
 .text.TWI1_Handler
                0x00082ed8        0xc C:\Users\eitanme\AppData\Local\Temp\VMBuilds\EitajeAT\arduino_due_x\Debug\Wire\Wire.cpp.o
                0x00082ed8                TWI1_Handler
 .text.TWI0_Handler
                0x00082ee4        0xc C:\Users\eitanme\AppData\Local\Temp\VMBuilds\EitajeAT\arduino_due_x\Debug\Wire\Wire.cpp.o
                0x00082ee4                TWI0_Handler
 .text.startup._GLOBAL__sub_I__ZN7TwoWireC2EP3TwiPFvvES3_
                0x00082ef0       0x40 C:\Users\eitanme\AppData\Local\Temp\VMBuilds\EitajeAT\arduino_due_x\Debug\Wire\Wire.cpp.o
 .text._ZL8_initISRP2Tcmm4IRQn
                0x00082f30       0x50 C:\Users\eitanme\AppData\Local\Temp\VMBuilds\EitajeAT\arduino_due_x\Debug\Servo-1.1.2\sam\Servo.cpp.o
 .text._Z13Servo_Handler18timer16_Sequence_tP2Tch
                0x00082f80      0x10c C:\Users\eitanme\AppData\Local\Temp\VMBuilds\EitajeAT\arduino_due_x\Debug\Servo-1.1.2\sam\Servo.cpp.o
                0x00082f80                Servo_Handler(timer16_Sequence_t, Tc*, unsigned char)
 .text.TC3_Handler
                0x0008308c       0x10 C:\Users\eitanme\AppData\Local\Temp\VMBuilds\EitajeAT\arduino_due_x\Debug\Servo-1.1.2\sam\Servo.cpp.o
                0x0008308c                TC3_Handler
 .text.TC4_Handler
                0x0008309c       0x10 C:\Users\eitanme\AppData\Local\Temp\VMBuilds\EitajeAT\arduino_due_x\Debug\Servo-1.1.2\sam\Servo.cpp.o
                0x0008309c                TC4_Handler
 .text.TC5_Handler
                0x000830ac       0x10 C:\Users\eitanme\AppData\Local\Temp\VMBuilds\EitajeAT\arduino_due_x\Debug\Servo-1.1.2\sam\Servo.cpp.o
                0x000830ac                TC5_Handler
 .text.TC2_Handler
                0x000830bc       0x10 C:\Users\eitanme\AppData\Local\Temp\VMBuilds\EitajeAT\arduino_due_x\Debug\Servo-1.1.2\sam\Servo.cpp.o
                0x000830bc                TC2_Handler
 .text.TC0_Handler
                0x000830cc       0x10 C:\Users\eitanme\AppData\Local\Temp\VMBuilds\EitajeAT\arduino_due_x\Debug\Servo-1.1.2\sam\Servo.cpp.o
                0x000830cc                TC0_Handler
 .text._ZN5ServoC2Ev
                0x000830dc       0x40 C:\Users\eitanme\AppData\Local\Temp\VMBuilds\EitajeAT\arduino_due_x\Debug\Servo-1.1.2\sam\Servo.cpp.o
                0x000830dc                Servo::Servo()
                0x000830dc                Servo::Servo()
 .text._ZN5Servo6attachEiii
                0x0008311c       0xb8 C:\Users\eitanme\AppData\Local\Temp\VMBuilds\EitajeAT\arduino_due_x\Debug\Servo-1.1.2\sam\Servo.cpp.o
                0x0008311c                Servo::attach(int, int, int)
 .text._ZN5Servo6attachEi
                0x000831d4        0xc C:\Users\eitanme\AppData\Local\Temp\VMBuilds\EitajeAT\arduino_due_x\Debug\Servo-1.1.2\sam\Servo.cpp.o
                0x000831d4                Servo::attach(int)
 .text._ZN5Servo17writeMicrosecondsEi
                0x000831e0       0x4c C:\Users\eitanme\AppData\Local\Temp\VMBuilds\EitajeAT\arduino_due_x\Debug\Servo-1.1.2\sam\Servo.cpp.o
                0x000831e0                Servo::writeMicroseconds(int)
 .text._ZN5Servo5writeEi
                0x0008322c       0x42 C:\Users\eitanme\AppData\Local\Temp\VMBuilds\EitajeAT\arduino_due_x\Debug\Servo-1.1.2\sam\Servo.cpp.o
                0x0008322c                Servo::write(int)
 .text._ZN9MsgParser8setTableEPK11FuncEntry_th
                0x0008326e        0xc C:\Users\eitanme\AppData\Local\Temp\VMBuilds\EitajeAT\arduino_due_x\Debug\MsgParser\MsgParser.cpp.o
                0x0008326e                MsgParser::setTable(FuncEntry_t const*, unsigned char)
 .text._ZN9MsgParser15useStartByteSetEb
                0x0008327a       0x14 C:\Users\eitanme\AppData\Local\Temp\VMBuilds\EitajeAT\arduino_due_x\Debug\MsgParser\MsgParser.cpp.o
                0x0008327a                MsgParser::useStartByteSet(bool)
 .text._ZN9MsgParserC2Ev
                0x0008328e       0x54 C:\Users\eitanme\AppData\Local\Temp\VMBuilds\EitajeAT\arduino_due_x\Debug\MsgParser\MsgParser.cpp.o
                0x0008328e                MsgParser::MsgParser()
                0x0008328e                MsgParser::MsgParser()
 .text._ZN9MsgParser24setHandlerForCmdNotFoundEPFvPhtE
                0x000832e2        0x6 C:\Users\eitanme\AppData\Local\Temp\VMBuilds\EitajeAT\arduino_due_x\Debug\MsgParser\MsgParser.cpp.o
                0x000832e2                MsgParser::setHandlerForCmdNotFound(void (*)(unsigned char*, unsigned short))
 .text._ZN9MsgParser10setEndByteEh
                0x000832e8        0x6 C:\Users\eitanme\AppData\Local\Temp\VMBuilds\EitajeAT\arduino_due_x\Debug\MsgParser\MsgParser.cpp.o
                0x000832e8                MsgParser::setEndByte(unsigned char)
 *fill*         0x000832ee        0x2 
 .text._ZN9MsgParser6getIntEv
                0x000832f0       0x20 C:\Users\eitanme\AppData\Local\Temp\VMBuilds\EitajeAT\arduino_due_x\Debug\MsgParser\MsgParser.cpp.o
                0x000832f0                MsgParser::getInt()
 .text._ZN9MsgParser14clearTheBufferEv
                0x00083310       0x12 C:\Users\eitanme\AppData\Local\Temp\VMBuilds\EitajeAT\arduino_due_x\Debug\MsgParser\MsgParser.cpp.o
                0x00083310                MsgParser::clearTheBuffer()
 *fill*         0x00083322        0x2 
 .text._ZN9MsgParser11processByteEh
                0x00083324       0xdc C:\Users\eitanme\AppData\Local\Temp\VMBuilds\EitajeAT\arduino_due_x\Debug\MsgParser\MsgParser.cpp.o
                0x00083324                MsgParser::processByte(unsigned char)
 .text._ZN14CLEDController13getAdjustmentEh
                0x00083400       0x2c C:\Users\eitanme\AppData\Local\Temp\VMBuilds\EitajeAT\arduino_due_x\Debug\FastLED-FastLED3.1\FastLED.cpp.o
                0x00083400                CLEDController::getAdjustment(unsigned char)
 .text._ZN8CFastLED9clearDataEv
                0x0008342c       0x24 C:\Users\eitanme\AppData\Local\Temp\VMBuilds\EitajeAT\arduino_due_x\Debug\FastLED-FastLED3.1\FastLED.cpp.o
                0x0008342c                CFastLED::clearData()
 .text._ZN8CFastLED8countFPSEi
                0x00083450       0x3c C:\Users\eitanme\AppData\Local\Temp\VMBuilds\EitajeAT\arduino_due_x\Debug\FastLED-FastLED3.1\FastLED.cpp.o
                0x00083450                CFastLED::countFPS(int)
 .text._ZN8CFastLED4showEh
                0x0008348c       0x74 C:\Users\eitanme\AppData\Local\Temp\VMBuilds\EitajeAT\arduino_due_x\Debug\FastLED-FastLED3.1\FastLED.cpp.o
                0x0008348c                CFastLED::show(unsigned char)
 .text._ZN8CFastLED17setMaxRefreshRateEtb
                0x00083500       0x28 C:\Users\eitanme\AppData\Local\Temp\VMBuilds\EitajeAT\arduino_due_x\Debug\FastLED-FastLED3.1\FastLED.cpp.o
                0x00083500                CFastLED::setMaxRefreshRate(unsigned short, bool)
 .text._ZN8CFastLED7addLedsEP14CLEDControllerP4CRGBii
                0x00083528       0x3c C:\Users\eitanme\AppData\Local\Temp\VMBuilds\EitajeAT\arduino_due_x\Debug\FastLED-FastLED3.1\FastLED.cpp.o
                0x00083528                CFastLED::addLeds(CLEDController*, CRGB*, int, int)
 .text.startup._GLOBAL__sub_I_fuckit
                0x00083564       0x10 C:\Users\eitanme\AppData\Local\Temp\VMBuilds\EitajeAT\arduino_due_x\Debug\FastLED-FastLED3.1\FastLED.cpp.o
 .text._ZN16VisualMicroDebug16DBG_YieldAndWaitEmb
                0x00083574       0x1a C:\Users\eitanme\AppData\Local\Temp\VMBuilds\EitajeAT\arduino_due_x\Debug\VM_DBG\VM_DBG.cpp.o
                0x00083574                VisualMicroDebug::DBG_YieldAndWait(unsigned long, bool)
 .text._ZN16VisualMicroDebug16DBG_YieldAndWaitEm
                0x0008358e        0x6 C:\Users\eitanme\AppData\Local\Temp\VMBuilds\EitajeAT\arduino_due_x\Debug\VM_DBG\VM_DBG.cpp.o
                0x0008358e                VisualMicroDebug::DBG_YieldAndWait(unsigned long)
 .text._ZN16VisualMicroDebug10DBG_MillisEv
                0x00083594        0x4 C:\Users\eitanme\AppData\Local\Temp\VMBuilds\EitajeAT\arduino_due_x\Debug\VM_DBG\VM_DBG.cpp.o
                0x00083594                VisualMicroDebug::DBG_Millis()
 .text._ZN16VisualMicroDebug17OnBreakPointBeginEm
                0x00083598       0x16 C:\Users\eitanme\AppData\Local\Temp\VMBuilds\EitajeAT\arduino_due_x\Debug\VM_DBG\VM_DBG.cpp.o
                0x00083598                VisualMicroDebug::OnBreakPointBegin(unsigned long)
 *fill*         0x000835ae        0x2 
 .text._ZN16VisualMicroDebug22OnBreakPointPrintBeginEh
                0x000835b0       0x6c C:\Users\eitanme\AppData\Local\Temp\VMBuilds\EitajeAT\arduino_due_x\Debug\VM_DBG\VM_DBG.cpp.o
                0x000835b0                VisualMicroDebug::OnBreakPointPrintBegin(unsigned char)
 .text._ZN16VisualMicroDebug20OnBreakPointPrintEndEv
                0x0008361c        0xc C:\Users\eitanme\AppData\Local\Temp\VMBuilds\EitajeAT\arduino_due_x\Debug\VM_DBG\VM_DBG.cpp.o
                0x0008361c                VisualMicroDebug::OnBreakPointPrintEnd()
 .text._ZN16VisualMicroDebug15OnBreakPointEndEv
                0x00083628        0xc C:\Users\eitanme\AppData\Local\Temp\VMBuilds\EitajeAT\arduino_due_x\Debug\VM_DBG\VM_DBG.cpp.o
                0x00083628                VisualMicroDebug::OnBreakPointEnd()
 .text._ZN16VisualMicroDebug14outPacketStartEb
                0x00083634       0x28 C:\Users\eitanme\AppData\Local\Temp\VMBuilds\EitajeAT\arduino_due_x\Debug\VM_DBG\VM_DBG.cpp.o
                0x00083634                VisualMicroDebug::outPacketStart(bool)
 .text._ZN16VisualMicroDebug12outPacketEndEv
                0x0008365c        0x2 C:\Users\eitanme\AppData\Local\Temp\VMBuilds\EitajeAT\arduino_due_x\Debug\VM_DBG\VM_DBG.cpp.o
                0x0008365c                VisualMicroDebug::outPacketEnd()
 .text._ZN16VisualMicroDebug5beginEP7Serial_m
                0x0008365e       0x2c C:\Users\eitanme\AppData\Local\Temp\VMBuilds\EitajeAT\arduino_due_x\Debug\VM_DBG\VM_DBG.cpp.o
                0x0008365e                VisualMicroDebug::begin(Serial_*, unsigned long)
 .text._ZN16VisualMicroDebug4initEm
                0x0008368a        0xe C:\Users\eitanme\AppData\Local\Temp\VMBuilds\EitajeAT\arduino_due_x\Debug\VM_DBG\VM_DBG.cpp.o
                0x0008368a                VisualMicroDebug::init(unsigned long)
 .text._ZN16VisualMicroDebug4readEv
                0x00083698        0xe C:\Users\eitanme\AppData\Local\Temp\VMBuilds\EitajeAT\arduino_due_x\Debug\VM_DBG\VM_DBG.cpp.o
                0x00083698                VisualMicroDebug::read()
 .text._ZN16VisualMicroDebug9availableEv
                0x000836a6        0xe C:\Users\eitanme\AppData\Local\Temp\VMBuilds\EitajeAT\arduino_due_x\Debug\VM_DBG\VM_DBG.cpp.o
                0x000836a6                VisualMicroDebug::available()
 .text._ZN16VisualMicroDebug16sendContinuedACKEh
                0x000836b4       0x3c C:\Users\eitanme\AppData\Local\Temp\VMBuilds\EitajeAT\arduino_due_x\Debug\VM_DBG\VM_DBG.cpp.o
                0x000836b4                VisualMicroDebug::sendContinuedACK(unsigned char)
 .text._ZN16VisualMicroDebug9breakWaitEh
                0x000836f0       0x54 C:\Users\eitanme\AppData\Local\Temp\VMBuilds\EitajeAT\arduino_due_x\Debug\VM_DBG\VM_DBG.cpp.o
                0x000836f0                VisualMicroDebug::breakWait(unsigned char)
 .text._ZN16VisualMicroDebug5startEbb
                0x00083744       0x26 C:\Users\eitanme\AppData\Local\Temp\VMBuilds\EitajeAT\arduino_due_x\Debug\VM_DBG\VM_DBG.cpp.o
                0x00083744                VisualMicroDebug::start(bool, bool)
 *fill*         0x0008376a        0x2 
 .text.startup._GLOBAL__sub_I__ZN16VisualMicroDebug16DBG_YieldAndWaitEm
                0x0008376c       0x14 C:\Users\eitanme\AppData\Local\Temp\VMBuilds\EitajeAT\arduino_due_x\Debug\VM_DBG\VM_DBG.cpp.o
 .text._Z11serialEventv
                0x00083780        0x2 C:\Users\eitanme\AppData\Local\Temp\VMBCore\arduino19x\4426d8be6bfd3aa94381621a40a1bc44\variant\variant.cpp.o
                0x00083780                serialEvent()
 *fill*         0x00083782        0x2 
 .text.UART_Handler
                0x00083784        0xc C:\Users\eitanme\AppData\Local\Temp\VMBCore\arduino19x\4426d8be6bfd3aa94381621a40a1bc44\variant\variant.cpp.o
                0x00083784                UART_Handler
 .text._Z12serialEvent3v
                0x00083790        0x2 C:\Users\eitanme\AppData\Local\Temp\VMBCore\arduino19x\4426d8be6bfd3aa94381621a40a1bc44\variant\variant.cpp.o
                0x00083790                serialEvent3()
 *fill*         0x00083792        0x2 
 .text.USART0_Handler
                0x00083794        0xc C:\Users\eitanme\AppData\Local\Temp\VMBCore\arduino19x\4426d8be6bfd3aa94381621a40a1bc44\variant\variant.cpp.o
                0x00083794                USART0_Handler
 .text.USART1_Handler
                0x000837a0        0xc C:\Users\eitanme\AppData\Local\Temp\VMBCore\arduino19x\4426d8be6bfd3aa94381621a40a1bc44\variant\variant.cpp.o
                0x000837a0                USART1_Handler
 .text.USART3_Handler
                0x000837ac        0xc C:\Users\eitanme\AppData\Local\Temp\VMBCore\arduino19x\4426d8be6bfd3aa94381621a40a1bc44\variant\variant.cpp.o
                0x000837ac                USART3_Handler
 .text.init     0x000837b8      0x128 C:\Users\eitanme\AppData\Local\Temp\VMBCore\arduino19x\4426d8be6bfd3aa94381621a40a1bc44\variant\variant.cpp.o
                0x000837b8                init
 .text.startup._GLOBAL__sub_I_g_APinDescription
                0x000838e0       0xd4 C:\Users\eitanme\AppData\Local\Temp\VMBCore\arduino19x\4426d8be6bfd3aa94381621a40a1bc44\variant\variant.cpp.o
 .text._Z14serialEventRunv
                0x000839b4       0x44 C:\Users\eitanme\AppData\Local\Temp\VMBCore\arduino19x\4426d8be6bfd3aa94381621a40a1bc44\variant\variant.cpp.o
                0x000839b4                serialEventRun()
 .text.PIO_PullUp
                0x000839f8        0xa C:\Users\eitanme\AppData\Local\arduino15\packages\arduino\hardware\sam\1.6.11\variants\arduino_due_x/libsam_sam3x8e_gcc_rel.a(pio.o)
                0x000839f8                PIO_PullUp
 .text.PIO_Get  0x00083a02       0x14 C:\Users\eitanme\AppData\Local\arduino15\packages\arduino\hardware\sam\1.6.11\variants\arduino_due_x/libsam_sam3x8e_gcc_rel.a(pio.o)
                0x00083a02                PIO_Get
 .text.PIO_SetPeripheral
                0x00083a16       0x26 C:\Users\eitanme\AppData\Local\arduino15\packages\arduino\hardware\sam\1.6.11\variants\arduino_due_x/libsam_sam3x8e_gcc_rel.a(pio.o)
                0x00083a16                PIO_SetPeripheral
 .text.PIO_SetInput
                0x00083a3c       0x26 C:\Users\eitanme\AppData\Local\arduino15\packages\arduino\hardware\sam\1.6.11\variants\arduino_due_x/libsam_sam3x8e_gcc_rel.a(pio.o)
                0x00083a3c                PIO_SetInput
 .text.PIO_SetOutput
                0x00083a62       0x24 C:\Users\eitanme\AppData\Local\arduino15\packages\arduino\hardware\sam\1.6.11\variants\arduino_due_x/libsam_sam3x8e_gcc_rel.a(pio.o)
                0x00083a62                PIO_SetOutput
 *fill*         0x00083a86        0x2 
 .text.PIO_Configure
                0x00083a88       0x64 C:\Users\eitanme\AppData\Local\arduino15\packages\arduino\hardware\sam\1.6.11\variants\arduino_due_x/libsam_sam3x8e_gcc_rel.a(pio.o)
                0x00083a88                PIO_Configure
 .text.PIO_GetOutputDataStatus
                0x00083aec       0x14 C:\Users\eitanme\AppData\Local\arduino15\packages\arduino\hardware\sam\1.6.11\variants\arduino_due_x/libsam_sam3x8e_gcc_rel.a(pio.o)
                0x00083aec                PIO_GetOutputDataStatus
 .text.pmc_enable_upll_clock
                0x00083b00       0x14 C:\Users\eitanme\AppData\Local\arduino15\packages\arduino\hardware\sam\1.6.11\variants\arduino_due_x/libsam_sam3x8e_gcc_rel.a(pmc.o)
                0x00083b00                pmc_enable_upll_clock
 .text.pmc_enable_periph_clk
                0x00083b14       0x44 C:\Users\eitanme\AppData\Local\arduino15\packages\arduino\hardware\sam\1.6.11\variants\arduino_due_x/libsam_sam3x8e_gcc_rel.a(pmc.o)
                0x00083b14                pmc_enable_periph_clk
 .text.pmc_disable_periph_clk
                0x00083b58       0x40 C:\Users\eitanme\AppData\Local\arduino15\packages\arduino\hardware\sam\1.6.11\variants\arduino_due_x/libsam_sam3x8e_gcc_rel.a(pmc.o)
                0x00083b58                pmc_disable_periph_clk
 .text.pmc_switch_udpck_to_upllck
                0x00083b98       0x14 C:\Users\eitanme\AppData\Local\arduino15\packages\arduino\hardware\sam\1.6.11\variants\arduino_due_x/libsam_sam3x8e_gcc_rel.a(pmc.o)
                0x00083b98                pmc_switch_udpck_to_upllck
 .text.pmc_enable_udpck
                0x00083bac        0xc C:\Users\eitanme\AppData\Local\arduino15\packages\arduino\hardware\sam\1.6.11\variants\arduino_due_x/libsam_sam3x8e_gcc_rel.a(pmc.o)
                0x00083bac                pmc_enable_udpck
 .text.TC_Configure
                0x00083bb8       0x38 C:\Users\eitanme\AppData\Local\arduino15\packages\arduino\hardware\sam\1.6.11\variants\arduino_due_x/libsam_sam3x8e_gcc_rel.a(tc.o)
                0x00083bb8                TC_Configure
 .text.TC_Start
                0x00083bf0       0x2c C:\Users\eitanme\AppData\Local\arduino15\packages\arduino\hardware\sam\1.6.11\variants\arduino_due_x/libsam_sam3x8e_gcc_rel.a(tc.o)
                0x00083bf0                TC_Start
 .text.TC_Stop  0x00083c1c       0x2c C:\Users\eitanme\AppData\Local\arduino15\packages\arduino\hardware\sam\1.6.11\variants\arduino_due_x/libsam_sam3x8e_gcc_rel.a(tc.o)
                0x00083c1c                TC_Stop
 .text.TC_SetRA
                0x00083c48        0x8 C:\Users\eitanme\AppData\Local\arduino15\packages\arduino\hardware\sam\1.6.11\variants\arduino_due_x/libsam_sam3x8e_gcc_rel.a(tc.o)
                0x00083c48                TC_SetRA
 .text.TWI_SetClock
                0x00083c50       0x58 C:\Users\eitanme\AppData\Local\arduino15\packages\arduino\hardware\sam\1.6.11\variants\arduino_due_x/libsam_sam3x8e_gcc_rel.a(twi.o)
                0x00083c50                TWI_SetClock
 .text.TWI_Disable
                0x00083ca8       0x2c C:\Users\eitanme\AppData\Local\arduino15\packages\arduino\hardware\sam\1.6.11\variants\arduino_due_x/libsam_sam3x8e_gcc_rel.a(twi.o)
                0x00083ca8                TWI_Disable
 .text.TWI_ConfigureMaster
                0x00083cd4       0x48 C:\Users\eitanme\AppData\Local\arduino15\packages\arduino\hardware\sam\1.6.11\variants\arduino_due_x/libsam_sam3x8e_gcc_rel.a(twi.o)
                0x00083cd4                TWI_ConfigureMaster
 .text.TWI_Stop
                0x00083d1c       0x28 C:\Users\eitanme\AppData\Local\arduino15\packages\arduino\hardware\sam\1.6.11\variants\arduino_due_x/libsam_sam3x8e_gcc_rel.a(twi.o)
                0x00083d1c                TWI_Stop
 .text.TWI_ReadByte
                0x00083d44       0x28 C:\Users\eitanme\AppData\Local\arduino15\packages\arduino\hardware\sam\1.6.11\variants\arduino_due_x/libsam_sam3x8e_gcc_rel.a(twi.o)
                0x00083d44                TWI_ReadByte
 .text.TWI_WriteByte
                0x00083d6c       0x24 C:\Users\eitanme\AppData\Local\arduino15\packages\arduino\hardware\sam\1.6.11\variants\arduino_due_x/libsam_sam3x8e_gcc_rel.a(twi.o)
                0x00083d6c                TWI_WriteByte
 .text.TWI_StartWrite
                0x00083d90       0x7c C:\Users\eitanme\AppData\Local\arduino15\packages\arduino\hardware\sam\1.6.11\variants\arduino_due_x/libsam_sam3x8e_gcc_rel.a(twi.o)
                0x00083d90                TWI_StartWrite
 .text.TWI_EnableIt
                0x00083e0c       0x40 C:\Users\eitanme\AppData\Local\arduino15\packages\arduino\hardware\sam\1.6.11\variants\arduino_due_x/libsam_sam3x8e_gcc_rel.a(twi.o)
                0x00083e0c                TWI_EnableIt
 .text.TWI_DisableIt
                0x00083e4c       0x40 C:\Users\eitanme\AppData\Local\arduino15\packages\arduino\hardware\sam\1.6.11\variants\arduino_due_x/libsam_sam3x8e_gcc_rel.a(twi.o)
                0x00083e4c                TWI_DisableIt
 .text.TWI_GetStatus
                0x00083e8c       0x28 C:\Users\eitanme\AppData\Local\arduino15\packages\arduino\hardware\sam\1.6.11\variants\arduino_due_x/libsam_sam3x8e_gcc_rel.a(twi.o)
                0x00083e8c                TWI_GetStatus
 .text.SystemInit
                0x00083eb4       0x88 C:\Users\eitanme\AppData\Local\arduino15\packages\arduino\hardware\sam\1.6.11\variants\arduino_due_x/libsam_sam3x8e_gcc_rel.a(system_sam3xa.o)
                0x00083eb4                SystemInit
 .text.Reset_Handler
                0x00083f3c       0x78 C:\Users\eitanme\AppData\Local\arduino15\packages\arduino\hardware\sam\1.6.11\variants\arduino_due_x/libsam_sam3x8e_gcc_rel.a(startup_sam3xa.o)
                0x00083f3c                Reset_Handler
 .text.adc_init
                0x00083fb4       0x98 C:\Users\eitanme\AppData\Local\arduino15\packages\arduino\hardware\sam\1.6.11\variants\arduino_due_x/libsam_sam3x8e_gcc_rel.a(adc.o)
                0x00083fb4                adc_init
 .text.adc_configure_trigger
                0x0008404c        0xe C:\Users\eitanme\AppData\Local\arduino15\packages\arduino\hardware\sam\1.6.11\variants\arduino_due_x/libsam_sam3x8e_gcc_rel.a(adc.o)
                0x0008404c                adc_configure_trigger
 .text.adc_configure_timing
                0x0008405a       0x1a C:\Users\eitanme\AppData\Local\arduino15\packages\arduino\hardware\sam\1.6.11\variants\arduino_due_x/libsam_sam3x8e_gcc_rel.a(adc.o)
                0x0008405a                adc_configure_timing
 .text.adc_start
                0x00084074        0x6 C:\Users\eitanme\AppData\Local\arduino15\packages\arduino\hardware\sam\1.6.11\variants\arduino_due_x/libsam_sam3x8e_gcc_rel.a(adc.o)
                0x00084074                adc_start
 .text.adc_enable_channel
                0x0008407a        0xa C:\Users\eitanme\AppData\Local\arduino15\packages\arduino\hardware\sam\1.6.11\variants\arduino_due_x/libsam_sam3x8e_gcc_rel.a(adc.o)
                0x0008407a                adc_enable_channel
 .text.adc_disable_channel
                0x00084084        0xa C:\Users\eitanme\AppData\Local\arduino15\packages\arduino\hardware\sam\1.6.11\variants\arduino_due_x/libsam_sam3x8e_gcc_rel.a(adc.o)
                0x00084084                adc_disable_channel
 .text.adc_disable_all_channel
                0x0008408e        0x8 C:\Users\eitanme\AppData\Local\arduino15\packages\arduino\hardware\sam\1.6.11\variants\arduino_due_x/libsam_sam3x8e_gcc_rel.a(adc.o)
                0x0008408e                adc_disable_all_channel
 .text.adc_get_channel_status
                0x00084096        0xa C:\Users\eitanme\AppData\Local\arduino15\packages\arduino\hardware\sam\1.6.11\variants\arduino_due_x/libsam_sam3x8e_gcc_rel.a(adc.o)
                0x00084096                adc_get_channel_status
 .text.adc_get_latest_value
                0x000840a0        0x4 C:\Users\eitanme\AppData\Local\arduino15\packages\arduino\hardware\sam\1.6.11\variants\arduino_due_x/libsam_sam3x8e_gcc_rel.a(adc.o)
                0x000840a0                adc_get_latest_value
 .text.adc_disable_interrupt
                0x000840a4        0x4 C:\Users\eitanme\AppData\Local\arduino15\packages\arduino\hardware\sam\1.6.11\variants\arduino_due_x/libsam_sam3x8e_gcc_rel.a(adc.o)
                0x000840a4                adc_disable_interrupt
 .text.adc_get_status
                0x000840a8        0x4 C:\Users\eitanme\AppData\Local\arduino15\packages\arduino\hardware\sam\1.6.11\variants\arduino_due_x/libsam_sam3x8e_gcc_rel.a(adc.o)
                0x000840a8                adc_get_status
 .text.UOTGHS_Handler
                0x000840ac       0x10 C:\Users\eitanme\AppData\Local\arduino15\packages\arduino\hardware\sam\1.6.11\variants\arduino_due_x/libsam_sam3x8e_gcc_rel.a(uotghs.o)
                0x000840ac                UOTGHS_Handler
 .text.__halt   0x000840bc        0x2 C:\Users\eitanme\AppData\Local\Temp\VMBuilds\EitajeAT\arduino_due_x\Debug/core.a(cortex_handlers.c.o)
                0x000840bc                DACC_Handler
                0x000840bc                DebugMon_Handler
                0x000840bc                DMAC_Handler
                0x000840bc                TRNG_Handler
                0x000840bc                HardFault_Handler
                0x000840bc                NMI_Handler
                0x000840bc                TC7_Handler
                0x000840bc                ADC_Handler
                0x000840bc                SMC_Handler
                0x000840bc                RTT_Handler
                0x000840bc                EFC1_Handler
                0x000840bc                RTC_Handler
                0x000840bc                UsageFault_Handler
                0x000840bc                TC6_Handler
                0x000840bc                WDT_Handler
                0x000840bc                CAN0_Handler
                0x000840bc                TC1_Handler
                0x000840bc                HSMCI_Handler
                0x000840bc                SSC_Handler
                0x000840bc                EFC0_Handler
                0x000840bc                PMC_Handler
                0x000840bc                PWM_Handler
                0x000840bc                CAN1_Handler
                0x000840bc                MemManage_Handler
                0x000840bc                SUPC_Handler
                0x000840bc                TC8_Handler
                0x000840bc                USART2_Handler
                0x000840bc                EMAC_Handler
                0x000840bc                BusFault_Handler
                0x000840bc                RSTC_Handler
                0x000840bc                SPI0_Handler
 .text.SVC_Handler
                0x000840be        0x4 C:\Users\eitanme\AppData\Local\Temp\VMBuilds\EitajeAT\arduino_due_x\Debug/core.a(cortex_handlers.c.o)
                0x000840be                SVC_Handler
 .text.PendSV_Handler
                0x000840c2        0x4 C:\Users\eitanme\AppData\Local\Temp\VMBuilds\EitajeAT\arduino_due_x\Debug/core.a(cortex_handlers.c.o)
                0x000840c2                PendSV_Handler
 .text.SysTick_Handler
                0x000840c6       0x16 C:\Users\eitanme\AppData\Local\Temp\VMBuilds\EitajeAT\arduino_due_x\Debug/core.a(cortex_handlers.c.o)
                0x000840c6                SysTick_Handler
 .text.__empty  0x000840dc        0x2 C:\Users\eitanme\AppData\Local\Temp\VMBuilds\EitajeAT\arduino_due_x\Debug/core.a(hooks.c.o)
                0x000840dc                yield
 .text.__false  0x000840de        0x4 C:\Users\eitanme\AppData\Local\Temp\VMBuilds\EitajeAT\arduino_due_x\Debug/core.a(hooks.c.o)
                0x000840de                sysTickHook
 .text.__halt   0x000840e2        0x2 C:\Users\eitanme\AppData\Local\Temp\VMBuilds\EitajeAT\arduino_due_x\Debug/core.a(hooks.c.o)
                0x000840e2                svcHook
                0x000840e2                pendSVHook
 .text._sbrk    0x000840e4       0x1c C:\Users\eitanme\AppData\Local\Temp\VMBuilds\EitajeAT\arduino_due_x\Debug/core.a(syscalls_sam3.c.o)
                0x000840e4                _sbrk
 .text.link     0x00084100        0x6 C:\Users\eitanme\AppData\Local\Temp\VMBuilds\EitajeAT\arduino_due_x\Debug/core.a(syscalls_sam3.c.o)
                0x00084100                link
 .text._close   0x00084106        0x6 C:\Users\eitanme\AppData\Local\Temp\VMBuilds\EitajeAT\arduino_due_x\Debug/core.a(syscalls_sam3.c.o)
                0x00084106                _close
 .text._fstat   0x0008410c        0xa C:\Users\eitanme\AppData\Local\Temp\VMBuilds\EitajeAT\arduino_due_x\Debug/core.a(syscalls_sam3.c.o)
                0x0008410c                _fstat
 .text._isatty  0x00084116        0x4 C:\Users\eitanme\AppData\Local\Temp\VMBuilds\EitajeAT\arduino_due_x\Debug/core.a(syscalls_sam3.c.o)
                0x00084116                _isatty
 .text._lseek   0x0008411a        0x4 C:\Users\eitanme\AppData\Local\Temp\VMBuilds\EitajeAT\arduino_due_x\Debug/core.a(syscalls_sam3.c.o)
                0x0008411a                _lseek
 .text._read    0x0008411e        0x4 C:\Users\eitanme\AppData\Local\Temp\VMBuilds\EitajeAT\arduino_due_x\Debug/core.a(syscalls_sam3.c.o)
                0x0008411e                _read
 *fill*         0x00084122        0x2 
 .text._write   0x00084124       0x24 C:\Users\eitanme\AppData\Local\Temp\VMBuilds\EitajeAT\arduino_due_x\Debug/core.a(syscalls_sam3.c.o)
                0x00084124                _write
 .text._exit    0x00084148       0x10 C:\Users\eitanme\AppData\Local\Temp\VMBuilds\EitajeAT\arduino_due_x\Debug/core.a(syscalls_sam3.c.o)
                0x00084148                _exit
 .text._kill    0x00084158        0x2 C:\Users\eitanme\AppData\Local\Temp\VMBuilds\EitajeAT\arduino_due_x\Debug/core.a(syscalls_sam3.c.o)
                0x00084158                _kill
 .text._getpid  0x0008415a        0x6 C:\Users\eitanme\AppData\Local\Temp\VMBuilds\EitajeAT\arduino_due_x\Debug/core.a(syscalls_sam3.c.o)
                0x0008415a                _getpid
 .text.attachInterrupt
                0x00084160      0x148 C:\Users\eitanme\AppData\Local\Temp\VMBuilds\EitajeAT\arduino_due_x\Debug/core.a(WInterrupts.c.o)
                0x00084160                attachInterrupt
 .text.PIOA_Handler
                0x000842a8       0x38 C:\Users\eitanme\AppData\Local\Temp\VMBuilds\EitajeAT\arduino_due_x\Debug/core.a(WInterrupts.c.o)
                0x000842a8                PIOA_Handler
 .text.PIOB_Handler
                0x000842e0       0x38 C:\Users\eitanme\AppData\Local\Temp\VMBuilds\EitajeAT\arduino_due_x\Debug/core.a(WInterrupts.c.o)
                0x000842e0                PIOB_Handler
 .text.PIOC_Handler
                0x00084318       0x38 C:\Users\eitanme\AppData\Local\Temp\VMBuilds\EitajeAT\arduino_due_x\Debug/core.a(WInterrupts.c.o)
                0x00084318                PIOC_Handler
 .text.PIOD_Handler
                0x00084350       0x38 C:\Users\eitanme\AppData\Local\Temp\VMBuilds\EitajeAT\arduino_due_x\Debug/core.a(WInterrupts.c.o)
                0x00084350                PIOD_Handler
 .text.millis   0x00084388        0x4 C:\Users\eitanme\AppData\Local\Temp\VMBuilds\EitajeAT\arduino_due_x\Debug/core.a(wiring.c.o)
                0x00084388                millis
 .text.micros   0x0008438c       0x74 C:\Users\eitanme\AppData\Local\Temp\VMBuilds\EitajeAT\arduino_due_x\Debug/core.a(wiring.c.o)
                0x0008438c                micros
 .text.delay    0x00084400       0x1c C:\Users\eitanme\AppData\Local\Temp\VMBuilds\EitajeAT\arduino_due_x\Debug/core.a(wiring.c.o)
                0x00084400                delay
 .text.mapResolution
                0x0008441c       0x12 C:\Users\eitanme\AppData\Local\Temp\VMBuilds\EitajeAT\arduino_due_x\Debug/core.a(wiring_analog.c.o)
 *fill*         0x0008442e        0x2 
 .text.analogReadResolution
                0x00084430        0xc C:\Users\eitanme\AppData\Local\Temp\VMBuilds\EitajeAT\arduino_due_x\Debug/core.a(wiring_analog.c.o)
                0x00084430                analogReadResolution
 .text.analogRead
                0x0008443c       0x9c C:\Users\eitanme\AppData\Local\Temp\VMBuilds\EitajeAT\arduino_due_x\Debug/core.a(wiring_analog.c.o)
                0x0008443c                analogRead
 .text.analogOutputInit
                0x000844d8        0x2 C:\Users\eitanme\AppData\Local\Temp\VMBuilds\EitajeAT\arduino_due_x\Debug/core.a(wiring_analog.c.o)
                0x000844d8                analogOutputInit
 *fill*         0x000844da        0x2 
 .text.pinMode  0x000844dc      0x108 C:\Users\eitanme\AppData\Local\Temp\VMBuilds\EitajeAT\arduino_due_x\Debug/core.a(wiring_digital.c.o)
                0x000844dc                pinMode
 .text.digitalWrite
                0x000845e4       0x70 C:\Users\eitanme\AppData\Local\Temp\VMBuilds\EitajeAT\arduino_due_x\Debug/core.a(wiring_digital.c.o)
                0x000845e4                digitalWrite
 .text.digitalRead
                0x00084654       0x44 C:\Users\eitanme\AppData\Local\Temp\VMBuilds\EitajeAT\arduino_due_x\Debug/core.a(wiring_digital.c.o)
                0x00084654                digitalRead
 .text.initVariant
                0x00084698        0x2 C:\Users\eitanme\AppData\Local\Temp\VMBuilds\EitajeAT\arduino_due_x\Debug/core.a(main.cpp.o)
                0x00084698                initVariant
 *fill*         0x0008469a        0x2 
 .text.startup.main
                0x0008469c       0x38 C:\Users\eitanme\AppData\Local\Temp\VMBuilds\EitajeAT\arduino_due_x\Debug/core.a(main.cpp.o)
                0x0008469c                main
 .text._ZN5Print5writeEPKhj
                0x000846d4       0x22 C:\Users\eitanme\AppData\Local\Temp\VMBuilds\EitajeAT\arduino_due_x\Debug/core.a(Print.cpp.o)
                0x000846d4                Print::write(unsigned char const*, unsigned int)
 .text._ZN5Print5printEmi.part.3
                0x000846f6        0xc C:\Users\eitanme\AppData\Local\Temp\VMBuilds\EitajeAT\arduino_due_x\Debug/core.a(Print.cpp.o)
 .text._ZN5Print5writeEPKc
                0x00084702       0x1e C:\Users\eitanme\AppData\Local\Temp\VMBuilds\EitajeAT\arduino_due_x\Debug/core.a(Print.cpp.o)
                0x00084702                Print::write(char const*)
 .text._ZN5Print5printERK6String
                0x00084720       0x10 C:\Users\eitanme\AppData\Local\Temp\VMBuilds\EitajeAT\arduino_due_x\Debug/core.a(Print.cpp.o)
                0x00084720                Print::print(String const&)
 .text._ZN5Print5printEPKc
                0x00084730        0x8 C:\Users\eitanme\AppData\Local\Temp\VMBuilds\EitajeAT\arduino_due_x\Debug/core.a(Print.cpp.o)
                0x00084730                Print::print(char const*)
 .text._ZN5Print5printEc
                0x00084738        0xa C:\Users\eitanme\AppData\Local\Temp\VMBuilds\EitajeAT\arduino_due_x\Debug/core.a(Print.cpp.o)
                0x00084738                Print::print(char)
 *fill*         0x00084742        0x2 
 .text._ZN5Print7printlnEv
                0x00084744       0x10 C:\Users\eitanme\AppData\Local\Temp\VMBuilds\EitajeAT\arduino_due_x\Debug/core.a(Print.cpp.o)
                0x00084744                Print::println()
 .text._ZN5Print7printlnERK6String
                0x00084754       0x14 C:\Users\eitanme\AppData\Local\Temp\VMBuilds\EitajeAT\arduino_due_x\Debug/core.a(Print.cpp.o)
                0x00084754                Print::println(String const&)
 .text._ZN5Print7printlnEPKc
                0x00084768       0x14 C:\Users\eitanme\AppData\Local\Temp\VMBuilds\EitajeAT\arduino_due_x\Debug/core.a(Print.cpp.o)
                0x00084768                Print::println(char const*)
 .text._ZN5Print11printNumberEmh
                0x0008477c       0x3e C:\Users\eitanme\AppData\Local\Temp\VMBuilds\EitajeAT\arduino_due_x\Debug/core.a(Print.cpp.o)
                0x0008477c                Print::printNumber(unsigned long, unsigned char)
 .text._ZN5Print5printEli
                0x000847ba       0x3c C:\Users\eitanme\AppData\Local\Temp\VMBuilds\EitajeAT\arduino_due_x\Debug/core.a(Print.cpp.o)
                0x000847ba                Print::print(long, int)
 .text._ZN5Print7printlnEii
                0x000847f6       0x14 C:\Users\eitanme\AppData\Local\Temp\VMBuilds\EitajeAT\arduino_due_x\Debug/core.a(Print.cpp.o)
                0x000847f6                Print::println(int, int)
 .text._ZN5Print5printEmi
                0x0008480a        0xc C:\Users\eitanme\AppData\Local\Temp\VMBuilds\EitajeAT\arduino_due_x\Debug/core.a(Print.cpp.o)
                0x0008480a                Print::print(unsigned long, int)
 .text._ZN5Print5printEhi
                0x00084816        0x4 C:\Users\eitanme\AppData\Local\Temp\VMBuilds\EitajeAT\arduino_due_x\Debug/core.a(Print.cpp.o)
                0x00084816                Print::print(unsigned char, int)
 *fill*         0x0008481a        0x2 
 .text.initiateReset
                0x0008481c        0xc C:\Users\eitanme\AppData\Local\Temp\VMBuilds\EitajeAT\arduino_due_x\Debug/core.a(Reset.cpp.o)
                0x0008481c                initiateReset
 .text.cancelReset
                0x00084828       0x10 C:\Users\eitanme\AppData\Local\Temp\VMBuilds\EitajeAT\arduino_due_x\Debug/core.a(Reset.cpp.o)
                0x00084828                cancelReset
 .text.tickReset
                0x00084838       0x20 C:\Users\eitanme\AppData\Local\Temp\VMBuilds\EitajeAT\arduino_due_x\Debug/core.a(Reset.cpp.o)
                0x00084838                tickReset
 .text._ZN10RingBufferC2Ev
                0x00084858       0x1a C:\Users\eitanme\AppData\Local\Temp\VMBuilds\EitajeAT\arduino_due_x\Debug/core.a(RingBuffer.cpp.o)
                0x00084858                RingBuffer::RingBuffer()
                0x00084858                RingBuffer::RingBuffer()
 .text._ZN10RingBuffer10store_charEh
                0x00084872       0x1e C:\Users\eitanme\AppData\Local\Temp\VMBuilds\EitajeAT\arduino_due_x\Debug/core.a(RingBuffer.cpp.o)
                0x00084872                RingBuffer::store_char(unsigned char)
 .text._ZN9UARTClasscvbEv
                0x00084890        0x4 C:\Users\eitanme\AppData\Local\Temp\VMBuilds\EitajeAT\arduino_due_x\Debug/core.a(UARTClass.cpp.o)
                0x00084890                UARTClass::operator bool()
 .text._ZN9UARTClass9availableEv
                0x00084894       0x12 C:\Users\eitanme\AppData\Local\Temp\VMBuilds\EitajeAT\arduino_due_x\Debug/core.a(UARTClass.cpp.o)
                0x00084894                UARTClass::available()
 .text._ZN9UARTClass4peekEv
                0x000848a6       0x1c C:\Users\eitanme\AppData\Local\Temp\VMBuilds\EitajeAT\arduino_due_x\Debug/core.a(UARTClass.cpp.o)
                0x000848a6                UARTClass::peek()
 .text._ZN9UARTClass4readEv
                0x000848c2       0x2a C:\Users\eitanme\AppData\Local\Temp\VMBuilds\EitajeAT\arduino_due_x\Debug/core.a(UARTClass.cpp.o)
                0x000848c2                UARTClass::read()
 .text._ZN9UARTClass5flushEv
                0x000848ec       0x18 C:\Users\eitanme\AppData\Local\Temp\VMBuilds\EitajeAT\arduino_due_x\Debug/core.a(UARTClass.cpp.o)
                0x000848ec                UARTClass::flush()
 .text._ZN9UARTClass5writeEh
                0x00084904       0x54 C:\Users\eitanme\AppData\Local\Temp\VMBuilds\EitajeAT\arduino_due_x\Debug/core.a(UARTClass.cpp.o)
                0x00084904                UARTClass::write(unsigned char)
 .text._ZN9UARTClass3endEv
                0x00084958       0x3c C:\Users\eitanme\AppData\Local\Temp\VMBuilds\EitajeAT\arduino_due_x\Debug/core.a(UARTClass.cpp.o)
                0x00084958                UARTClass::end()
 .text._ZN9UARTClassC2EP4Uart4IRQnmP10RingBufferS4_
                0x00084994       0x24 C:\Users\eitanme\AppData\Local\Temp\VMBuilds\EitajeAT\arduino_due_x\Debug/core.a(UARTClass.cpp.o)
                0x00084994                UARTClass::UARTClass(Uart*, IRQn, unsigned long, RingBuffer*, RingBuffer*)
                0x00084994                UARTClass::UARTClass(Uart*, IRQn, unsigned long, RingBuffer*, RingBuffer*)
 .text._ZN9UARTClass4initEmm
                0x000849b8       0x70 C:\Users\eitanme\AppData\Local\Temp\VMBuilds\EitajeAT\arduino_due_x\Debug/core.a(UARTClass.cpp.o)
                0x000849b8                UARTClass::init(unsigned long, unsigned long)
 .text._ZN9UARTClass5beginEm
                0x00084a28        0x8 C:\Users\eitanme\AppData\Local\Temp\VMBuilds\EitajeAT\arduino_due_x\Debug/core.a(UARTClass.cpp.o)
                0x00084a28                UARTClass::begin(unsigned long)
 .text._ZN9UARTClass10IrqHandlerEv
                0x00084a30       0x5a C:\Users\eitanme\AppData\Local\Temp\VMBuilds\EitajeAT\arduino_due_x\Debug/core.a(UARTClass.cpp.o)
                0x00084a30                UARTClass::IrqHandler()
 .text._ZN10USARTClass5beginEm
                0x00084a8a        0x8 C:\Users\eitanme\AppData\Local\Temp\VMBuilds\EitajeAT\arduino_due_x\Debug/core.a(USARTClass.cpp.o)
                0x00084a8a                USARTClass::begin(unsigned long)
 *fill*         0x00084a92        0x2 
 .text._ZN10USARTClassC2EP5Usart4IRQnmP10RingBufferS4_
                0x00084a94       0x24 C:\Users\eitanme\AppData\Local\Temp\VMBuilds\EitajeAT\arduino_due_x\Debug/core.a(USARTClass.cpp.o)
                0x00084a94                USARTClass::USARTClass(Usart*, IRQn, unsigned long, RingBuffer*, RingBuffer*)
                0x00084a94                USARTClass::USARTClass(Usart*, IRQn, unsigned long, RingBuffer*, RingBuffer*)
 .text._watchdogDefaultSetup
                0x00084ab8        0xc C:\Users\eitanme\AppData\Local\Temp\VMBuilds\EitajeAT\arduino_due_x\Debug/core.a(watchdog.cpp.o)
                0x00084ab8                _watchdogDefaultSetup
                0x00084ab8                watchdogSetup()
 .text._Z3maplllll
                0x00084ac4       0x14 C:\Users\eitanme\AppData\Local\Temp\VMBuilds\EitajeAT\arduino_due_x\Debug/core.a(WMath.cpp.o)
                0x00084ac4                map(long, long, long, long, long)
 .text._ZN6StringD2Ev
                0x00084ad8        0xe C:\Users\eitanme\AppData\Local\Temp\VMBuilds\EitajeAT\arduino_due_x\Debug/core.a(WString.cpp.o)
                0x00084ad8                String::~String()
                0x00084ad8                String::~String()
 .text._ZN6String10invalidateEv
                0x00084ae6       0x16 C:\Users\eitanme\AppData\Local\Temp\VMBuilds\EitajeAT\arduino_due_x\Debug/core.a(WString.cpp.o)
                0x00084ae6                String::invalidate()
 .text._ZN6String12changeBufferEj
                0x00084afc       0x18 C:\Users\eitanme\AppData\Local\Temp\VMBuilds\EitajeAT\arduino_due_x\Debug/core.a(WString.cpp.o)
                0x00084afc                String::changeBuffer(unsigned int)
 .text._ZN6String7reserveEj
                0x00084b14       0x22 C:\Users\eitanme\AppData\Local\Temp\VMBuilds\EitajeAT\arduino_due_x\Debug/core.a(WString.cpp.o)
                0x00084b14                String::reserve(unsigned int)
 .text._ZN6String4copyEPKcj
                0x00084b36       0x26 C:\Users\eitanme\AppData\Local\Temp\VMBuilds\EitajeAT\arduino_due_x\Debug/core.a(WString.cpp.o)
                0x00084b36                String::copy(char const*, unsigned int)
 .text._ZN6StringC2EPKc
                0x00084b5c       0x24 C:\Users\eitanme\AppData\Local\Temp\VMBuilds\EitajeAT\arduino_due_x\Debug/core.a(WString.cpp.o)
                0x00084b5c                String::String(char const*)
                0x00084b5c                String::String(char const*)
 .text._ZN6StringaSERKS_
                0x00084b80       0x1e C:\Users\eitanme\AppData\Local\Temp\VMBuilds\EitajeAT\arduino_due_x\Debug/core.a(WString.cpp.o)
                0x00084b80                String::operator=(String const&)
 .text._ZN6StringC2ERKS_
                0x00084b9e       0x14 C:\Users\eitanme\AppData\Local\Temp\VMBuilds\EitajeAT\arduino_due_x\Debug/core.a(WString.cpp.o)
                0x00084b9e                String::String(String const&)
                0x00084b9e                String::String(String const&)
 .text._ZN6StringaSEPKc
                0x00084bb2       0x22 C:\Users\eitanme\AppData\Local\Temp\VMBuilds\EitajeAT\arduino_due_x\Debug/core.a(WString.cpp.o)
                0x00084bb2                String::operator=(char const*)
 .text._ZN6StringC2Eih
                0x00084bd4       0x24 C:\Users\eitanme\AppData\Local\Temp\VMBuilds\EitajeAT\arduino_due_x\Debug/core.a(WString.cpp.o)
                0x00084bd4                String::String(int, unsigned char)
                0x00084bd4                String::String(int, unsigned char)
 .text._ZN6StringC2Efh
                0x00084bf8       0x32 C:\Users\eitanme\AppData\Local\Temp\VMBuilds\EitajeAT\arduino_due_x\Debug/core.a(WString.cpp.o)
                0x00084bf8                String::String(float, unsigned char)
                0x00084bf8                String::String(float, unsigned char)
 .text._ZN6String6concatEPKcj
                0x00084c2a       0x2e C:\Users\eitanme\AppData\Local\Temp\VMBuilds\EitajeAT\arduino_due_x\Debug/core.a(WString.cpp.o)
                0x00084c2a                String::concat(char const*, unsigned int)
 .text._ZN6String6concatERKS_
                0x00084c58        0xa C:\Users\eitanme\AppData\Local\Temp\VMBuilds\EitajeAT\arduino_due_x\Debug/core.a(WString.cpp.o)
                0x00084c58                String::concat(String const&)
 .text._ZN6String6concatEPKc
                0x00084c62       0x1e C:\Users\eitanme\AppData\Local\Temp\VMBuilds\EitajeAT\arduino_due_x\Debug/core.a(WString.cpp.o)
                0x00084c62                String::concat(char const*)
 .text._ZN6String6concatEc
                0x00084c80       0x1a C:\Users\eitanme\AppData\Local\Temp\VMBuilds\EitajeAT\arduino_due_x\Debug/core.a(WString.cpp.o)
                0x00084c80                String::concat(char)
 .text._ZplRK15StringSumHelperRK6String
                0x00084c9a       0x1a C:\Users\eitanme\AppData\Local\Temp\VMBuilds\EitajeAT\arduino_due_x\Debug/core.a(WString.cpp.o)
                0x00084c9a                operator+(StringSumHelper const&, String const&)
 .text._ZplRK15StringSumHelperPKc
                0x00084cb4       0x24 C:\Users\eitanme\AppData\Local\Temp\VMBuilds\EitajeAT\arduino_due_x\Debug/core.a(WString.cpp.o)
                0x00084cb4                operator+(StringSumHelper const&, char const*)
 .text._ZN7Serial_9availableEv
                0x00084cd8       0x18 C:\Users\eitanme\AppData\Local\Temp\VMBuilds\EitajeAT\arduino_due_x\Debug/core.a(CDC.cpp.o)
                0x00084cd8                Serial_::available()
 .text._ZN7Serial_17availableForWriteEv
                0x00084cf0        0x6 C:\Users\eitanme\AppData\Local\Temp\VMBuilds\EitajeAT\arduino_due_x\Debug/core.a(CDC.cpp.o)
                0x00084cf0                Serial_::availableForWrite()
 *fill*         0x00084cf6        0x2 
 .text._ZN7Serial_4peekEv
                0x00084cf8       0x20 C:\Users\eitanme\AppData\Local\Temp\VMBuilds\EitajeAT\arduino_due_x\Debug/core.a(CDC.cpp.o)
                0x00084cf8                Serial_::peek()
 .text._ZN7Serial_5writeEh
                0x00084d18       0x16 C:\Users\eitanme\AppData\Local\Temp\VMBuilds\EitajeAT\arduino_due_x\Debug/core.a(CDC.cpp.o)
                0x00084d18                Serial_::write(unsigned char)
 *fill*         0x00084d2e        0x2 
 .text._ZN7Serial_4readEv
                0x00084d30       0x44 C:\Users\eitanme\AppData\Local\Temp\VMBuilds\EitajeAT\arduino_due_x\Debug/core.a(CDC.cpp.o)
                0x00084d30                Serial_::read()
 .text._ZN7Serial_5flushEv
                0x00084d74        0x6 C:\Users\eitanme\AppData\Local\Temp\VMBuilds\EitajeAT\arduino_due_x\Debug/core.a(CDC.cpp.o)
                0x00084d74                Serial_::flush()
 *fill*         0x00084d7a        0x2 
 .text._ZN7Serial_6acceptEv
                0x00084d7c       0x70 C:\Users\eitanme\AppData\Local\Temp\VMBuilds\EitajeAT\arduino_due_x\Debug/core.a(CDC.cpp.o)
                0x00084d7c                Serial_::accept()
 .text._ZN7Serial_5writeEPKhj
                0x00084dec       0x2c C:\Users\eitanme\AppData\Local\Temp\VMBuilds\EitajeAT\arduino_due_x\Debug/core.a(CDC.cpp.o)
                0x00084dec                Serial_::write(unsigned char const*, unsigned int)
 .text._Z16CDC_GetInterfacePh
                0x00084e18       0x14 C:\Users\eitanme\AppData\Local\Temp\VMBuilds\EitajeAT\arduino_due_x\Debug/core.a(CDC.cpp.o)
                0x00084e18                CDC_GetInterface(unsigned char*)
 .text._Z21CDC_GetOtherInterfacePh
                0x00084e2c       0x14 C:\Users\eitanme\AppData\Local\Temp\VMBuilds\EitajeAT\arduino_due_x\Debug/core.a(CDC.cpp.o)
                0x00084e2c                CDC_GetOtherInterface(unsigned char*)
 .text._Z9CDC_SetupR8USBSetup
                0x00084e40       0x78 C:\Users\eitanme\AppData\Local\Temp\VMBuilds\EitajeAT\arduino_due_x\Debug/core.a(CDC.cpp.o)
                0x00084e40                CDC_Setup(USBSetup&)
 .text._ZN7Serial_5beginEm
                0x00084eb8        0x2 C:\Users\eitanme\AppData\Local\Temp\VMBuilds\EitajeAT\arduino_due_x\Debug/core.a(CDC.cpp.o)
                0x00084eb8                Serial_::begin(unsigned long)
 *fill*         0x00084eba        0x2 
 .text._ZN7Serial_cvbEv
                0x00084ebc       0x28 C:\Users\eitanme\AppData\Local\Temp\VMBuilds\EitajeAT\arduino_due_x\Debug/core.a(CDC.cpp.o)
                0x00084ebc                Serial_::operator bool()
 .text.startup._GLOBAL__sub_I_cdc_rx_buffer
                0x00084ee4       0x1c C:\Users\eitanme\AppData\Local\Temp\VMBuilds\EitajeAT\arduino_due_x\Debug/core.a(CDC.cpp.o)
 .text.unlikely._ZL11USB_SendZlpv
                0x00084f00       0x20 C:\Users\eitanme\AppData\Local\Temp\VMBuilds\EitajeAT\arduino_due_x\Debug/core.a(USBCore.cpp.o)
 .text._Z14USBD_Availablem
                0x00084f20       0x2c C:\Users\eitanme\AppData\Local\Temp\VMBuilds\EitajeAT\arduino_due_x\Debug/core.a(USBCore.cpp.o)
                0x00084f20                USBD_Available(unsigned long)
 .text._Z9USBD_RecvmPvm
                0x00084f4c       0x7c C:\Users\eitanme\AppData\Local\Temp\VMBuilds\EitajeAT\arduino_due_x\Debug/core.a(USBCore.cpp.o)
                0x00084f4c                USBD_Recv(unsigned long, void*, unsigned long)
 .text._Z9USBD_Recvm
                0x00084fc8       0x22 C:\Users\eitanme\AppData\Local\Temp\VMBuilds\EitajeAT\arduino_due_x\Debug/core.a(USBCore.cpp.o)
                0x00084fc8                USBD_Recv(unsigned long)
 *fill*         0x00084fea        0x2 
 .text._Z9USBD_SendmPKvm
                0x00084fec       0x4c C:\Users\eitanme\AppData\Local\Temp\VMBuilds\EitajeAT\arduino_due_x\Debug/core.a(USBCore.cpp.o)
                0x00084fec                USBD_Send(unsigned long, void const*, unsigned long)
 .text._Z16USBD_SendControlhPKvm
                0x00085038       0x40 C:\Users\eitanme\AppData\Local\Temp\VMBuilds\EitajeAT\arduino_due_x\Debug/core.a(USBCore.cpp.o)
                0x00085038                USBD_SendControl(unsigned char, void const*, unsigned long)
 .text.unlikely._ZL24USB_SendStringDescriptorPKhi
                0x00085078       0x64 C:\Users\eitanme\AppData\Local\Temp\VMBuilds\EitajeAT\arduino_due_x\Debug/core.a(USBCore.cpp.o)
 .text._Z16USBD_RecvControlPvm
                0x000850dc       0x1c C:\Users\eitanme\AppData\Local\Temp\VMBuilds\EitajeAT\arduino_due_x\Debug/core.a(USBCore.cpp.o)
                0x000850dc                USBD_RecvControl(void*, unsigned long)
 .text._Z26USBD_ClassInterfaceRequestR8USBSetup
                0x000850f8       0x1e C:\Users\eitanme\AppData\Local\Temp\VMBuilds\EitajeAT\arduino_due_x\Debug/core.a(USBCore.cpp.o)
                0x000850f8                USBD_ClassInterfaceRequest(USBSetup&)
 .text._Z19USBD_SendInterfacesv
                0x00085116       0x22 C:\Users\eitanme\AppData\Local\Temp\VMBuilds\EitajeAT\arduino_due_x\Debug/core.a(USBCore.cpp.o)
                0x00085116                USBD_SendInterfaces()
 .text._Z24USBD_SendOtherInterfacesv
                0x00085138       0x22 C:\Users\eitanme\AppData\Local\Temp\VMBuilds\EitajeAT\arduino_due_x\Debug/core.a(USBCore.cpp.o)
                0x00085138                USBD_SendOtherInterfaces()
 .text._Z10USBD_Flushm
                0x0008515a       0x16 C:\Users\eitanme\AppData\Local\Temp\VMBuilds\EitajeAT\arduino_due_x\Debug/core.a(USBCore.cpp.o)
                0x0008515a                USBD_Flush(unsigned long)
 .text._ZN10USBDevice_C2Ev
                0x00085170       0x24 C:\Users\eitanme\AppData\Local\Temp\VMBuilds\EitajeAT\arduino_due_x\Debug/core.a(USBCore.cpp.o)
                0x00085170                USBDevice_::USBDevice_()
                0x00085170                USBDevice_::USBDevice_()
 .text._ZN10USBDevice_6attachEv
                0x00085194       0x20 C:\Users\eitanme\AppData\Local\Temp\VMBuilds\EitajeAT\arduino_due_x\Debug/core.a(USBCore.cpp.o)
                0x00085194                USBDevice_::attach()
 .text.startup._GLOBAL__sub_I_EndPoints
                0x000851b4        0xc C:\Users\eitanme\AppData\Local\Temp\VMBuilds\EitajeAT\arduino_due_x\Debug/core.a(USBCore.cpp.o)
 .text._ZL7USB_ISRv
                0x000851c0      0x454 C:\Users\eitanme\AppData\Local\Temp\VMBuilds\EitajeAT\arduino_due_x\Debug/core.a(USBCore.cpp.o)
 .text.ltoa     0x00085614       0x6e C:\Users\eitanme\AppData\Local\Temp\VMBuilds\EitajeAT\arduino_due_x\Debug/core.a(itoa.c.o)
                0x00085614                ltoa
 .text.itoa     0x00085682        0x4 C:\Users\eitanme\AppData\Local\Temp\VMBuilds\EitajeAT\arduino_due_x\Debug/core.a(itoa.c.o)
                0x00085682                itoa
 *fill*         0x00085686        0x2 
 .text.dtostrf  0x00085688       0x28 C:\Users\eitanme\AppData\Local\Temp\VMBuilds\EitajeAT\arduino_due_x\Debug/core.a(dtostrf.c.o)
                0x00085688                dtostrf
 .text._ZN13PluggableUSB_12getInterfaceEPh
                0x000856b0       0x28 C:\Users\eitanme\AppData\Local\Temp\VMBuilds\EitajeAT\arduino_due_x\Debug/core.a(PluggableUSB.cpp.o)
                0x000856b0                PluggableUSB_::getInterface(unsigned char*)
 .text._ZN13PluggableUSB_13getDescriptorER8USBSetup
                0x000856d8       0x1c C:\Users\eitanme\AppData\Local\Temp\VMBuilds\EitajeAT\arduino_due_x\Debug/core.a(PluggableUSB.cpp.o)
                0x000856d8                PluggableUSB_::getDescriptor(USBSetup&)
 .text._ZN13PluggableUSB_12getShortNameEPc
                0x000856f4       0x1c C:\Users\eitanme\AppData\Local\Temp\VMBuilds\EitajeAT\arduino_due_x\Debug/core.a(PluggableUSB.cpp.o)
                0x000856f4                PluggableUSB_::getShortName(char*)
 .text._ZN13PluggableUSB_5setupER8USBSetup
                0x00085710       0x20 C:\Users\eitanme\AppData\Local\Temp\VMBuilds\EitajeAT\arduino_due_x\Debug/core.a(PluggableUSB.cpp.o)
                0x00085710                PluggableUSB_::setup(USBSetup&)
 .text._Z12PluggableUSBv
                0x00085730       0x28 C:\Users\eitanme\AppData\Local\Temp\VMBuilds\EitajeAT\arduino_due_x\Debug/core.a(PluggableUSB.cpp.o)
                0x00085730                PluggableUSB()
 .text.TimeTick_Increment
                0x00085758       0x10 C:\Users\eitanme\AppData\Local\arduino15\packages\arduino\hardware\sam\1.6.11\variants\arduino_due_x/libsam_sam3x8e_gcc_rel.a(timetick.o)
                0x00085758                TimeTick_Increment
 .text.GetTickCount
                0x00085768        0xc C:\Users\eitanme\AppData\Local\arduino15\packages\arduino\hardware\sam\1.6.11\variants\arduino_due_x/libsam_sam3x8e_gcc_rel.a(timetick.o)
                0x00085768                GetTickCount
 .text.WDT_Disable
                0x00085774        0x8 C:\Users\eitanme\AppData\Local\arduino15\packages\arduino\hardware\sam\1.6.11\variants\arduino_due_x/libsam_sam3x8e_gcc_rel.a(wdt.o)
                0x00085774                WDT_Disable
 .text.UDD_SetStack
                0x0008577c        0xc C:\Users\eitanme\AppData\Local\arduino15\packages\arduino\hardware\sam\1.6.11\variants\arduino_due_x/libsam_sam3x8e_gcc_rel.a(uotghs_device.o)
                0x0008577c                UDD_SetStack
 .text.UDD_Init
                0x00085788       0xd0 C:\Users\eitanme\AppData\Local\arduino15\packages\arduino\hardware\sam\1.6.11\variants\arduino_due_x/libsam_sam3x8e_gcc_rel.a(uotghs_device.o)
                0x00085788                UDD_Init
 .text.UDD_Attach
                0x00085858       0x50 C:\Users\eitanme\AppData\Local\arduino15\packages\arduino\hardware\sam\1.6.11\variants\arduino_due_x/libsam_sam3x8e_gcc_rel.a(uotghs_device.o)
                0x00085858                UDD_Attach
 .text.UDD_InitEP
                0x000858a8       0x2c C:\Users\eitanme\AppData\Local\arduino15\packages\arduino\hardware\sam\1.6.11\variants\arduino_due_x/libsam_sam3x8e_gcc_rel.a(uotghs_device.o)
                0x000858a8                UDD_InitEP
 .text.UDD_InitEndpoints
                0x000858d4       0x3c C:\Users\eitanme\AppData\Local\arduino15\packages\arduino\hardware\sam\1.6.11\variants\arduino_due_x/libsam_sam3x8e_gcc_rel.a(uotghs_device.o)
                0x000858d4                UDD_InitEndpoints
 .text.UDD_WaitIN
                0x00085910       0x10 C:\Users\eitanme\AppData\Local\arduino15\packages\arduino\hardware\sam\1.6.11\variants\arduino_due_x/libsam_sam3x8e_gcc_rel.a(uotghs_device.o)
                0x00085910                UDD_WaitIN
 .text.UDD_WaitOUT
                0x00085920       0x10 C:\Users\eitanme\AppData\Local\arduino15\packages\arduino\hardware\sam\1.6.11\variants\arduino_due_x/libsam_sam3x8e_gcc_rel.a(uotghs_device.o)
                0x00085920                UDD_WaitOUT
 .text.UDD_ClearIN
                0x00085930       0x18 C:\Users\eitanme\AppData\Local\arduino15\packages\arduino\hardware\sam\1.6.11\variants\arduino_due_x/libsam_sam3x8e_gcc_rel.a(uotghs_device.o)
                0x00085930                UDD_ClearIN
 .text.UDD_ClearOUT
                0x00085948       0x18 C:\Users\eitanme\AppData\Local\arduino15\packages\arduino\hardware\sam\1.6.11\variants\arduino_due_x/libsam_sam3x8e_gcc_rel.a(uotghs_device.o)
                0x00085948                UDD_ClearOUT
 .text.UDD_ReceivedSetupInt
                0x00085960       0x10 C:\Users\eitanme\AppData\Local\arduino15\packages\arduino\hardware\sam\1.6.11\variants\arduino_due_x/libsam_sam3x8e_gcc_rel.a(uotghs_device.o)
                0x00085960                UDD_ReceivedSetupInt
 .text.UDD_ClearSetupInt
                0x00085970       0x10 C:\Users\eitanme\AppData\Local\arduino15\packages\arduino\hardware\sam\1.6.11\variants\arduino_due_x/libsam_sam3x8e_gcc_rel.a(uotghs_device.o)
                0x00085970                UDD_ClearSetupInt
 .text.UDD_Send
                0x00085980       0x88 C:\Users\eitanme\AppData\Local\arduino15\packages\arduino\hardware\sam\1.6.11\variants\arduino_due_x/libsam_sam3x8e_gcc_rel.a(uotghs_device.o)
                0x00085980                UDD_Send
 .text.UDD_Send8
                0x00085a08       0x24 C:\Users\eitanme\AppData\Local\arduino15\packages\arduino\hardware\sam\1.6.11\variants\arduino_due_x/libsam_sam3x8e_gcc_rel.a(uotghs_device.o)
                0x00085a08                UDD_Send8
 .text.UDD_Recv8
                0x00085a2c       0x28 C:\Users\eitanme\AppData\Local\arduino15\packages\arduino\hardware\sam\1.6.11\variants\arduino_due_x/libsam_sam3x8e_gcc_rel.a(uotghs_device.o)
                0x00085a2c                UDD_Recv8
 .text.UDD_Recv
                0x00085a54       0x34 C:\Users\eitanme\AppData\Local\arduino15\packages\arduino\hardware\sam\1.6.11\variants\arduino_due_x/libsam_sam3x8e_gcc_rel.a(uotghs_device.o)
                0x00085a54                UDD_Recv
 .text.UDD_Stall
                0x00085a88       0x14 C:\Users\eitanme\AppData\Local\arduino15\packages\arduino\hardware\sam\1.6.11\variants\arduino_due_x/libsam_sam3x8e_gcc_rel.a(uotghs_device.o)
                0x00085a88                UDD_Stall
 .text.UDD_FifoByteCount
                0x00085a9c       0x14 C:\Users\eitanme\AppData\Local\arduino15\packages\arduino\hardware\sam\1.6.11\variants\arduino_due_x/libsam_sam3x8e_gcc_rel.a(uotghs_device.o)
                0x00085a9c                UDD_FifoByteCount
 .text.UDD_ReleaseRX
                0x00085ab0       0x28 C:\Users\eitanme\AppData\Local\arduino15\packages\arduino\hardware\sam\1.6.11\variants\arduino_due_x/libsam_sam3x8e_gcc_rel.a(uotghs_device.o)
                0x00085ab0                UDD_ReleaseRX
 .text.UDD_ReleaseTX
                0x00085ad8       0x28 C:\Users\eitanme\AppData\Local\arduino15\packages\arduino\hardware\sam\1.6.11\variants\arduino_due_x/libsam_sam3x8e_gcc_rel.a(uotghs_device.o)
                0x00085ad8                UDD_ReleaseTX
 .text.UDD_SetAddress
                0x00085b00       0x20 C:\Users\eitanme\AppData\Local\arduino15\packages\arduino\hardware\sam\1.6.11\variants\arduino_due_x/libsam_sam3x8e_gcc_rel.a(uotghs_device.o)
                0x00085b00                UDD_SetAddress
 .text.cos      0x00085b20       0x8c c:/users/eitanme/appdata/local/arduino15/packages/arduino/tools/arm-none-eabi-gcc/4.8.3-2014q1/bin/../lib/gcc/arm-none-eabi/4.8.3/../../../../arm-none-eabi/lib/armv7-m\libm.a(lib_a-s_cos.o)
                0x00085b20                cos
 .text.__fpclassifyd
                0x00085bac       0x50 c:/users/eitanme/appdata/local/arduino15/packages/arduino/tools/arm-none-eabi-gcc/4.8.3-2014q1/bin/../lib/gcc/arm-none-eabi/4.8.3/../../../../arm-none-eabi/lib/armv7-m\libm.a(lib_a-s_fpclassify.o)
                0x00085bac                __fpclassifyd
 .text.sin      0x00085bfc       0x94 c:/users/eitanme/appdata/local/arduino15/packages/arduino/tools/arm-none-eabi-gcc/4.8.3-2014q1/bin/../lib/gcc/arm-none-eabi/4.8.3/../../../../arm-none-eabi/lib/armv7-m\libm.a(lib_a-s_sin.o)
                0x00085bfc                sin
 .text.atan2    0x00085c90        0x4 c:/users/eitanme/appdata/local/arduino15/packages/arduino/tools/arm-none-eabi-gcc/4.8.3-2014q1/bin/../lib/gcc/arm-none-eabi/4.8.3/../../../../arm-none-eabi/lib/armv7-m\libm.a(lib_a-w_atan2.o)
                0x00085c90                atan2
 .text.pow      0x00085c94      0x2f8 c:/users/eitanme/appdata/local/arduino15/packages/arduino/tools/arm-none-eabi-gcc/4.8.3-2014q1/bin/../lib/gcc/arm-none-eabi/4.8.3/../../../../arm-none-eabi/lib/armv7-m\libm.a(lib_a-w_pow.o)
                0x00085c94                pow
 .text.sqrt     0x00085f8c       0xac c:/users/eitanme/appdata/local/arduino15/packages/arduino/tools/arm-none-eabi-gcc/4.8.3-2014q1/bin/../lib/gcc/arm-none-eabi/4.8.3/../../../../arm-none-eabi/lib/armv7-m\libm.a(lib_a-w_sqrt.o)
                0x00085f8c                sqrt
 .text.__ieee754_atan2
                0x00086038      0x1f0 c:/users/eitanme/appdata/local/arduino15/packages/arduino/tools/arm-none-eabi-gcc/4.8.3-2014q1/bin/../lib/gcc/arm-none-eabi/4.8.3/../../../../arm-none-eabi/lib/armv7-m\libm.a(lib_a-e_atan2.o)
                0x00086038                __ieee754_atan2
 .text.__ieee754_pow
                0x00086228      0xab8 c:/users/eitanme/appdata/local/arduino15/packages/arduino/tools/arm-none-eabi-gcc/4.8.3-2014q1/bin/../lib/gcc/arm-none-eabi/4.8.3/../../../../arm-none-eabi/lib/armv7-m\libm.a(lib_a-e_pow.o)
                0x00086228                __ieee754_pow
 .text.__ieee754_rem_pio2